Component: ARM Compiler 6.10.1 Tool: armlink [5d142800]

==============================================================================

Section Cross References

    main.o(.text._Z8LED_Initv) refers to stm32f10x_rcc.o(.text.RCC_APB2PeriphClockCmd) for RCC_APB2PeriphClockCmd
    main.o(.text._Z8LED_Initv) refers to stm32f10x_gpio.o(.text.GPIO_Init) for GPIO_Init
    main.o(.text._Z8LED_Initv) refers to stm32f10x_gpio.o(.text.GPIO_ResetBits) for GPIO_ResetBits
    main.o(.ARM.exidx.text._Z8LED_Initv) refers to Unwind-EHABI.cpp.o(.text.__aeabi_unwind_cpp_pr0) for __aeabi_unwind_cpp_pr0
    main.o(.ARM.exidx.text._Z8LED_Initv) refers to main.o(.text._Z8LED_Initv) for [Anonymous Symbol]
    main.o(.text.main) refers to system_stm32f10x.o(.text.SystemInit) for SystemInit
    main.o(.text.main) refers to delay.o(.text.delay_init) for delay_init
    main.o(.text.main) refers to main.o(.bss.RCC_CLK) for RCC_CLK
    main.o(.text.main) refers to stm32f10x_rcc.o(.text.RCC_GetClocksFreq) for RCC_GetClocksFreq
    main.o(.text.main) refers to drv_main.o(.text.init_drv_Main) for init_drv_Main
    main.o(.text.main) refers to drv_timer4.o(.text._Z11Timer4_initii) for Timer4_init(int, int)
    main.o(.text.main) refers to gui.o(.text._Z8LCD_Fillttttt) for LCD_Fill(unsigned short, unsigned short, unsigned short, unsigned short, unsigned short)
    main.o(.text.main) refers to drv_adc.o(.text._Z12init_drv_ADCv) for init_drv_ADC()
    main.o(.text.main) refers to drv_key.o(.text._Z10EXTIX_Initv) for EXTIX_Init()
    main.o(.text.main) refers to drv_mpu6050.o(.text.MPU_Init) for MPU_Init
    main.o(.text.main) refers to inv_mpu.o(.text.mpu_dmp_init) for mpu_dmp_init
    main.o(.text.main) refers to usart.o(.text.uart_init) for uart_init
    main.o(.text.main) refers to drv_uart2.o(.text._Z14init_drv_Uart2j) for init_drv_Uart2(unsigned)
    main.o(.text.main) refers to usart.o(.bss.USART_RX_STA) for USART_RX_STA
    main.o(.text.main) refers to drv_timer4.o(.bss.offset_flag) for offset_flag
    main.o(.text.main) refers to main.o(.bss.len) for len
    main.o(.text.main) refers to main.o(.bss.t) for t
    main.o(.text.main) refers to usart.o(.bss.USART_RX_BUF) for USART_RX_BUF
    main.o(.text.main) refers to gui.o(.text._Z12LCD_ShowMAINv) for LCD_ShowMAIN()
    main.o(.text.main) refers to puts.o(.text) for puts
    main.o(.text.main) refers to stm32f10x_usart.o(.text.USART_SendData) for USART_SendData
    main.o(.text.main) refers to stm32f10x_usart.o(.text.USART_GetFlagStatus) for USART_GetFlagStatus
    main.o(.text.main) refers to main.o(.data.OFF) for OFF
    main.o(.text.main) refers to gui.o(.text._Z14LCD_ShowStringttPKhtthh) for LCD_ShowString(unsigned short, unsigned short, const unsigned char*, unsigned short, unsigned short, unsigned char, unsigned char)
    main.o(.text.main) refers to drv_timer4.o(.bss.time_cnt) for time_cnt
    main.o(.ARM.exidx.text.main) refers to Unwind-EHABI.cpp.o(.text.__aeabi_unwind_cpp_pr0) for __aeabi_unwind_cpp_pr0
    main.o(.ARM.exidx.text.main) refers to main.o(.text.main) for [Anonymous Symbol]
    stm32f10x_it.o(.ARM.exidx.text.NMI_Handler) refers to stm32f10x_it.o(.text.NMI_Handler) for [Anonymous Symbol]
    stm32f10x_it.o(.ARM.exidx.text.HardFault_Handler) refers to stm32f10x_it.o(.text.HardFault_Handler) for [Anonymous Symbol]
    stm32f10x_it.o(.ARM.exidx.text.MemManage_Handler) refers to stm32f10x_it.o(.text.MemManage_Handler) for [Anonymous Symbol]
    stm32f10x_it.o(.ARM.exidx.text.BusFault_Handler) refers to stm32f10x_it.o(.text.BusFault_Handler) for [Anonymous Symbol]
    stm32f10x_it.o(.ARM.exidx.text.UsageFault_Handler) refers to stm32f10x_it.o(.text.UsageFault_Handler) for [Anonymous Symbol]
    stm32f10x_it.o(.ARM.exidx.text.DebugMon_Handler) refers to stm32f10x_it.o(.text.DebugMon_Handler) for [Anonymous Symbol]
    system_stm32f10x.o(.ARM.exidx.text.SystemInit) refers to system_stm32f10x.o(.text.SystemInit) for [Anonymous Symbol]
    system_stm32f10x.o(.text.SystemCoreClockUpdate) refers to system_stm32f10x.o(.data.SystemCoreClock) for SystemCoreClock
    system_stm32f10x.o(.text.SystemCoreClockUpdate) refers to system_stm32f10x.o(.rodata.AHBPrescTable) for AHBPrescTable
    system_stm32f10x.o(.ARM.exidx.text.SystemCoreClockUpdate) refers to system_stm32f10x.o(.text.SystemCoreClockUpdate) for [Anonymous Symbol]
    delay.o(.text.delay_init) refers to misc.o(.text.SysTick_CLKSourceConfig) for SysTick_CLKSourceConfig
    delay.o(.text.delay_init) refers to system_stm32f10x.o(.data.SystemCoreClock) for SystemCoreClock
    delay.o(.text.delay_init) refers to delay.o(.bss.fac_us) for fac_us
    delay.o(.text.delay_init) refers to delay.o(.bss.fac_ms) for fac_ms
    delay.o(.ARM.exidx.text.delay_init) refers to delay.o(.text.delay_init) for [Anonymous Symbol]
    delay.o(.text.delay_us) refers to delay.o(.bss.fac_us) for fac_us
    delay.o(.ARM.exidx.text.delay_us) refers to delay.o(.text.delay_us) for [Anonymous Symbol]
[...]
    USB_LP_CAN1_RX0_IRQHandler               0x0800020b   Thumb Code     0  startup_stm32f10x_hd.o(.text)
    WWDG_IRQHandler                          0x0800020b   Thumb Code     0  startup_stm32f10x_hd.o(.text)
    __user_initial_stackheap                 0x0800020d   Thumb Code     0  startup_stm32f10x_hd.o(.text)
    __use_no_semihosting                     0x08000231   Thumb Code     2  use_no_semi_2.o(.text)
    __aeabi_ldivmod                          0x08000233   Thumb Code     0  llsdiv.o(.text)
    _ll_sdiv                                 0x08000233   Thumb Code    72  llsdiv.o(.text)
    __2printf                                0x0800027d   Thumb Code    20  noretval__2printf.o(.text)
    __2sprintf                               0x08000295   Thumb Code    34  noretval__2sprintf.o(.text)
    _printf_pre_padding                      0x080002bd   Thumb Code    44  _printf_pad.o(.text)
    _printf_post_padding                     0x080002e9   Thumb Code    34  _printf_pad.o(.text)
    _printf_truncate_signed                  0x0800030b   Thumb Code    18  _printf_truncate.o(.text)
    _printf_truncate_unsigned                0x0800031d   Thumb Code    18  _printf_truncate.o(.text)
    _printf_int_dec                          0x08000331   Thumb Code   104  _printf_dec.o(.text)
    _printf_int_hex                          0x080003a9   Thumb Code    84  _printf_hex_int.o(.text)
    _printf_longlong_hex                     0x080003a9   Thumb Code     0  _printf_hex_int.o(.text)
    __printf                                 0x08000401   Thumb Code   388  __printf_flags_ss_wp.o(.text)
    puts                                     0x08000589   Thumb Code    40  puts.o(.text)
    memcmp                                   0x080005b5   Thumb Code    88  memcmp.o(.text)
    strlen                                   0x0800060d   Thumb Code    62  strlen.o(.text)
    __use_two_region_memory                  0x0800064b   Thumb Code     2  heapauxi.o(.text)
    __rt_heap_escrow$2region                 0x0800064d   Thumb Code     2  heapauxi.o(.text)
    __rt_heap_expand$2region                 0x0800064f   Thumb Code     2  heapauxi.o(.text)
    __I$use$semihosting                      0x08000651   Thumb Code     0  use_no_semi.o(.text)
    __use_no_semihosting_swi                 0x08000651   Thumb Code     2  use_no_semi.o(.text)
    __aeabi_uldivmod                         0x08000653   Thumb Code     0  lludivv7m.o(.text)
    _ll_udiv                                 0x08000653   Thumb Code   238  lludivv7m.o(.text)
    __read_errno                             0x08000741   Thumb Code    10  _rserrno.o(.text)
    __set_errno                              0x0800074b   Thumb Code    12  _rserrno.o(.text)
    _printf_int_common                       0x08000757   Thumb Code   178  _printf_intcommon.o(.text)
    _printf_fp_dec_real                      0x080009b9   Thumb Code   620  _printf_fp_dec.o(.text)
    _printf_char_common                      0x08000c2f   Thumb Code    32  _printf_char_common.o(.text)
    _sputc                                   0x08000c55   Thumb Code    10  _sputc.o(.text)
    _printf_char_file                        0x08000c61   Thumb Code    32  _printf_char_file.o(.text)
    __rt_locale                              0x08000c85   Thumb Code     8  rt_locale_intlibspace.o(.text)
    __aeabi_errno_addr                       0x08000c8d   Thumb Code     8  rt_errno_addr_intlibspace.o(.text)
    __errno$intlibspace                      0x08000c8d   Thumb Code     0  rt_errno_addr_intlibspace.o(.text)
    __rt_errno_addr$intlibspace              0x08000c8d   Thumb Code     0  rt_errno_addr_intlibspace.o(.text)
    _ll_udiv10                               0x08000c95   Thumb Code   138  lludiv10.o(.text)
    _printf_fp_infnan                        0x08000d21   Thumb Code   112  _printf_fp_infnan.o(.text)
    _btod_etento                             0x08000da1   Thumb Code   224  bigflt0.o(.text)
    ferror                                   0x08000e85   Thumb Code     8  ferror.o(.text)
    __user_libspace                          0x08000e8d   Thumb Code     8  libspace.o(.text)
    __user_perproc_libspace                  0x08000e8d   Thumb Code     0  libspace.o(.text)
    __user_perthread_libspace                0x08000e8d   Thumb Code     0  libspace.o(.text)
    __user_setup_stackheap                   0x08000e95   Thumb Code    74  sys_stackheap_outer.o(.text)
    exit                                     0x08000edf   Thumb Code    18  exit.o(.text)
    strcmp                                   0x08000ef1   Thumb Code   128  strcmpv7m.o(.text)
    ADC_Cmd                                  0x08000f71   Thumb Code    18  stm32f10x_adc.o(.text.ADC_Cmd)
    ADC_DeInit                               0x08000f85   Thumb Code    96  stm32f10x_adc.o(.text.ADC_DeInit)
    ADC_GetCalibrationStatus                 0x08000fe5   Thumb Code     8  stm32f10x_adc.o(.text.ADC_GetCalibrationStatus)
    ADC_GetConversionValue                   0x08000fed   Thumb Code     6  stm32f10x_adc.o(.text.ADC_GetConversionValue)
    ADC_GetFlagStatus                        0x08000ff5   Thumb Code    10  stm32f10x_adc.o(.text.ADC_GetFlagStatus)
    ADC_GetResetCalibrationStatus            0x08001001   Thumb Code     8  stm32f10x_adc.o(.text.ADC_GetResetCalibrationStatus)
    ADC_Init                                 0x08001009   Thumb Code    82  stm32f10x_adc.o(.text.ADC_Init)
    ADC_RegularChannelConfig                 0x0800105d   Thumb Code   102  stm32f10x_adc.o(.text.ADC_RegularChannelConfig)
    ADC_ResetCalibration                     0x080010c5   Thumb Code    10  stm32f10x_adc.o(.text.ADC_ResetCalibration)
    ADC_SoftwareStartConvCmd                 0x080010d1   Thumb Code    18  stm32f10x_adc.o(.text.ADC_SoftwareStartConvCmd)
    ADC_StartCalibration                     0x080010e5   Thumb Code    10  stm32f10x_adc.o(.text.ADC_StartCalibration)
    BusFault_Handler                         0x080010f1   Thumb Code     2  stm32f10x_it.o(.text.BusFault_Handler)
    Complementary_ADC                        0x080010f5   Thumb Code    50  filter.o(.text.Complementary_ADC)
    Complementary_Filter_x                   0x08001129   Thumb Code    74  filter.o(.text.Complementary_Filter_x)
    Complementary_Filter_y                   0x08001175   Thumb Code    74  filter.o(.text.Complementary_Filter_y)
    DebugMon_Handler                         0x080011c1   Thumb Code     2  stm32f10x_it.o(.text.DebugMon_Handler)
    EXTI0_IRQHandler                         0x080011c5   Thumb Code    50  drv_key.o(.text.EXTI0_IRQHandler)
    EXTI_ClearITPendingBit                   0x080011f9   Thumb Code    12  stm32f10x_exti.o(.text.EXTI_ClearITPendingBit)
    EXTI_Init                                0x08001205   Thumb Code    96  stm32f10x_exti.o(.text.EXTI_Init)
    GPIO_EXTILineConfig                      0x08001265   Thumb Code    52  stm32f10x_gpio.o(.text.GPIO_EXTILineConfig)
    GPIO_Init                                0x08001299   Thumb Code   734  stm32f10x_gpio.o(.text.GPIO_Init)
    GPIO_PinRemapConfig                      0x08001579   Thumb Code   110  stm32f10x_gpio.o(.text.GPIO_PinRemapConfig)
    GPIO_ReadInputDataBit                    0x080015e9   Thumb Code    10  stm32f10x_gpio.o(.text.GPIO_ReadInputDataBit)
    GPIO_ResetBits                           0x080015f5   Thumb Code     4  stm32f10x_gpio.o(.text.GPIO_ResetBits)
    GPIO_SetBits                             0x080015f9   Thumb Code     4  stm32f10x_gpio.o(.text.GPIO_SetBits)
    Get_UnfilterAngle                        0x080015fd   Thumb Code   460  drv_mpu6050.o(.text.Get_UnfilterAngle)
    HardFault_Handler                        0x080017c9   Thumb Code     2  stm32f10x_it.o(.text.HardFault_Handler)
    IIC_Delay                                0x080017cd   Thumb Code     6  drv_extiic.o(.text.IIC_Delay)
    IIC_Init                                 0x080017d5   Thumb Code    60  drv_extiic.o(.text.IIC_Init)
    IIC_Read_Byte                            0x08001811   Thumb Code   400  drv_extiic.o(.text.IIC_Read_Byte)
    IIC_Send_Byte                            0x080019a1   Thumb Code   272  drv_extiic.o(.text.IIC_Send_Byte)
    IIC_Start                                0x08001ab1   Thumb Code    60  drv_extiic.o(.text.IIC_Start)
    IIC_Stop                                 0x08001aed   Thumb Code    62  drv_extiic.o(.text.IIC_Stop)
    IIC_Wait_Ack                             0x08001b2d   Thumb Code   150  drv_extiic.o(.text.IIC_Wait_Ack)
    KalmanFilter1_adc                        0x08001bc5   Thumb Code    96  filter.o(.text.KalmanFilter1_adc)
    Kalman_Filter_x                          0x08001c25   Thumb Code   382  filter.o(.text.Kalman_Filter_x)
    Kalman_Filter_y                          0x08001da5   Thumb Code   380  filter.o(.text.Kalman_Filter_y)
    Kalman_Init                              0x08001f21   Thumb Code    32  filter.o(.text.Kalman_Init)
    MPU6050_read                             0x08001f41   Thumb Code   182  drv_mpu6050.o(.text.MPU6050_read)
    MPU_Init                                 0x08001ff9   Thumb Code   160  drv_mpu6050.o(.text.MPU_Init)
    MemManage_Handler                        0x08002099   Thumb Code     2  stm32f10x_it.o(.text.MemManage_Handler)
    NMI_Handler                              0x0800209d   Thumb Code     2  stm32f10x_it.o(.text.NMI_Handler)
    NVIC_Init                                0x080020a1   Thumb Code    96  misc.o(.text.NVIC_Init)
    NVIC_PriorityGroupConfig                 0x08002101   Thumb Code    20  misc.o(.text.NVIC_PriorityGroupConfig)
    RCC_ADCCLKConfig                         0x08002115   Thumb Code    20  stm32f10x_rcc.o(.text.RCC_ADCCLKConfig)
    RCC_APB1PeriphClockCmd                   0x08002129   Thumb Code    24  stm32f10x_rcc.o(.text.RCC_APB1PeriphClockCmd)
    RCC_APB2PeriphClockCmd                   0x08002141   Thumb Code    24  stm32f10x_rcc.o(.text.RCC_APB2PeriphClockCmd)
    RCC_APB2PeriphResetCmd                   0x08002159   Thumb Code    24  stm32f10x_rcc.o(.text.RCC_APB2PeriphResetCmd)
    RCC_GetClocksFreq                        0x08002171   Thumb Code   176  stm32f10x_rcc.o(.text.RCC_GetClocksFreq)
    Read_Len                                 0x08002221   Thumb Code   328  drv_extiic.o(.text.Read_Len)
    SysTick_CLKSourceConfig                  0x08002369   Thumb Code    26  misc.o(.text.SysTick_CLKSourceConfig)
    SystemInit                               0x08002385   Thumb Code   342  system_stm32f10x.o(.text.SystemInit)
    TIM4_IRQHandler                          0x080024dd   Thumb Code   942  drv_timer4.o(.text.TIM4_IRQHandler)
    TIM_ClearFlag                            0x0800288d   Thumb Code     6  stm32f10x_tim.o(.text.TIM_ClearFlag)
    TIM_ClearITPendingBit                    0x08002895   Thumb Code     6  stm32f10x_tim.o(.text.TIM_ClearITPendingBit)
    TIM_Cmd                                  0x0800289d   Thumb Code    18  stm32f10x_tim.o(.text.TIM_Cmd)
    TIM_GetITStatus                          0x080028b1   Thumb Code    20  stm32f10x_tim.o(.text.TIM_GetITStatus)
    TIM_ITConfig                             0x080028c5   Thumb Code    16  stm32f10x_tim.o(.text.TIM_ITConfig)
    TIM_TimeBaseInit                         0x080028d5   Thumb Code   170  stm32f10x_tim.o(.text.TIM_TimeBaseInit)
    USART1_IRQHandler                        0x08002981   Thumb Code    72  usart.o(.text.USART1_IRQHandler)
    USART2_IRQHandler                        0x080029c9   Thumb Code    52  drv_uart2.o(.text.USART2_IRQHandler)
    USART_Cmd                                0x080029fd   Thumb Code    18  stm32f10x_usart.o(.text.USART_Cmd)
    USART_GetFlagStatus                      0x08002a11   Thumb Code    10  stm32f10x_usart.o(.text.USART_GetFlagStatus)
    USART_GetITStatus                        0x08002a1d   Thumb Code    66  stm32f10x_usart.o(.text.USART_GetITStatus)
    USART_ITConfig                           0x08002a61   Thumb Code    46  stm32f10x_usart.o(.text.USART_ITConfig)
    USART_Init                               0x08002a91   Thumb Code   170  stm32f10x_usart.o(.text.USART_Init)
    USART_ReceiveData                        0x08002b3d   Thumb Code     8  stm32f10x_usart.o(.text.USART_ReceiveData)
    USART_SendData                           0x08002b45   Thumb Code     8  stm32f10x_usart.o(.text.USART_SendData)
    UsageFault_Handler                       0x08002b4d   Thumb Code     2  stm32f10x_it.o(.text.UsageFault_Handler)
    Write_Byte                               0x08002b51   Thumb Code    70  drv_mpu6050.o(.text.Write_Byte)
    Write_Len                                0x08002b99   Thumb Code   312  drv_extiic.o(.text.Write_Len)
    EXTIX_Init()                             0x08002cd1   Thumb Code   122  drv_key.o(.text._Z10EXTIX_Initv)
    LCD_WR_DATA(unsigned short)              0x08002d4d   Thumb Code    20  drv_lcd.o(.text._Z11LCD_WR_DATAt)
    Timer4_init(int, int)                    0x08002d61   Thumb Code   108  drv_timer4.o(.text._Z11Timer4_initii)
    LCD_ShowChar(unsigned short, unsigned short, unsigned char, unsigned short, unsigned short, unsigned char, unsigned char) 0x08002dcd   Thumb Code   334  gui.o(.text._Z12LCD_ShowChartthtthh)
    LCD_ShowMAIN()                           0x08002f1d   Thumb Code  3344  gui.o(.text._Z12LCD_ShowMAINv)
    LCD_Writ_Bus(unsigned char)              0x08003c2d   Thumb Code   340  drv_lcd.o(.text._Z12LCD_Writ_Bush)
    init_drv_ADC()                           0x08003d81   Thumb Code   130  drv_adc.o(.text._Z12init_drv_ADCv)
    init_drv_LCD()                           0x08003e05   Thumb Code   654  drv_lcd.o(.text._Z12init_drv_LCDv)
    init_drv_LED()                           0x08004095   Thumb Code   414  drv_led.o(.text._Z12init_drv_LEDv)
    LCD_GPIO_Init()                          0x08004235   Thumb Code   122  drv_lcd.o(.text._Z13LCD_GPIO_Initv)
    LCD_ShowString(unsigned short, unsigned short, const unsigned char*, unsigned short, unsigned short, unsigned char, unsigned char) 0x080042b1   Thumb Code    68  gui.o(.text._Z14LCD_ShowStringttPKhtthh)
    init_drv_Uart2(unsigned)                 0x080042f5   Thumb Code   134  drv_uart2.o(.text._Z14init_drv_Uart2j)
    LCD_Address_Set(unsigned short, unsigned short, unsigned short, unsigned short) 0x0800437d   Thumb Code   142  drv_lcd.o(.text._Z15LCD_Address_Settttt)
    Get_battery_volt(int)                    0x0800440d   Thumb Code   186  drv_adc.o(.text._Z16Get_battery_volti)
    LCD_ShowFloatNum1(unsigned short, unsigned short, float, unsigned char, unsigned short, unsigned short, unsigned char) 0x080044c9   Thumb Code   344  gui.o(.text._Z17LCD_ShowFloatNum1ttfhtth)
    LCD_Fill(unsigned short, unsigned short, unsigned short, unsigned short, unsigned short) 0x08004621   Thumb Code    72  gui.o(.text._Z8LCD_Fillttttt)
    _sys_exit                                0x08004669   Thumb Code     2  usart.o(.text._sys_exit)
    attitude_algorithm1                      0x0800466d   Thumb Code  1448  drv_mpu6050.o(.text.attitude_algorithm1)
    delay_init                               0x08004c15   Thumb Code    66  delay.o(.text.delay_init)
    delay_ms                                 0x08004c59   Thumb Code    90  delay.o(.text.delay_ms)
    delay_us                                 0x08004cb5   Thumb Code    90  delay.o(.text.delay_us)
    dmp_enable_feature                       0x08004d11   Thumb Code   682  inv_mpu_dmp_motion_driver.o(.text.dmp_enable_feature)
    dmp_load_motion_driver_firmware          0x08004fbd   Thumb Code    22  inv_mpu_dmp_motion_driver.o(.text.dmp_load_motion_driver_firmware)
    dmp_read_fifo                            0x08004fd5   Thumb Code   500  inv_mpu_dmp_motion_driver.o(.text.dmp_read_fifo)
    dmp_set_accel_bias                       0x080051c9   Thumb Code   208  inv_mpu_dmp_motion_driver.o(.text.dmp_set_accel_bias)
    dmp_set_fifo_rate                        0x08005299   Thumb Code    86  inv_mpu_dmp_motion_driver.o(.text.dmp_set_fifo_rate)
    dmp_set_gyro_bias                        0x080052f1   Thumb Code   228  inv_mpu_dmp_motion_driver.o(.text.dmp_set_gyro_bias)
    dmp_set_orientation                      0x080053d5   Thumb Code   228  inv_mpu_dmp_motion_driver.o(.text.dmp_set_orientation)
    dmp_set_tap_thresh                       0x080054b9   Thumb Code   286  inv_mpu_dmp_motion_driver.o(.text.dmp_set_tap_thresh)
    fputc                                    0x080055d9   Thumb Code    46  usart.o(.text.fputc)
    init_drv_Main                            0x0800595d   Thumb Code    14  drv_main.o(.text.init_drv_Main)
    main                                     0x0800596d   Thumb Code   400  main.o(.text.main)
    mget_ms                                  0x08005afd   Thumb Code     2  inv_mpu.o(.text.mget_ms)
    mpu_configure_fifo                       0x08005b01   Thumb Code   192  inv_mpu.o(.text.mpu_configure_fifo)
    mpu_dmp_get_data                         0x08005bc1   Thumb Code   486  inv_mpu.o(.text.mpu_dmp_get_data)
    mpu_dmp_init                             0x08005da9   Thumb Code   440  inv_mpu.o(.text.mpu_dmp_init)
    mpu_get_accel_fsr                        0x08005f61   Thumb Code    60  inv_mpu.o(.text.mpu_get_accel_fsr)
    mpu_get_accel_sens                       0x08005f9d   Thumb Code    90  inv_mpu.o(.text.mpu_get_accel_sens)
    mpu_init                                 0x08005ff9   Thumb Code   548  inv_mpu.o(.text.mpu_init)
    mpu_load_firmware                        0x0800621d   Thumb Code   334  inv_mpu.o(.text.mpu_load_firmware)
    mpu_lp_accel_mode                        0x0800636d   Thumb Code   494  inv_mpu.o(.text.mpu_lp_accel_mode)
    mpu_read_fifo_stream                     0x0800655d   Thumb Code   170  inv_mpu.o(.text.mpu_read_fifo_stream)
    mpu_reset_fifo                           0x08006609   Thumb Code   370  inv_mpu.o(.text.mpu_reset_fifo)
    mpu_run_self_test                        0x0800677d   Thumb Code  2376  inv_mpu.o(.text.mpu_run_self_test)
    mpu_set_bypass                           0x080070c5   Thumb Code   232  inv_mpu.o(.text.mpu_set_bypass)
    mpu_set_dmp_state                        0x080071ad   Thumb Code   238  inv_mpu.o(.text.mpu_set_dmp_state)
    mpu_set_sample_rate                      0x0800729d   Thumb Code   224  inv_mpu.o(.text.mpu_set_sample_rate)
    mpu_set_sensors                          0x0800737d   Thumb Code   246  inv_mpu.o(.text.mpu_set_sensors)
    mpu_write_mem                            0x08007475   Thumb Code   104  inv_mpu.o(.text.mpu_write_mem)
    pt1FilterApply4                          0x080074dd   Thumb Code   126  filter.o(.text.pt1FilterApply4)
    run_self_test                            0x0800755d   Thumb Code   240  inv_mpu.o(.text.run_self_test)
    uart_dataf                               0x0800764d   Thumb Code   108  usart.o(.text.uart_dataf)
    uart_init                                0x080076b9   Thumb Code   150  usart.o(.text.uart_init)
    _btod_d2e                                0x0800774f   Thumb Code    62  btod.o(CL$$btod_d2e)
    _d2e_denorm_low                          0x0800778d   Thumb Code    70  btod.o(CL$$btod_d2e_denorm_low)
    _d2e_norm_op1                            0x080077d3   Thumb Code    96  btod.o(CL$$btod_d2e_norm_op1)
    __btod_div_common                        0x08007833   Thumb Code   696  btod.o(CL$$btod_div_common)
    _e2e                                     0x08007b6b   Thumb Code   220  btod.o(CL$$btod_e2e)
    _btod_ediv                               0x08007c47   Thumb Code    42  btod.o(CL$$btod_ediv)
    _btod_emul                               0x08007c71   Thumb Code    42  btod.o(CL$$btod_emul)
    __btod_mult_common                       0x08007c9b   Thumb Code   580  btod.o(CL$$btod_mult_common)
    __ARM_fpclassify                         0x08007edf   Thumb Code    40  fpclassify.o(i.__ARM_fpclassify)
    __ARM_fpclassifyf                        0x08007f07   Thumb Code    38  fpclassifyf.o(i.__ARM_fpclassifyf)
    __kernel_poly                            0x08007f2d   Thumb Code   170  poly.o(i.__kernel_poly)
    __mathlib_dbl_infnan                     0x08007fd7   Thumb Code     6  dunder.o(i.__mathlib_dbl_infnan)
    __mathlib_dbl_infnan2                    0x08007fdd   Thumb Code     4  dunder.o(i.__mathlib_dbl_infnan2)
    __mathlib_dbl_invalid                    0x08007fe1   Thumb Code    12  dunder.o(i.__mathlib_dbl_invalid)
    __mathlib_dbl_underflow                  0x08007fed   Thumb Code    10  dunder.o(i.__mathlib_dbl_underflow)
    __mathlib_flt_infnan                     0x08007ffd   Thumb Code     6  funder.o(i.__mathlib_flt_infnan)
    __mathlib_flt_infnan2                    0x08008003   Thumb Code     4  funder.o(i.__mathlib_flt_infnan2)
    __mathlib_flt_invalid                    0x08008007   Thumb Code     8  funder.o(i.__mathlib_flt_invalid)
    __mathlib_flt_underflow                  0x0800800f   Thumb Code    10  funder.o(i.__mathlib_flt_underflow)
    _is_digit                                0x08008019   Thumb Code    14  __printf_wp.o(i._is_digit)
    asin                                     0x08008029   Thumb Code   572  asin.o(i.asin)
    asinf                                    0x08008299   Thumb Code   254  asinf.o(i.asinf)
    atan                                     0x080083bd   Thumb Code   474  atan.o(i.atan)
    atan2                                    0x080085dd   Thumb Code   374  atan2.o(i.atan2)
    atan2f                                   0x08008779   Thumb Code   576  atan2f.o(i.atan2f)
    sqrt                                     0x08008a05   Thumb Code    76  sqrt.o(i.sqrt)
    sqrtf                                    0x08008a51   Thumb Code    44  sqrtf.o(i.sqrtf)
    _get_lc_numeric                          0x08008a7d   Thumb Code    44  lc_numeric_c.o(locale$$code)
    __aeabi_d2f                              0x08008aa9   Thumb Code     0  d2f.o(x$fpl$d2f)
    _d2f                                     0x08008aa9   Thumb Code    98  d2f.o(x$fpl$d2f)
    __aeabi_dadd                             0x08008b0d   Thumb Code     0  daddsub_clz.o(x$fpl$dadd)
    _dadd                                    0x08008b0d   Thumb Code   332  daddsub_clz.o(x$fpl$dadd)
    __fpl_dcheck_NaN1                        0x08008c5d   Thumb Code    10  dcheck1.o(x$fpl$dcheck1)
    __fpl_dcmp_Inf                           0x08008c6d   Thumb Code    24  dcmpi.o(x$fpl$dcmpinf)
    __aeabi_ddiv                             0x08008c85   Thumb Code     0  ddiv.o(x$fpl$ddiv)
    _ddiv                                    0x08008c85   Thumb Code   552  ddiv.o(x$fpl$ddiv)
    __aeabi_cdcmpeq                          0x08008f35   Thumb Code     0  deqf.o(x$fpl$deqf)
    _dcmpeq                                  0x08008f35   Thumb Code   120  deqf.o(x$fpl$deqf)
    __aeabi_i2d                              0x08008fad   Thumb Code     0  dflt_clz.o(x$fpl$dflt)
    _dflt                                    0x08008fad   Thumb Code    46  dflt_clz.o(x$fpl$dflt)
    __aeabi_dmul                             0x08008fdd   Thumb Code     0  dmul.o(x$fpl$dmul)
    _dmul                                    0x08008fdd   Thumb Code   332  dmul.o(x$fpl$dmul)
    __fpl_dnaninf                            0x08009131   Thumb Code   156  dnaninf.o(x$fpl$dnaninf)
    __fpl_dretinf                            0x080091cd   Thumb Code    12  dretinf.o(x$fpl$dretinf)
    __aeabi_drsub                            0x080091d9   Thumb Code     0  daddsub_clz.o(x$fpl$drsb)
    _drsb                                    0x080091d9   Thumb Code    22  daddsub_clz.o(x$fpl$drsb)
    _dsqrt                                   0x080091f1   Thumb Code   456  dsqrt_noumaal.o(x$fpl$dsqrt)
    __aeabi_dsub                             0x080093bd   Thumb Code     0  daddsub_clz.o(x$fpl$dsub)
    _dsub                                    0x080093bd   Thumb Code   464  daddsub_clz.o(x$fpl$dsub)
    __aeabi_f2d                              0x08009591   Thumb Code     0  f2d.o(x$fpl$f2d)
    _f2d                                     0x08009591   Thumb Code    86  f2d.o(x$fpl$f2d)
    __aeabi_fadd                             0x080095e9   Thumb Code     0  faddsub_clz.o(x$fpl$fadd)
    _fadd                                    0x080095e9   Thumb Code   196  faddsub_clz.o(x$fpl$fadd)
    __fpl_fcheck_NaN1                        0x080096ad   Thumb Code     6  fcheck1.o(x$fpl$fcheck1)
    __aeabi_fcmpeq                           0x080096b9   Thumb Code     0  fcmp.o(x$fpl$fcmp)
    _feq                                     0x080096b9   Thumb Code    14  fcmp.o(x$fpl$fcmp)
    _fneq                                    0x080096c7   Thumb Code    14  fcmp.o(x$fpl$fcmp)
    __aeabi_fcmpgt                           0x080096d5   Thumb Code     0  fcmp.o(x$fpl$fcmp)
    _fgr                                     0x080096d5   Thumb Code    14  fcmp.o(x$fpl$fcmp)
    __aeabi_fcmpge                           0x080096e3   Thumb Code     0  fcmp.o(x$fpl$fcmp)
    _fgeq                                    0x080096e3   Thumb Code    14  fcmp.o(x$fpl$fcmp)
    __aeabi_fcmple                           0x080096f1   Thumb Code     0  fcmp.o(x$fpl$fcmp)
    _fleq                                    0x080096f1   Thumb Code    14  fcmp.o(x$fpl$fcmp)
    __aeabi_fcmplt                           0x080096ff   Thumb Code     0  fcmp.o(x$fpl$fcmp)
    _fls                                     0x080096ff   Thumb Code    14  fcmp.o(x$fpl$fcmp)
    __fpl_fcmp_Inf                           0x0800970d   Thumb Code    24  fcmpi.o(x$fpl$fcmpinf)
    __aeabi_fdiv                             0x08009725   Thumb Code     0  fdiv.o(x$fpl$fdiv)
    _fdiv                                    0x08009725   Thumb Code   384  fdiv.o(x$fpl$fdiv)
    __aeabi_cfcmpeq                          0x080098a9   Thumb Code     0  feqf.o(x$fpl$feqf)
    _fcmpeq                                  0x080098a9   Thumb Code   104  feqf.o(x$fpl$feqf)
    __aeabi_f2iz                             0x08009911   Thumb Code     0  ffix.o(x$fpl$ffix)
    _ffix                                    0x08009911   Thumb Code    54  ffix.o(x$fpl$ffix)
    __aeabi_f2uiz                            0x08009949   Thumb Code     0  ffixu.o(x$fpl$ffixu)
    _ffixu                                   0x08009949   Thumb Code    62  ffixu.o(x$fpl$ffixu)
    __aeabi_i2f                              0x08009989   Thumb Code     0  fflt_clz.o(x$fpl$fflt)
    _fflt                                    0x08009989   Thumb Code    48  fflt_clz.o(x$fpl$fflt)
    __aeabi_ui2f                             0x080099b9   Thumb Code     0  fflt_clz.o(x$fpl$ffltu)
    _ffltu                                   0x080099b9   Thumb Code    38  fflt_clz.o(x$fpl$ffltu)
    _fcmpge                                  0x080099e1   Thumb Code   104  fgeqf.o(x$fpl$fgeqf)
    __aeabi_cfcmple                          0x08009a49   Thumb Code     0  fleqf.o(x$fpl$fleqf)
    _fcmple                                  0x08009a49   Thumb Code   104  fleqf.o(x$fpl$fleqf)
    __fpl_fcmple_InfNaN                      0x08009a9b   Thumb Code     0  fleqf.o(x$fpl$fleqf)
    __aeabi_fmul                             0x08009ab1   Thumb Code     0  fmul.o(x$fpl$fmul)
    _fmul                                    0x08009ab1   Thumb Code   258  fmul.o(x$fpl$fmul)
    __fpl_fnaninf                            0x08009bb3   Thumb Code   140  fnaninf.o(x$fpl$fnaninf)
    __fpl_fretinf                            0x08009c3f   Thumb Code    10  fretinf.o(x$fpl$fretinf)
    __aeabi_frsub                            0x08009c49   Thumb Code     0  faddsub_clz.o(x$fpl$frsb)
    _frsb                                    0x08009c49   Thumb Code    20  faddsub_clz.o(x$fpl$frsb)
    _fsqrt                                   0x08009c5d   Thumb Code   272  fsqrt.o(x$fpl$fsqrt)
    __aeabi_fsub                             0x08009d6d   Thumb Code     0  faddsub_clz.o(x$fpl$fsub)
    _fsub                                    0x08009d6d   Thumb Code   234  faddsub_clz.o(x$fpl$fsub)
    _printf_fp_dec                           0x08009e57   Thumb Code     4  printf1.o(x$fpl$printf1)
    __fpl_return_NaN                         0x08009e5b   Thumb Code   100  retnan.o(x$fpl$retnan)
    __ARM_scalbn                             0x08009ebf   Thumb Code    92  scalbn.o(x$fpl$scalbn)
    __ARM_scalbnf                            0x08009f1b   Thumb Code    76  scalbnf.o(x$fpl$scalbnf)
    __fpl_cmpreturn                          0x08009f67   Thumb Code    48  trapv.o(x$fpl$trapveneer)
    __I$use$fp                               0x08009f96   Number         0  usenofp.o(x$fpl$usenofp)
    __mathlib_zero                           0x0800a0b8   Data           8  qnan.o(.constdata)
    ascii_1206                               0x0800a168   Data        1140  font.o(.rodata.ascii_1206)
    ascii_1608                               0x0800a5dc   Data        1536  font.o(.rodata.ascii_1608)
    ascii_2412                               0x0800abdc   Data        4560  font.o(.rodata.ascii_2412)
    ascii_3216                               0x0800bdac   Data        6080  font.o(.rodata.ascii_3216)
    hw                                       0x0800e174   Data          12  inv_mpu.o(.rodata.hw)
    reg                                      0x0800e180   Data          27  inv_mpu.o(.rodata.reg)
    test                                     0x0800e4ac   Data          40  inv_mpu.o(.rodata.test)
    Region$$Table$$Base                      0x0800e4d4   Number         0  anon$$obj.o(Region$$Table)
    Region$$Table$$Limit                     0x0800e4f4   Number         0  anon$$obj.o(Region$$Table)
    OFF                                      0x20000010   Data          31  main.o(.data.OFF)
    SystemCoreClock                          0x20000030   Data           4  system_stm32f10x.o(.data.SystemCoreClock)
    bound                                    0x20000034   Data           4  main.o(.data.bound)
    dt                                       0x20000038   Data           4  filter.o(.data.dt)
    gyro_offset                              0x2000003c   Data          12  drv_mpu6050.o(.data.gyro_offset)
    halfT                                    0x20000048   Data           4  drv_mpu6050.o(.data.halfT)
    ki                                       0x2000004c   Data           4  drv_mpu6050.o(.data.ki)
    kp                                       0x20000050   Data           4  drv_mpu6050.o(.data.kp)
    q0                                       0x20000054   Data           4  drv_mpu6050.o(.data.q0)
    way                                      0x20000084   Data           4  drv_key.o(.data.way)
    __libspace_start                         0x20000088   Data          96  libspace.o(.bss)
    ACC                                      0x200000e8   Data          12  drv_mpu6050.o(.bss.ACC)
    __temporary_stack_top$libspace           0x200000e8   Data           0  libspace.o(.bss)
    GYRO                                     0x20000100   Data          12  drv_mpu6050.o(.bss.GYRO)
    Pitch                                    0x2000012c   Data           4  drv_mpu6050.o(.bss.Pitch)
    RCC_CLK                                  0x20000130   Data          20  main.o(.bss.RCC_CLK)
    Roll                                     0x20000144   Data           4  drv_mpu6050.o(.bss.Roll)
    USART_RX_BUF                             0x20000148   Data         200  usart.o(.bss.USART_RX_BUF)
    USART_RX_STA                             0x20000210   Data           2  usart.o(.bss.USART_RX_STA)
    Uart2_Receive                            0x20000212   Data           1  usart.o(.bss.Uart2_Receive)
    Yaw                                      0x20000214   Data           4  drv_mpu6050.o(.bss.Yaw)
    __stdout                                 0x20000224   Data          84  usart.o(.bss.__stdout)
    accel                                    0x20000278   Data           6  drv_mpu6050.o(.bss.accel)
    cnt                                      0x20000280   Data           4  drv_timer4.o(.bss.cnt)
    f1                                       0x20000298   Data          12  filter.o(.bss.f1)
    f2                                       0x200002a4   Data          12  filter.o(.bss.f2)
    f3                                       0x200002b0   Data          12  filter.o(.bss.f3)
    f4                                       0x200002bc   Data          12  filter.o(.bss.f4)
    f5                                       0x200002c8   Data          12  filter.o(.bss.f5)
    f6                                       0x200002d4   Data          12  filter.o(.bss.f6)
    f7                                       0x200002e0   Data          12  filter.o(.bss.f7)
    f8                                       0x200002ec   Data          12  filter.o(.bss.f8)
    filter                                   0x200002fc   Data          12  filter.o(.bss.filter)
    gyro                                     0x20000308   Data           6  drv_mpu6050.o(.bss.gyro)
    i                                        0x20000310   Data           4  drv_timer4.o(.bss.i)
    init_flag                                0x20000314   Data           4  drv_timer4.o(.bss.init_flag)
    k1                                       0x20000318   Data          24  filter.o(.bss.k1)
    k2                                       0x20000330   Data          24  filter.o(.bss.k2)
    k3                                       0x20000348   Data          24  filter.o(.bss.k3)
    k4                                       0x20000360   Data          24  filter.o(.bss.k4)
    k5                                       0x20000378   Data          24  filter.o(.bss.k5)
    k6                                       0x20000390   Data          24  filter.o(.bss.k6)
    kfp                                      0x200003a8   Data          24  filter.o(.bss.kfp)
    last_gyrox                               0x200003c0   Data           4  drv_timer4.o(.bss.last_gyrox)
    len                                      0x200003c4   Data           1  main.o(.bss.len)
    nn                                       0x200003c8   Data           4  drv_timer4.o(.bss.nn)
    offset_flag                              0x200003cc   Data           4  drv_timer4.o(.bss.offset_flag)
    q1                                       0x200003d0   Data           4  drv_mpu6050.o(.bss.q1)
    q2                                       0x200003d4   Data           4  drv_mpu6050.o(.bss.q2)
    q3                                       0x200003d8   Data           4  drv_mpu6050.o(.bss.q3)
    sensors                                  0x200003dc   Data           2  drv_mpu6050.o(.bss.sensors)
    sum1                                     0x200003e0   Data           4  drv_timer4.o(.bss.sum1)
    sum2                                     0x200003e4   Data           4  drv_timer4.o(.bss.sum2)
    sum3                                     0x200003e8   Data           4  drv_timer4.o(.bss.sum3)
    t                                        0x200003ec   Data           1  main.o(.bss.t)
    time_cnt                                 0x200003f0   Data           4  drv_timer4.o(.bss.time_cnt)
    uart_receive                             0x200003f4   Data           4  usart.o(.bss.uart_receive)
    volt                                     0x200003f8   Data           4  main.o(.bss.volt)



==============================================================================

Memory Map of the image

  Image Entry point : 0x080001f1

  Load Region LR_1 (Base: 0x08000000, Size: 0x0000e598, Max: 0xffffffff, ABSOLUTE)

    Execution Region ER_RO (Exec base: 0x08000000, Load base: 0x08000000, Size: 0x0000e510, Max: 0xffffffff, ABSOLUTE)

    Exec Addr    Load Addr    Size         Type   Attr      Idx    E Section Name        Object

    0x08000000   0x08000000   0x00000130   Data   RO          155    RESET               startup_stm32f10x_hd.o
    0x08000130   0x08000130   0x00000008   Code   RO         2138  * !!!main             c_wu.l(__main.o)
    0x08000138   0x08000138   0x00000034   Code   RO         2701    !!!scatter          c_wu.l(__scatter.o)
    0x0800016c   0x0800016c   0x0000001a   Code   RO         2703    !!handler_copy      c_wu.l(__scatter_copy.o)
    0x08000186   0x08000186   0x00000002   PAD
    0x08000188   0x08000188   0x0000001c   Code   RO         2705    !!handler_zi        c_wu.l(__scatter_zi.o)
    0x080001a4   0x080001a4   0x00000000   Code   RO         2127    .ARM.Collect$$_printf_percent$$00000000  c_wu.l(_printf_percent.o)
    0x080001a4   0x080001a4   0x00000006   Code   RO         2126    .ARM.Collect$$_printf_percent$$00000003  c_wu.l(_printf_f.o)
    0x080001aa   0x080001aa   0x00000006   Code   RO         2125    .ARM.Collect$$_printf_percent$$00000009  c_wu.l(_printf_d.o)
    0x080001b0   0x080001b0   0x00000006   Code   RO         2124    .ARM.Collect$$_printf_percent$$0000000C  c_wu.l(_printf_x.o)
    0x080001b6   0x080001b6   0x00000004   Code   RO         2299    .ARM.Collect$$_printf_percent$$00000017  c_wu.l(_printf_percent_end.o)
    0x080001ba   0x080001ba   0x00000002   Code   RO         2570    .ARM.Collect$$libinit$$00000000  c_wu.l(libinit.o)
    0x080001bc   0x080001bc   0x00000000   Code   RO         2572    .ARM.Collect$$libinit$$00000002  c_wu.l(libinit2.o)
    0x080001bc   0x080001bc   0x00000000   Code   RO         2574    .ARM.Collect$$libinit$$00000004  c_wu.l(libinit2.o)
    0x080001bc   0x080001bc   0x00000000   Code   RO         2577    .ARM.Collect$$libinit$$0000000A  c_wu.l(libinit2.o)
    0x080001bc   0x080001bc   0x00000000   Code   RO         2579    .ARM.Collect$$libinit$$0000000C  c_wu.l(libinit2.o)
    0x080001bc   0x080001bc   0x00000000   Code   RO         2581    .ARM.Collect$$libinit$$0000000E  c_wu.l(libinit2.o)
    0x080001bc   0x080001bc   0x00000006   Code   RO         2582    .ARM.Collect$$libinit$$0000000F  c_wu.l(libinit2.o)
    0x080001c2   0x080001c2   0x00000000   Code   RO         2584    .ARM.Collect$$libinit$$00000011  c_wu.l(libinit2.o)
    0x080001c2   0x080001c2   0x00000000   Code   RO         2586    .ARM.Collect$$libinit$$00000013  c_wu.l(libinit2.o)
    0x080001c2   0x080001c2   0x00000000   Code   RO         2588    .ARM.Collect$$libinit$$00000015  c_wu.l(libinit2.o)
    0x080001c2   0x080001c2   0x0000000a   Code   RO         2589    .ARM.Collect$$libinit$$00000016  c_wu.l(libinit2.o)
    0x080001cc   0x080001cc   0x00000000   Code   RO         2590    .ARM.Collect$$libinit$$00000017  c_wu.l(libinit2.o)
    0x080001cc   0x080001cc   0x00000000   Code   RO         2592    .ARM.Collect$$libinit$$00000019  c_wu.l(libinit2.o)
    0x080001cc   0x080001cc   0x00000000   Code   RO         2594    .ARM.Collect$$libinit$$0000001B  c_wu.l(libinit2.o)
    0x080001cc   0x080001cc   0x00000000   Code   RO         2596    .ARM.Collect$$libinit$$0000001D  c_wu.l(libinit2.o)
    0x080001cc   0x080001cc   0x00000000   Code   RO         2598    .ARM.Collect$$libinit$$0000001F  c_wu.l(libinit2.o)
    0x080001cc   0x080001cc   0x00000000   Code   RO         2600    .ARM.Collect$$libinit$$00000021  c_wu.l(libinit2.o)
    0x080001cc   0x080001cc   0x00000000   Code   RO         2602    .ARM.Collect$$libinit$$00000023  c_wu.l(libinit2.o)
    0x080001cc   0x080001cc   0x00000000   Code   RO         2604    .ARM.Collect$$libinit$$00000025  c_wu.l(libinit2.o)
    0x080001cc   0x080001cc   0x00000000   Code   RO         2608    .ARM.Collect$$libinit$$0000002C  c_wu.l(libinit2.o)
    0x080001cc   0x080001cc   0x00000000   Code   RO         2610    .ARM.Collect$$libinit$$0000002E  c_wu.l(libinit2.o)
    0x080001cc   0x080001cc   0x00000000   Code   RO         2612    .ARM.Collect$$libinit$$00000030  c_wu.l(libinit2.o)
    0x080001cc   0x080001cc   0x00000000   Code   RO         2614    .ARM.Collect$$libinit$$00000032  c_wu.l(libinit2.o)
    0x080001cc   0x080001cc   0x00000002   Code   RO         2615    .ARM.Collect$$libinit$$00000033  c_wu.l(libinit2.o)
    0x080001ce   0x080001ce   0x00000002   Code   RO         2682    .ARM.Collect$$libshutdown$$00000000  c_wu.l(libshutdown.o)
    0x080001d0   0x080001d0   0x00000000   Code   RO         2684    .ARM.Collect$$libshutdown$$00000002  c_wu.l(libshutdown2.o)
    0x080001d0   0x080001d0   0x00000000   Code   RO         2686    .ARM.Collect$$libshutdown$$00000004  c_wu.l(libshutdown2.o)
    0x080001d0   0x080001d0   0x00000000   Code   RO         2689    .ARM.Collect$$libshutdown$$00000007  c_wu.l(libshutdown2.o)
    0x080001d0   0x080001d0   0x00000000   Code   RO         2692    .ARM.Collect$$libshutdown$$0000000A  c_wu.l(libshutdown2.o)
    0x080001d0   0x080001d0   0x00000000   Code   RO         2694    .ARM.Collect$$libshutdown$$0000000C  c_wu.l(libshutdown2.o)
    0x080001d0   0x080001d0   0x00000000   Code   RO         2697    .ARM.Collect$$libshutdown$$0000000F  c_wu.l(libshutdown2.o)
    0x080001d0   0x080001d0   0x00000002   Code   RO         2698    .ARM.Collect$$libshutdown$$00000010  c_wu.l(libshutdown2.o)
    0x080001d2   0x080001d2   0x00000000   Code   RO         2282    .ARM.Collect$$rtentry$$00000000  c_wu.l(__rtentry.o)
    0x080001d2   0x080001d2   0x00000000   Code   RO         2457    .ARM.Collect$$rtentry$$00000002  c_wu.l(__rtentry2.o)
    0x080001d2   0x080001d2   0x00000006   Code   RO         2469    .ARM.Collect$$rtentry$$00000004  c_wu.l(__rtentry4.o)
    0x080001d8   0x080001d8   0x00000000   Code   RO         2459    .ARM.Collect$$rtentry$$00000009  c_wu.l(__rtentry2.o)
    0x080001d8   0x080001d8   0x00000004   Code   RO         2460    .ARM.Collect$$rtentry$$0000000A  c_wu.l(__rtentry2.o)
    0x080001dc   0x080001dc   0x00000000   Code   RO         2462    .ARM.Collect$$rtentry$$0000000C  c_wu.l(__rtentry2.o)
    0x080001dc   0x080001dc   0x00000008   Code   RO         2463    .ARM.Collect$$rtentry$$0000000D  c_wu.l(__rtentry2.o)
    0x080001e4   0x080001e4   0x00000002   Code   RO         2618    .ARM.Collect$$rtexit$$00000000  c_wu.l(rtexit.o)
    0x080001e6   0x080001e6   0x00000000   Code   RO         2641    .ARM.Collect$$rtexit$$00000002  c_wu.l(rtexit2.o)
    0x080001e6   0x080001e6   0x00000004   Code   RO         2642    .ARM.Collect$$rtexit$$00000003  c_wu.l(rtexit2.o)
    0x080001ea   0x080001ea   0x00000006   Code   RO         2643    .ARM.Collect$$rtexit$$00000004  c_wu.l(rtexit2.o)
    0x080001f0   0x080001f0   0x00000040   Code   RO          156  * .text               startup_stm32f10x_hd.o
    0x08000230   0x08000230   0x00000002   Code   RO         2063    .text               c_wu.l(use_no_semi_2.o)
    0x08000232   0x08000232   0x00000048   Code   RO         2065    .text               c_wu.l(llsdiv.o)
    0x0800027a   0x0800027a   0x00000002   PAD
    0x0800027c   0x0800027c   0x00000018   Code   RO         2071    .text               c_wu.l(noretval__2printf.o)
    0x08000294   0x08000294   0x00000028   Code   RO         2073    .text               c_wu.l(noretval__2sprintf.o)
    0x080002bc   0x080002bc   0x0000004e   Code   RO         2077    .text               c_wu.l(_printf_pad.o)
    0x0800030a   0x0800030a   0x00000024   Code   RO         2079    .text               c_wu.l(_printf_truncate.o)
    0x0800032e   0x0800032e   0x00000002   PAD
    0x08000330   0x08000330   0x00000078   Code   RO         2081    .text               c_wu.l(_printf_dec.o)
    0x080003a8   0x080003a8   0x00000058   Code   RO         2086    .text               c_wu.l(_printf_hex_int.o)
    0x08000400   0x08000400   0x00000188   Code   RO         2121    .text               c_wu.l(__printf_flags_ss_wp.o)
    0x08000588   0x08000588   0x0000002c   Code   RO         2128    .text               c_wu.l(puts.o)
    0x080005b4   0x080005b4   0x00000058   Code   RO         2130    .text               c_wu.l(memcmp.o)
    0x0800060c   0x0800060c   0x0000003e   Code   RO         2132    .text               c_wu.l(strlen.o)
    0x0800064a   0x0800064a   0x00000006   Code   RO         2136    .text               c_wu.l(heapauxi.o)
    0x08000650   0x08000650   0x00000002   Code   RO         2280    .text               c_wu.l(use_no_semi.o)
    0x08000652   0x08000652   0x000000ee   Code   RO         2283    .text               c_wu.l(lludivv7m.o)
    0x08000740   0x08000740   0x00000016   Code   RO         2285    .text               c_wu.l(_rserrno.o)
    0x08000756   0x08000756   0x000000b2   Code   RO         2287    .text               c_wu.l(_printf_intcommon.o)
    0x08000808   0x08000808   0x0000041c   Code   RO         2289    .text               c_wu.l(_printf_fp_dec.o)
    0x08000c24   0x08000c24   0x00000030   Code   RO         2293    .text               c_wu.l(_printf_char_common.o)
    0x08000c54   0x08000c54   0x0000000a   Code   RO         2295    .text               c_wu.l(_sputc.o)
    0x08000c5e   0x08000c5e   0x00000002   PAD
    0x08000c60   0x08000c60   0x00000024   Code   RO         2297    .text               c_wu.l(_printf_char_file.o)
    0x08000c84   0x08000c84   0x00000008   Code   RO         2478    .text               c_wu.l(rt_locale_intlibspace.o)
    0x08000c8c   0x08000c8c   0x00000008   Code   RO         2483    .text               c_wu.l(rt_errno_addr_intlibspace.o)
    0x08000c94   0x08000c94   0x0000008a   Code   RO         2485    .text               c_wu.l(lludiv10.o)
    0x08000d1e   0x08000d1e   0x00000002   PAD
    0x08000d20   0x08000d20   0x00000080   Code   RO         2487    .text               c_wu.l(_printf_fp_infnan.o)
    0x08000da0   0x08000da0   0x000000e4   Code   RO         2491    .text               c_wu.l(bigflt0.o)
    0x08000e84   0x08000e84   0x00000008   Code   RO         2518    .text               c_wu.l(ferror.o)
    0x08000e8c   0x08000e8c   0x00000008   Code   RO         2544    .text               c_wu.l(libspace.o)
    0x08000e94   0x08000e94   0x0000004a   Code   RO         2547    .text               c_wu.l(sys_stackheap_outer.o)
    0x08000ede   0x08000ede   0x00000012   Code   RO         2555    .text               c_wu.l(exit.o)
    0x08000ef0   0x08000ef0   0x00000080   Code   RO         2563    .text               c_wu.l(strcmpv7m.o)
    0x08000f70   0x08000f70   0x00000012   Code   RO          190    .text.ADC_Cmd       stm32f10x_adc.o
    0x08000f82   0x08000f82   0x00000002   PAD
    0x08000f84   0x08000f84   0x00000060   Code   RO          184    .text.ADC_DeInit    stm32f10x_adc.o
    0x08000fe4   0x08000fe4   0x00000008   Code   RO          202    .text.ADC_GetCalibrationStatus  stm32f10x_adc.o
    0x08000fec   0x08000fec   0x00000006   Code   RO          216    .text.ADC_GetConversionValue  stm32f10x_adc.o
    0x08000ff2   0x08000ff2   0x00000002   PAD
    0x08000ff4   0x08000ff4   0x0000000a   Code   RO          248    .text.ADC_GetFlagStatus  stm32f10x_adc.o
    0x08000ffe   0x08000ffe   0x00000002   PAD
    0x08001000   0x08001000   0x00000008   Code   RO          198    .text.ADC_GetResetCalibrationStatus  stm32f10x_adc.o
    0x08001008   0x08001008   0x00000052   Code   RO          186    .text.ADC_Init      stm32f10x_adc.o
    0x0800105a   0x0800105a   0x00000002   PAD
    0x0800105c   0x0800105c   0x00000066   Code   RO          212    .text.ADC_RegularChannelConfig  stm32f10x_adc.o
    0x080010c2   0x080010c2   0x00000002   PAD
    0x080010c4   0x080010c4   0x0000000a   Code   RO          196    .text.ADC_ResetCalibration  stm32f10x_adc.o
    0x080010ce   0x080010ce   0x00000002   PAD
    0x080010d0   0x080010d0   0x00000012   Code   RO          204    .text.ADC_SoftwareStartConvCmd  stm32f10x_adc.o
    0x080010e2   0x080010e2   0x00000002   PAD
    0x080010e4   0x080010e4   0x0000000a   Code   RO          200    .text.ADC_StartCalibration  stm32f10x_adc.o
    0x080010ee   0x080010ee   0x00000002   PAD
    0x080010f0   0x080010f0   0x00000002   Code   RO           37    .text.BusFault_Handler  stm32f10x_it.o
    0x080010f2   0x080010f2   0x00000002   PAD
    0x080010f4   0x080010f4   0x00000032   Code   RO         1990    .text.Complementary_ADC  filter.o
    0x08001126   0x08001126   0x00000002   PAD
    0x08001128   0x08001128   0x0000004a   Code   RO         1984    .text.Complementary_Filter_x  filter.o
    0x08001172   0x08001172   0x00000002   PAD
    0x08001174   0x08001174   0x0000004a   Code   RO         1988    .text.Complementary_Filter_y  filter.o
    0x080011be   0x080011be   0x00000002   PAD
    0x080011c0   0x080011c0   0x00000002   Code   RO           41    .text.DebugMon_Handler  stm32f10x_it.o
    0x080011c2   0x080011c2   0x00000002   PAD
    0x080011c4   0x080011c4   0x00000032   Code   RO         1452    .text.EXTI0_IRQHandler  drv_key.o
    0x080011f6   0x080011f6   0x00000002   PAD
    0x080011f8   0x080011f8   0x0000000c   Code   RO          522    .text.EXTI_ClearITPendingBit  stm32f10x_exti.o
    0x08001204   0x08001204   0x00000060   Code   RO          510    .text.EXTI_Init     stm32f10x_exti.o
    0x08001264   0x08001264   0x00000034   Code   RO          683    .text.GPIO_EXTILineConfig  stm32f10x_gpio.o
    0x08001298   0x08001298   0x000002de   Code   RO          655    .text.GPIO_Init     stm32f10x_gpio.o
    0x08001576   0x08001576   0x00000002   PAD
    0x08001578   0x08001578   0x0000006e   Code   RO          681    .text.GPIO_PinRemapConfig  stm32f10x_gpio.o
    0x080015e6   0x080015e6   0x00000002   PAD
    0x080015e8   0x080015e8   0x0000000a   Code   RO          659    .text.GPIO_ReadInputDataBit  stm32f10x_gpio.o
    0x080015f2   0x080015f2   0x00000002   PAD
    0x080015f4   0x080015f4   0x00000004   Code   RO          669    .text.GPIO_ResetBits  stm32f10x_gpio.o
    0x080015f8   0x080015f8   0x00000004   Code   RO          667    .text.GPIO_SetBits  stm32f10x_gpio.o
    0x080015fc   0x080015fc   0x000001cc   Code   RO         1556    .text.Get_UnfilterAngle  drv_mpu6050.o
    0x080017c8   0x080017c8   0x00000002   Code   RO           33    .text.HardFault_Handler  stm32f10x_it.o
    0x080017ca   0x080017ca   0x00000002   PAD
    0x080017cc   0x080017cc   0x00000006   Code   RO         1493    .text.IIC_Delay     drv_extiic.o
    0x080017d2   0x080017d2   0x00000002   PAD
    0x080017d4   0x080017d4   0x0000003c   Code   RO         1507    .text.IIC_Init      drv_extiic.o
    0x08001810   0x08001810   0x00000190   Code   RO         1503    .text.IIC_Read_Byte  drv_extiic.o
    0x080019a0   0x080019a0   0x00000110   Code   RO         1499    .text.IIC_Send_Byte  drv_extiic.o
    0x08001ab0   0x08001ab0   0x0000003c   Code   RO         1497    .text.IIC_Start     drv_extiic.o
    0x08001aec   0x08001aec   0x0000003e   Code   RO         1505    .text.IIC_Stop      drv_extiic.o
    0x08001b2a   0x08001b2a   0x00000002   PAD
    0x08001b2c   0x08001b2c   0x00000096   Code   RO         1501    .text.IIC_Wait_Ack  drv_extiic.o
    0x08001bc2   0x08001bc2   0x00000002   PAD
    0x08001bc4   0x08001bc4   0x00000060   Code   RO         1976    .text.KalmanFilter1_adc  filter.o
    0x08001c24   0x08001c24   0x0000017e   Code   RO         1982    .text.Kalman_Filter_x  filter.o
    0x08001da2   0x08001da2   0x00000002   PAD
    0x08001da4   0x08001da4   0x0000017c   Code   RO         1986    .text.Kalman_Filter_y  filter.o
    0x08001f20   0x08001f20   0x00000020   Code   RO         1972    .text.Kalman_Init   filter.o
    0x08001f40   0x08001f40   0x000000b6   Code   RO         1552    .text.MPU6050_read  drv_mpu6050.o
    0x08001ff6   0x08001ff6   0x00000002   PAD
    0x08001ff8   0x08001ff8   0x000000a0   Code   RO         1532    .text.MPU_Init      drv_mpu6050.o
    0x08002098   0x08002098   0x00000002   Code   RO           35    .text.MemManage_Handler  stm32f10x_it.o
    0x0800209a   0x0800209a   0x00000002   PAD
    0x0800209c   0x0800209c   0x00000002   Code   RO           31    .text.NMI_Handler   stm32f10x_it.o
    0x0800209e   0x0800209e   0x00000002   PAD
    0x080020a0   0x080020a0   0x00000060   Code   RO          165    .text.NVIC_Init     misc.o
    0x08002100   0x08002100   0x00000014   Code   RO          163    .text.NVIC_PriorityGroupConfig  misc.o
    0x08002114   0x08002114   0x00000014   Code   RO          857    .text.RCC_ADCCLKConfig  stm32f10x_rcc.o
    0x08002128   0x08002128   0x00000018   Code   RO          873    .text.RCC_APB1PeriphClockCmd  stm32f10x_rcc.o
    0x08002140   0x08002140   0x00000018   Code   RO          871    .text.RCC_APB2PeriphClockCmd  stm32f10x_rcc.o
    0x08002158   0x08002158   0x00000018   Code   RO          875    .text.RCC_APB2PeriphResetCmd  stm32f10x_rcc.o
    0x08002170   0x08002170   0x000000b0   Code   RO          867    .text.RCC_GetClocksFreq  stm32f10x_rcc.o
    0x08002220   0x08002220   0x00000148   Code   RO         1515    .text.Read_Len      drv_extiic.o
    0x08002368   0x08002368   0x0000001a   Code   RO          171    .text.SysTick_CLKSourceConfig  misc.o
    0x08002382   0x08002382   0x00000002   PAD
    0x08002384   0x08002384   0x00000156   Code   RO           53    .text.SystemInit    system_stm32f10x.o
    0x080024da   0x080024da   0x00000002   PAD
    0x080024dc   0x080024dc   0x000003ae   Code   RO         1603    .text.TIM4_IRQHandler  drv_timer4.o
    0x0800288a   0x0800288a   0x00000002   PAD
    0x0800288c   0x0800288c   0x00000006   Code   RO         1239    .text.TIM_ClearFlag  stm32f10x_tim.o
    0x08002892   0x08002892   0x00000002   PAD
    0x08002894   0x08002894   0x00000006   Code   RO         1243    .text.TIM_ClearITPendingBit  stm32f10x_tim.o
    0x0800289a   0x0800289a   0x00000002   PAD
    0x0800289c   0x0800289c   0x00000012   Code   RO         1105    .text.TIM_Cmd       stm32f10x_tim.o
    0x080028ae   0x080028ae   0x00000002   PAD
    0x080028b0   0x080028b0   0x00000014   Code   RO         1241    .text.TIM_GetITStatus  stm32f10x_tim.o
    0x080028c4   0x080028c4   0x00000010   Code   RO         1109    .text.TIM_ITConfig  stm32f10x_tim.o
    0x080028d4   0x080028d4   0x000000aa   Code   RO         1073    .text.TIM_TimeBaseInit  stm32f10x_tim.o
    0x0800297e   0x0800297e   0x00000002   PAD
    0x08002980   0x08002980   0x00000048   Code   RO          136    .text.USART1_IRQHandler  usart.o
    0x080029c8   0x080029c8   0x00000034   Code   RO         1629    .text.USART2_IRQHandler  drv_uart2.o
    0x080029fc   0x080029fc   0x00000012   Code   RO         1266    .text.USART_Cmd     stm32f10x_usart.o
    0x08002a0e   0x08002a0e   0x00000002   PAD
    0x08002a10   0x08002a10   0x0000000a   Code   RO         1306    .text.USART_GetFlagStatus  stm32f10x_usart.o
    0x08002a1a   0x08002a1a   0x00000002   PAD
    0x08002a1c   0x08002a1c   0x00000042   Code   RO         1310    .text.USART_GetITStatus  stm32f10x_usart.o
    0x08002a5e   0x08002a5e   0x00000002   PAD
    0x08002a60   0x08002a60   0x0000002e   Code   RO         1268    .text.USART_ITConfig  stm32f10x_usart.o
    0x08002a8e   0x08002a8e   0x00000002   PAD
    0x08002a90   0x08002a90   0x000000aa   Code   RO         1258    .text.USART_Init    stm32f10x_usart.o
    0x08002b3a   0x08002b3a   0x00000002   PAD
    0x08002b3c   0x08002b3c   0x00000008   Code   RO         1284    .text.USART_ReceiveData  stm32f10x_usart.o
    0x08002b44   0x08002b44   0x00000008   Code   RO         1282    .text.USART_SendData  stm32f10x_usart.o
    0x08002b4c   0x08002b4c   0x00000002   Code   RO           39    .text.UsageFault_Handler  stm32f10x_it.o
    0x08002b4e   0x08002b4e   0x00000002   PAD
    0x08002b50   0x08002b50   0x00000046   Code   RO         1528    .text.Write_Byte    drv_mpu6050.o
    0x08002b96   0x08002b96   0x00000002   PAD
    0x08002b98   0x08002b98   0x00000138   Code   RO         1513    .text.Write_Len     drv_extiic.o
    0x08002cd0   0x08002cd0   0x0000007a   Code   RO         1450    .text._Z10EXTIX_Initv  drv_key.o
    0x08002d4a   0x08002d4a   0x00000002   PAD
    0x08002d4c   0x08002d4c   0x00000014   Code   RO         1396    .text._Z11LCD_WR_DATAt  drv_lcd.o
    0x08002d60   0x08002d60   0x0000006c   Code   RO         1601    .text._Z11Timer4_initii  drv_timer4.o
    0x08002dcc   0x08002dcc   0x0000014e   Code   RO         1677    .text._Z12LCD_ShowChartthtthh  gui.o
    0x08002f1a   0x08002f1a   0x00000002   PAD
    0x08002f1c   0x08002f1c   0x00000d10   Code   RO         1689    .text._Z12LCD_ShowMAINv  gui.o
    0x08003c2c   0x08003c2c   0x00000154   Code   RO         1392    .text._Z12LCD_Writ_Bush  drv_lcd.o
    0x08003d80   0x08003d80   0x00000082   Code   RO         1480    .text._Z12init_drv_ADCv  drv_adc.o
    0x08003e02   0x08003e02   0x00000002   PAD
    0x08003e04   0x08003e04   0x0000028e   Code   RO         1402    .text._Z12init_drv_LCDv  drv_lcd.o
    0x08004092   0x08004092   0x00000002   PAD
    0x08004094   0x08004094   0x0000019e   Code   RO         1362    .text._Z12init_drv_LEDv  drv_led.o
    0x08004232   0x08004232   0x00000002   PAD
    0x08004234   0x08004234   0x0000007a   Code   RO         1390    .text._Z13LCD_GPIO_Initv  drv_lcd.o
    0x080042ae   0x080042ae   0x00000002   PAD
    0x080042b0   0x080042b0   0x00000044   Code   RO         1679    .text._Z14LCD_ShowStringttPKhtthh  gui.o
    0x080042f4   0x080042f4   0x00000086   Code   RO         1627    .text._Z14init_drv_Uart2j  drv_uart2.o
    0x0800437a   0x0800437a   0x00000002   PAD
    0x0800437c   0x0800437c   0x0000008e   Code   RO         1400    .text._Z15LCD_Address_Settttt  drv_lcd.o
    0x0800440a   0x0800440a   0x00000002   PAD
    0x0800440c   0x0800440c   0x000000ba   Code   RO         1478    .text._Z16Get_battery_volti  drv_adc.o
    0x080044c6   0x080044c6   0x00000002   PAD
    0x080044c8   0x080044c8   0x00000158   Code   RO         1685    .text._Z17LCD_ShowFloatNum1ttfhtth  gui.o
    0x08004620   0x08004620   0x00000048   Code   RO         1667    .text._Z8LCD_Fillttttt  gui.o
    0x08004668   0x08004668   0x00000002   Code   RO          126    .text._sys_exit     usart.o
    0x0800466a   0x0800466a   0x00000002   PAD
    0x0800466c   0x0800466c   0x000005a8   Code   RO         1554    .text.attitude_algorithm1  drv_mpu6050.o
    0x08004c14   0x08004c14   0x00000042   Code   RO           70    .text.delay_init    delay.o
    0x08004c56   0x08004c56   0x00000002   PAD
    0x08004c58   0x08004c58   0x0000005a   Code   RO           74    .text.delay_ms      delay.o
    0x08004cb2   0x08004cb2   0x00000002   PAD
    0x08004cb4   0x08004cb4   0x0000005a   Code   RO           72    .text.delay_us      delay.o
    0x08004d0e   0x08004d0e   0x00000002   PAD
    0x08004d10   0x08004d10   0x000002aa   Code   RO         1928    .text.dmp_enable_feature  inv_mpu_dmp_motion_driver.o
    0x08004fba   0x08004fba   0x00000002   PAD
    0x08004fbc   0x08004fbc   0x00000016   Code   RO         1892    .text.dmp_load_motion_driver_firmware  inv_mpu_dmp_motion_driver.o
    0x08004fd2   0x08004fd2   0x00000002   PAD
    0x08004fd4   0x08004fd4   0x000001f4   Code   RO         1940    .text.dmp_read_fifo  inv_mpu_dmp_motion_driver.o
    0x080051c8   0x080051c8   0x000000d0   Code   RO         1898    .text.dmp_set_accel_bias  inv_mpu_dmp_motion_driver.o
    0x08005298   0x08005298   0x00000056   Code   RO         1900    .text.dmp_set_fifo_rate  inv_mpu_dmp_motion_driver.o
    0x080052ee   0x080052ee   0x00000002   PAD
    0x080052f0   0x080052f0   0x000000e4   Code   RO         1896    .text.dmp_set_gyro_bias  inv_mpu_dmp_motion_driver.o
    0x080053d4   0x080053d4   0x000000e4   Code   RO         1894    .text.dmp_set_orientation  inv_mpu_dmp_motion_driver.o
    0x080054b8   0x080054b8   0x0000011e   Code   RO         1904    .text.dmp_set_tap_thresh  inv_mpu_dmp_motion_driver.o
    0x080055d6   0x080055d6   0x00000002   PAD
    0x080055d8   0x080055d8   0x0000002e   Code   RO          128    .text.fputc         usart.o
    0x08005606   0x08005606   0x00000002   PAD
    0x08005608   0x08005608   0x00000354   Code   RO         1848    .text.get_st_biases  inv_mpu.o
    0x0800595c   0x0800595c   0x0000000e   Code   RO         1378    .text.init_drv_Main  drv_main.o
    0x0800596a   0x0800596a   0x00000002   PAD
    0x0800596c   0x0800596c   0x00000190   Code   RO            4    .text.main          main.o
    0x08005afc   0x08005afc   0x00000002   Code   RO         1806    .text.mget_ms       inv_mpu.o
    0x08005afe   0x08005afe   0x00000002   PAD
    0x08005b00   0x08005b00   0x000000c0   Code   RO         1794    .text.mpu_configure_fifo  inv_mpu.o
    0x08005bc0   0x08005bc0   0x000001e6   Code   RO         1874    .text.mpu_dmp_get_data  inv_mpu.o
    0x08005da6   0x08005da6   0x00000002   PAD
    0x08005da8   0x08005da8   0x000001b8   Code   RO         1872    .text.mpu_dmp_init  inv_mpu.o
    0x08005f60   0x08005f60   0x0000003c   Code   RO         1818    .text.mpu_get_accel_fsr  inv_mpu.o
    0x08005f9c   0x08005f9c   0x0000005a   Code   RO         1830    .text.mpu_get_accel_sens  inv_mpu.o
    0x08005ff6   0x08005ff6   0x00000002   PAD
    0x08005ff8   0x08005ff8   0x00000224   Code   RO         1784    .text.mpu_init      inv_mpu.o
    0x0800621c   0x0800621c   0x0000014e   Code   RO         1854    .text.mpu_load_firmware  inv_mpu.o
    0x0800636a   0x0800636a   0x00000002   PAD
    0x0800636c   0x0800636c   0x000001ee   Code   RO         1800    .text.mpu_lp_accel_mode  inv_mpu.o
    0x0800655a   0x0800655a   0x00000002   PAD
    0x0800655c   0x0800655c   0x000000aa   Code   RO         1840    .text.mpu_read_fifo_stream  inv_mpu.o
    0x08006606   0x08006606   0x00000002   PAD
    0x08006608   0x08006608   0x00000172   Code   RO         1814    .text.mpu_reset_fifo  inv_mpu.o
    0x0800677a   0x0800677a   0x00000002   PAD
    0x0800677c   0x0800677c   0x00000948   Code   RO         1844    .text.mpu_run_self_test  inv_mpu.o
    0x080070c4   0x080070c4   0x000000e8   Code   RO         1796    .text.mpu_set_bypass  inv_mpu.o
    0x080071ac   0x080071ac   0x000000ee   Code   RO         1846    .text.mpu_set_dmp_state  inv_mpu.o
    0x0800729a   0x0800729a   0x00000002   PAD
    0x0800729c   0x0800729c   0x000000e0   Code   RO         1792    .text.mpu_set_sample_rate  inv_mpu.o
    0x0800737c   0x0800737c   0x000000f6   Code   RO         1798    .text.mpu_set_sensors  inv_mpu.o
    0x08007472   0x08007472   0x00000002   PAD
    0x08007474   0x08007474   0x00000068   Code   RO         1850    .text.mpu_write_mem  inv_mpu.o
    0x080074dc   0x080074dc   0x0000007e   Code   RO         1998    .text.pt1FilterApply4  filter.o
    0x0800755a   0x0800755a   0x00000002   PAD
    0x0800755c   0x0800755c   0x000000f0   Code   RO         1866    .text.run_self_test  inv_mpu.o
    0x0800764c   0x0800764c   0x0000006c   Code   RO          130    .text.uart_dataf    usart.o
    0x080076b8   0x080076b8   0x00000096   Code   RO          134    .text.uart_init     usart.o
    0x0800774e   0x0800774e   0x0000003e   Code   RO         2494    CL$$btod_d2e        c_wu.l(btod.o)
    0x0800778c   0x0800778c   0x00000046   Code   RO         2496    CL$$btod_d2e_denorm_low  c_wu.l(btod.o)
    0x080077d2   0x080077d2   0x00000060   Code   RO         2495    CL$$btod_d2e_norm_op1  c_wu.l(btod.o)
    0x08007832   0x08007832   0x00000338   Code   RO         2504    CL$$btod_div_common  c_wu.l(btod.o)
    0x08007b6a   0x08007b6a   0x000000dc   Code   RO         2501    CL$$btod_e2e        c_wu.l(btod.o)
    0x08007c46   0x08007c46   0x0000002a   Code   RO         2498    CL$$btod_ediv       c_wu.l(btod.o)
    0x08007c70   0x08007c70   0x0000002a   Code   RO         2497    CL$$btod_emul       c_wu.l(btod.o)
    0x08007c9a   0x08007c9a   0x00000244   Code   RO         2503    CL$$btod_mult_common  c_wu.l(btod.o)
    0x08007ede   0x08007ede   0x00000028   Code   RO         2427    i.__ARM_fpclassify  m_ws.l(fpclassify.o)
    0x08007f06   0x08007f06   0x00000026   Code   RO         2429    i.__ARM_fpclassifyf  m_ws.l(fpclassifyf.o)
    0x08007f2c   0x08007f2c   0x000000aa   Code   RO         2445    i.__kernel_poly     m_ws.l(poly.o)
    0x08007fd6   0x08007fd6   0x00000006   Code   RO         2414    i.__mathlib_dbl_infnan  m_ws.l(dunder.o)
    0x08007fdc   0x08007fdc   0x00000004   Code   RO         2415    i.__mathlib_dbl_infnan2  m_ws.l(dunder.o)
    0x08007fe0   0x08007fe0   0x0000000c   Code   RO         2416    i.__mathlib_dbl_invalid  m_ws.l(dunder.o)
    0x08007fec   0x08007fec   0x00000010   Code   RO         2419    i.__mathlib_dbl_underflow  m_ws.l(dunder.o)
    0x08007ffc   0x08007ffc   0x00000006   Code   RO         2432    i.__mathlib_flt_infnan  m_ws.l(funder.o)
    0x08008002   0x08008002   0x00000004   Code   RO         2433    i.__mathlib_flt_infnan2  m_ws.l(funder.o)
    0x08008006   0x08008006   0x00000008   Code   RO         2434    i.__mathlib_flt_invalid  m_ws.l(funder.o)
    0x0800800e   0x0800800e   0x0000000a   Code   RO         2437    i.__mathlib_flt_underflow  m_ws.l(funder.o)
    0x08008018   0x08008018   0x0000000e   Code   RO         2114    i._is_digit         c_wu.l(__printf_wp.o)
    0x08008026   0x08008026   0x00000002   PAD
    0x08008028   0x08008028   0x00000270   Code   RO         2235    i.asin              m_ws.l(asin.o)
    0x08008298   0x08008298   0x00000124   Code   RO         2245    i.asinf             m_ws.l(asinf.o)
    0x080083bc   0x080083bc   0x00000220   Code   RO         2404    i.atan              m_ws.l(atan.o)
    0x080085dc   0x080085dc   0x0000019c   Code   RO         2253    i.atan2             m_ws.l(atan2.o)
    0x08008778   0x08008778   0x0000028c   Code   RO         2261    i.atan2f            m_ws.l(atan2f.o)
    0x08008a04   0x08008a04   0x0000004c   Code   RO         2449    i.sqrt              m_ws.l(sqrt.o)
    0x08008a50   0x08008a50   0x0000002c   Code   RO         2273    i.sqrtf             m_ws.l(sqrtf.o)
    0x08008a7c   0x08008a7c   0x0000002c   Code   RO         2523    locale$$code        c_wu.l(lc_numeric_c.o)
    0x08008aa8   0x08008aa8   0x00000062   Code   RO         2140    x$fpl$d2f           fz_ws.l(d2f.o)
    0x08008b0a   0x08008b0a   0x00000002   PAD
    0x08008b0c   0x08008b0c   0x00000150   Code   RO         2142    x$fpl$dadd          fz_ws.l(daddsub_clz.o)
    0x08008c5c   0x08008c5c   0x00000010   Code   RO         2531    x$fpl$dcheck1       fz_ws.l(dcheck1.o)
    0x08008c6c   0x08008c6c   0x00000018   Code   RO         2533    x$fpl$dcmpinf       fz_ws.l(dcmpi.o)
    0x08008c84   0x08008c84   0x000002b0   Code   RO         2151    x$fpl$ddiv          fz_ws.l(ddiv.o)
    0x08008f34   0x08008f34   0x00000078   Code   RO         2302    x$fpl$deqf          fz_ws.l(deqf.o)
    0x08008fac   0x08008fac   0x0000002e   Code   RO         2159    x$fpl$dflt          fz_ws.l(dflt_clz.o)
    0x08008fda   0x08008fda   0x00000002   PAD
    0x08008fdc   0x08008fdc   0x00000154   Code   RO         2164    x$fpl$dmul          fz_ws.l(dmul.o)
    0x08009130   0x08009130   0x0000009c   Code   RO         2308    x$fpl$dnaninf       fz_ws.l(dnaninf.o)
    0x080091cc   0x080091cc   0x0000000c   Code   RO         2310    x$fpl$dretinf       fz_ws.l(dretinf.o)
    0x080091d8   0x080091d8   0x00000016   Code   RO         2143    x$fpl$drsb          fz_ws.l(daddsub_clz.o)
    0x080091ee   0x080091ee   0x00000002   PAD
    0x080091f0   0x080091f0   0x000001cc   Code   RO         2535    x$fpl$dsqrt         fz_ws.l(dsqrt_noumaal.o)
    0x080093bc   0x080093bc   0x000001d4   Code   RO         2144    x$fpl$dsub          fz_ws.l(daddsub_clz.o)
    0x08009590   0x08009590   0x00000056   Code   RO         2166    x$fpl$f2d           fz_ws.l(f2d.o)
    0x080095e6   0x080095e6   0x00000002   PAD
    0x080095e8   0x080095e8   0x000000c4   Code   RO         2168    x$fpl$fadd          fz_ws.l(faddsub_clz.o)
    0x080096ac   0x080096ac   0x0000000c   Code   RO         2537    x$fpl$fcheck1       fz_ws.l(fcheck1.o)
    0x080096b8   0x080096b8   0x00000054   Code   RO         2174    x$fpl$fcmp          fz_ws.l(fcmp.o)
    0x0800970c   0x0800970c   0x00000018   Code   RO         2539    x$fpl$fcmpinf       fz_ws.l(fcmpi.o)
    0x08009724   0x08009724   0x00000184   Code   RO         2177    x$fpl$fdiv          fz_ws.l(fdiv.o)
    0x080098a8   0x080098a8   0x00000068   Code   RO         2312    x$fpl$feqf          fz_ws.l(feqf.o)
    0x08009910   0x08009910   0x00000036   Code   RO         2180    x$fpl$ffix          fz_ws.l(ffix.o)
    0x08009946   0x08009946   0x00000002   PAD
    0x08009948   0x08009948   0x0000003e   Code   RO         2184    x$fpl$ffixu         fz_ws.l(ffixu.o)
    0x08009986   0x08009986   0x00000002   PAD
    0x08009988   0x08009988   0x00000030   Code   RO         2189    x$fpl$fflt          fz_ws.l(fflt_clz.o)
    0x080099b8   0x080099b8   0x00000026   Code   RO         2188    x$fpl$ffltu         fz_ws.l(fflt_clz.o)
    0x080099de   0x080099de   0x00000002   PAD
    0x080099e0   0x080099e0   0x00000068   Code   RO         2314    x$fpl$fgeqf         fz_ws.l(fgeqf.o)
    0x08009a48   0x08009a48   0x00000068   Code   RO         2316    x$fpl$fleqf         fz_ws.l(fleqf.o)
    0x08009ab0   0x08009ab0   0x00000102   Code   RO         2194    x$fpl$fmul          fz_ws.l(fmul.o)
    0x08009bb2   0x08009bb2   0x0000008c   Code   RO         2318    x$fpl$fnaninf       fz_ws.l(fnaninf.o)
    0x08009c3e   0x08009c3e   0x0000000a   Code   RO         2320    x$fpl$fretinf       fz_ws.l(fretinf.o)
    0x08009c48   0x08009c48   0x00000014   Code   RO         2169    x$fpl$frsb          fz_ws.l(faddsub_clz.o)
    0x08009c5c   0x08009c5c   0x00000110   Code   RO         2322    x$fpl$fsqrt         fz_ws.l(fsqrt.o)
    0x08009d6c   0x08009d6c   0x000000ea   Code   RO         2170    x$fpl$fsub          fz_ws.l(faddsub_clz.o)
    0x08009e56   0x08009e56   0x00000004   Code   RO         2196    x$fpl$printf1       fz_ws.l(printf1.o)
    0x08009e5a   0x08009e5a   0x00000064   Code   RO         2616    x$fpl$retnan        fz_ws.l(retnan.o)
    0x08009ebe   0x08009ebe   0x0000005c   Code   RO         2324    x$fpl$scalbn        fz_ws.l(scalbn.o)
    0x08009f1a   0x08009f1a   0x0000004c   Code   RO         2326    x$fpl$scalbnf       fz_ws.l(scalbnf.o)
    0x08009f66   0x08009f66   0x00000030   Code   RO         2634    x$fpl$trapveneer    fz_ws.l(trapv.o)
    0x08009f96   0x08009f96   0x00000000   Code   RO         2328    x$fpl$usenofp       fz_ws.l(usenofp.o)
    0x08009f96   0x08009f96   0x00000028   Data   RO         2087    .constdata          c_wu.l(_printf_hex_int.o)
    0x08009fbe   0x08009fbe   0x00000011   Data   RO         2122    .constdata          c_wu.l(__printf_flags_ss_wp.o)
    0x08009fcf   0x08009fcf   0x00000001   PAD
    0x08009fd0   0x08009fd0   0x00000050   Data   RO         2236    .constdata          m_ws.l(asin.o)
    0x0800a020   0x0800a020   0x00000098   Data   RO         2405    .constdata          m_ws.l(atan.o)
    0x0800a0b8   0x0800a0b8   0x00000008   Data   RO         2447    .constdata          m_ws.l(qnan.o)
    0x0800a0c0   0x0800a0c0   0x00000094   Data   RO         2492    .constdata          c_wu.l(bigflt0.o)
    0x0800a154   0x0800a154   0x00000004   Data   RO          892    .rodata.ADCPrescTable  stm32f10x_rcc.o
    0x0800a158   0x0800a158   0x00000010   Data   RO          891    .rodata.APBAHBPrescTable  stm32f10x_rcc.o
    0x0800a168   0x0800a168   0x00000474   Data   RO         1654    .rodata.ascii_1206  font.o
    0x0800a5dc   0x0800a5dc   0x00000600   Data   RO         1655    .rodata.ascii_1608  font.o
    0x0800abdc   0x0800abdc   0x000011d0   Data   RO         1656    .rodata.ascii_2412  font.o
    0x0800bdac   0x0800bdac   0x000017c0   Data   RO         1657    .rodata.ascii_3216  font.o
    0x0800d56c   0x0800d56c   0x00000bf6   Data   RO         1946    .rodata.dmp_memory  inv_mpu_dmp_motion_driver.o
    0x0800e162   0x0800e162   0x0000000c   Data   RO         1949    .rodata.dmp_set_fifo_rate.regs_end  inv_mpu_dmp_motion_driver.o
    0x0800e16e   0x0800e16e   0x00000003   Data   RO         1948    .rodata.dmp_set_orientation.accel_axes  inv_mpu_dmp_motion_driver.o
    0x0800e171   0x0800e171   0x00000003   Data   RO         1947    .rodata.dmp_set_orientation.gyro_axes  inv_mpu_dmp_motion_driver.o
    0x0800e174   0x0800e174   0x0000000c   Data   RO         1877    .rodata.hw          inv_mpu.o
    0x0800e180   0x0800e180   0x0000001b   Data   RO         1876    .rodata.reg         inv_mpu.o
    0x0800e19b   0x0800e19b   0x00000006   Data   RO         1695    .rodata.str1.1      gui.o
    0x0800e1a1   0x0800e1a1   0x0000000f   PAD
    0x0800e1b0   0x0800e1b0   0x000002fc   Data   RO         1880    .rodata.str1.16     inv_mpu.o
    0x0800e4ac   0x0800e4ac   0x00000028   Data   RO         1878    .rodata.test        inv_mpu.o
    0x0800e4d4   0x0800e4d4   0x00000020   Data   RO         2699    Region$$Table       anon$$obj.o
    0x0800e4f4   0x0800e4f4   0x0000001c   Data   RO         2522    locale$$data        c_wu.l(lc_numeric_c.o)


    Execution Region ER_RW (Exec base: 0x20000000, Load base: 0x0800e510, Size: 0x00000088, Max: 0xffffffff, ABSOLUTE)

    Exec Addr    Load Addr    Size         Type   Attr      Idx    E Section Name        Object

    0x20000000   0x0800e510   0x00000004   Data   RW         2024    .data.Kalman_Filter_x.PP.0.0  filter.o
    0x20000004   0x0800e514   0x00000004   Data   RW         2027    .data.Kalman_Filter_x.PP.1.1  filter.o
    0x20000008   0x0800e518   0x00000004   Data   RW         2028    .data.Kalman_Filter_y.PP.0.0  filter.o
    0x2000000c   0x0800e51c   0x00000004   Data   RW         2031    .data.Kalman_Filter_y.PP.1.1  filter.o
    0x20000010   0x0800e520   0x0000001f   Data   RW           17    .data.OFF           main.o
    0x2000002f   0x0800e53f   0x00000001   PAD
    0x20000030   0x0800e540   0x00000004   Data   RW           57    .data.SystemCoreClock  system_stm32f10x.o
    0x20000034   0x0800e544   0x00000004   Data   RW            6    .data.bound         main.o
    0x20000038   0x0800e548   0x00000004   Data   RW         2000    .data.dt            filter.o
    0x2000003c   0x0800e54c   0x0000000c   Data   RW         1560    .data.gyro_offset   drv_mpu6050.o
    0x20000048   0x0800e558   0x00000004   Data   RW         1585    .data.halfT         drv_mpu6050.o
    0x2000004c   0x0800e55c   0x00000004   Data   RW         1584    .data.ki            drv_mpu6050.o
    0x20000050   0x0800e560   0x00000004   Data   RW         1586    .data.kp            drv_mpu6050.o
    0x20000054   0x0800e564   0x00000004   Data   RW         1580    .data.q0            drv_mpu6050.o
    0x20000058   0x0800e568   0x0000002c   Data   RW         1879    .data.st            inv_mpu.o
    0x20000084   0x0800e594   0x00000004   Data   RW         1455    .data.way           drv_key.o


    Execution Region ER_ZI (Exec base: 0x20000088, Load base: 0x0800e598, Size: 0x00000978, Max: 0xffffffff, ABSOLUTE)

    Exec Addr    Load Addr    Size         Type   Attr      Idx    E Section Name        Object

    0x20000088        -       0x00000060   Zero   RW         2545    .bss                c_wu.l(libspace.o)
    0x200000e8        -       0x0000000c   Zero   RW         1566    .bss.ACC            drv_mpu6050.o
    0x200000f4        -       0x00000004   Zero   RW         2007    .bss.Complementary_ADC.ADC  filter.o
    0x200000f8        -       0x00000004   Zero   RW         2003    .bss.Complementary_Filter_x.angle  filter.o
    0x200000fc        -       0x00000004   Zero   RW         2006    .bss.Complementary_Filter_y.angle  filter.o
    0x20000100        -       0x0000000c   Zero   RW         1565    .bss.GYRO           drv_mpu6050.o
    0x2000010c        -       0x00000004   Zero   RW         2025    .bss.Kalman_Filter_x.PP.0.1  filter.o
    0x20000110        -       0x00000004   Zero   RW         2026    .bss.Kalman_Filter_x.PP.1.0  filter.o
    0x20000114        -       0x00000004   Zero   RW         2002    .bss.Kalman_Filter_x.Q_bias  filter.o
    0x20000118        -       0x00000004   Zero   RW         2001    .bss.Kalman_Filter_x.angle  filter.o
    0x2000011c        -       0x00000004   Zero   RW         2029    .bss.Kalman_Filter_y.PP.0.1  filter.o
    0x20000120        -       0x00000004   Zero   RW         2030    .bss.Kalman_Filter_y.PP.1.0  filter.o
    0x20000124        -       0x00000004   Zero   RW         2005    .bss.Kalman_Filter_y.Q_bias  filter.o
    0x20000128        -       0x00000004   Zero   RW         2004    .bss.Kalman_Filter_y.angle  filter.o
    0x2000012c        -       0x00000004   Zero   RW         1567    .bss.Pitch          drv_mpu6050.o
    0x20000130        -       0x00000014   Zero   RW           18    .bss.RCC_CLK        main.o
    0x20000144        -       0x00000004   Zero   RW         1568    .bss.Roll           drv_mpu6050.o
    0x20000148        -       0x000000c8   Zero   RW          142    .bss.USART_RX_BUF   usart.o
    0x20000210        -       0x00000002   Zero   RW          138    .bss.USART_RX_STA   usart.o
    0x20000212        -       0x00000001   Zero   RW          140    .bss.Uart2_Receive  usart.o
    0x20000213   0x0800e598   0x00000001   PAD
    0x20000214        -       0x00000004   Zero   RW         1569    .bss.Yaw            drv_mpu6050.o
    0x20000218        -       0x00000004   Zero   RW         1587    .bss._ZZ19attitude_algorithm1E5accex  drv_mpu6050.o
    0x2000021c        -       0x00000004   Zero   RW         1588    .bss._ZZ19attitude_algorithm1E5accey  drv_mpu6050.o
    0x20000220        -       0x00000004   Zero   RW         1589    .bss._ZZ19attitude_algorithm1E5accez  drv_mpu6050.o
    0x20000224        -       0x00000054   Zero   RW          141    .bss.__stdout       usart.o
    0x20000278        -       0x00000006   Zero   RW         1563    .bss.accel          drv_mpu6050.o
    0x2000027e   0x0800e598   0x00000002   PAD
    0x20000280        -       0x00000004   Zero   RW         1611    .bss.cnt            drv_timer4.o
    0x20000284        -       0x00000004   Zero   RW         1953    .bss.dmp.0          inv_mpu_dmp_motion_driver.o
    0x20000288        -       0x00000004   Zero   RW         1954    .bss.dmp.1          inv_mpu_dmp_motion_driver.o
    0x2000028c        -       0x00000002   Zero   RW         1955    .bss.dmp.2          inv_mpu_dmp_motion_driver.o
    0x2000028e   0x0800e598   0x00000002   PAD
    0x20000290        -       0x00000002   Zero   RW         1956    .bss.dmp.3          inv_mpu_dmp_motion_driver.o
    0x20000292   0x0800e598   0x00000002   PAD
    0x20000294        -       0x00000002   Zero   RW         1957    .bss.dmp.4          inv_mpu_dmp_motion_driver.o
    0x20000296        -       0x00000001   Zero   RW         1958    .bss.dmp.5          inv_mpu_dmp_motion_driver.o
    0x20000297   0x0800e598   0x00000001   PAD
    0x20000298        -       0x0000000c   Zero   RW         2016    .bss.f1             filter.o
    0x200002a4        -       0x0000000c   Zero   RW         2017    .bss.f2             filter.o
    0x200002b0        -       0x0000000c   Zero   RW         2018    .bss.f3             filter.o
    0x200002bc        -       0x0000000c   Zero   RW         2019    .bss.f4             filter.o
    0x200002c8        -       0x0000000c   Zero   RW         2020    .bss.f5             filter.o
    0x200002d4        -       0x0000000c   Zero   RW         2021    .bss.f6             filter.o
    0x200002e0        -       0x0000000c   Zero   RW         2022    .bss.f7             filter.o
    0x200002ec        -       0x0000000c   Zero   RW         2023    .bss.f8             filter.o
    0x200002f8        -       0x00000002   Zero   RW           77    .bss.fac_ms         delay.o
    0x200002fa        -       0x00000001   Zero   RW           76    .bss.fac_us         delay.o
    0x200002fb   0x0800e598   0x00000001   PAD
    0x200002fc        -       0x0000000c   Zero   RW         2015    .bss.filter         filter.o
    0x20000308        -       0x00000006   Zero   RW         1562    .bss.gyro           drv_mpu6050.o
    0x2000030e   0x0800e598   0x00000002   PAD
    0x20000310        -       0x00000004   Zero   RW         1612    .bss.i              drv_timer4.o
    0x20000314        -       0x00000004   Zero   RW         1614    .bss.init_flag      drv_timer4.o
    0x20000318        -       0x00000018   Zero   RW         2009    .bss.k1             filter.o
    0x20000330        -       0x00000018   Zero   RW         2010    .bss.k2             filter.o
    0x20000348        -       0x00000018   Zero   RW         2011    .bss.k3             filter.o
    0x20000360        -       0x00000018   Zero   RW         2012    .bss.k4             filter.o
    0x20000378        -       0x00000018   Zero   RW         2013    .bss.k5             filter.o
    0x20000390        -       0x00000018   Zero   RW         2014    .bss.k6             filter.o
    0x200003a8        -       0x00000018   Zero   RW         2008    .bss.kfp            filter.o
    0x200003c0        -       0x00000004   Zero   RW         1605    .bss.last_gyrox     drv_timer4.o
    0x200003c4        -       0x00000001   Zero   RW            8    .bss.len            main.o
    0x200003c5   0x0800e598   0x00000003   PAD
    0x200003c8        -       0x00000004   Zero   RW         1606    .bss.nn             drv_timer4.o
    0x200003cc        -       0x00000004   Zero   RW         1607    .bss.offset_flag    drv_timer4.o
    0x200003d0        -       0x00000004   Zero   RW         1581    .bss.q1             drv_mpu6050.o
    0x200003d4        -       0x00000004   Zero   RW         1582    .bss.q2             drv_mpu6050.o
    0x200003d8        -       0x00000004   Zero   RW         1583    .bss.q3             drv_mpu6050.o
    0x200003dc        -       0x00000002   Zero   RW         1564    .bss.sensors        drv_mpu6050.o
    0x200003de   0x0800e598   0x00000002   PAD
    0x200003e0        -       0x00000004   Zero   RW         1608    .bss.sum1           drv_timer4.o
    0x200003e4        -       0x00000004   Zero   RW         1609    .bss.sum2           drv_timer4.o
    0x200003e8        -       0x00000004   Zero   RW         1610    .bss.sum3           drv_timer4.o
    0x200003ec        -       0x00000001   Zero   RW            7    .bss.t              main.o
    0x200003ed   0x0800e598   0x00000003   PAD
    0x200003f0        -       0x00000004   Zero   RW         1615    .bss.time_cnt       drv_timer4.o
    0x200003f4        -       0x00000004   Zero   RW          139    .bss.uart_receive   usart.o
    0x200003f8        -       0x00000004   Zero   RW           15    .bss.volt           main.o
    0x200003fc   0x0800e598   0x00000004   PAD
    0x20000400        -       0x00000200   Zero   RW          154    HEAP                startup_stm32f10x_hd.o
    0x20000600        -       0x00000400   Zero   RW          153    STACK               startup_stm32f10x_hd.o


==============================================================================

Image component sizes


      Code (inc. data)   RO Data    RW Data    ZI Data      Debug   Object Name

       246          0          0          0          3       1601   delay.o
       316          0          0          0          0       9493   drv_adc.o
      1650          0          0          0          0      12780   drv_extiic.o
       172          0          0          4          0      13157   drv_key.o
      1278          0          0          0          0      13179   drv_lcd.o
       414          0          0          0          0      13626   drv_led.o
        14          0          0          0          0       7485   drv_main.o
      2320          0          0         28         74      22305   drv_mpu6050.o
      1050          0          0          0         40      18645   drv_timer4.o
       186          0          0          0          0       9487   drv_uart2.o
      1214          0          0         20        320       6708   filter.o
         0          0      13316          0          0       7663   font.o
      4162        156          6          0          0      54619   gui.o
      7698        266        843         44          0      27005   inv_mpu.o
      2240          8       3080          0         15      10939   inv_mpu_dmp_motion_driver.o
       400         24          0         35         26       9564   main.o
       142          0          0          0          0       3206   misc.o
        64         26        304          0       1536        776   startup_stm32f10x_hd.o
       368          0          0          0          0       9951   stm32f10x_adc.o
       108          0          0          0          0       2884   stm32f10x_exti.o
       914          0          0          0          0       8447   stm32f10x_gpio.o
        12          0          0          0          0        893   stm32f10x_it.o
       268          0         20          0          0       8127   stm32f10x_rcc.o
       236          0          0          0          0      23522   stm32f10x_tim.o
       326          0          0          0          0       8016   stm32f10x_usart.o
       342          0          0          4          0       2882   system_stm32f10x.o
       378          8          0          0        291       6036   usart.o

    ----------------------------------------------------------------------
     26654        488      17616        136       2328     312996   Object Totals
         0          0         32          0          0          0   (incl. Generated)
       136          0         15          1         23          0   (incl. Padding)

    ----------------------------------------------------------------------

      Code (inc. data)   RO Data    RW Data    ZI Data      Debug   Library Member Name

         8          0          0          0          0         68   __main.o
       392          4         17          0          0         92   __printf_flags_ss_wp.o
        14          0          0          0          0         68   __printf_wp.o
         0          0          0          0          0          0   __rtentry.o
        12          0          0          0          0          0   __rtentry2.o
         6          0          0          0          0          0   __rtentry4.o
        52          8          0          0          0          0   __scatter.o
        26          0          0          0          0          0   __scatter_copy.o
        28          0          0          0          0          0   __scatter_zi.o
        48          6          0          0          0         96   _printf_char_common.o
        36          4          0          0          0         80   _printf_char_file.o
         6          0          0          0          0          0   _printf_d.o
       120         16          0          0          0         92   _printf_dec.o
         6          0          0          0          0          0   _printf_f.o
      1052          0          0          0          0        148   _printf_fp_dec.o
       128         16          0          0          0         84   _printf_fp_infnan.o
        88          4         40          0          0         88   _printf_hex_int.o
       178          0          0          0          0         88   _printf_intcommon.o
        78          0          0          0          0        108   _printf_pad.o
         0          0          0          0          0          0   _printf_percent.o
         4          0          0          0          0          0   _printf_percent_end.o
        36          0          0          0          0         84   _printf_truncate.o
         6          0          0          0          0          0   _printf_x.o
        22          0          0          0          0        100   _rserrno.o
        10          0          0          0          0         68   _sputc.o
       228          4        148          0          0         96   bigflt0.o
      1936        128          0          0          0        672   btod.o
        18          0          0          0          0         80   exit.o
         8          0          0          0          0         68   ferror.o
         6          0          0          0          0        152   heapauxi.o
        44         10         28          0          0         76   lc_numeric_c.o
         2          0          0          0          0          0   libinit.o
        18          0          0          0          0          0   libinit2.o
         2          0          0          0          0          0   libshutdown.o
         2          0          0          0          0          0   libshutdown2.o
         8          4          0          0         96         68   libspace.o
        72          0          0          0          0         76   llsdiv.o
       138          0          0          0          0         80   lludiv10.o
       238          0          0          0          0        100   lludivv7m.o
        88          0          0          0          0         76   memcmp.o
        24          4          0          0          0         84   noretval__2printf.o
        40          6          0          0          0         84   noretval__2sprintf.o
        44          4          0          0          0         84   puts.o
         8          4          0          0          0         68   rt_errno_addr_intlibspace.o
         8          4          0          0          0         68   rt_locale_intlibspace.o
         2          0          0          0          0          0   rtexit.o
        10          0          0          0          0          0   rtexit2.o
       128          0          0          0          0         68   strcmpv7m.o
        62          0          0          0          0         76   strlen.o
        74          0          0          0          0         80   sys_stackheap_outer.o
         2          0          0          0          0         68   use_no_semi.o
         2          0          0          0          0         68   use_no_semi_2.o
        98          4          0          0          0         92   d2f.o
       826         16          0          0          0        356   daddsub_clz.o
        16          4          0          0          0         68   dcheck1.o
        24          0          0          0          0         68   dcmpi.o
       688        140          0          0          0        216   ddiv.o
       120          4          0          0          0         92   deqf.o
        46          0          0          0          0         68   dflt_clz.o
       340         12          0          0          0        104   dmul.o
       156          4          0          0          0         92   dnaninf.o
        12          0          0          0          0         68   dretinf.o
       460         56          0          0          0        120   dsqrt_noumaal.o
        86          4          0          0          0         84   f2d.o
       450          8          0          0          0        236   faddsub_clz.o
        12          4          0          0          0         68   fcheck1.o
        84          0          0          0          0        196   fcmp.o
        24          0          0          0          0         68   fcmpi.o
       388         76          0          0          0         96   fdiv.o
       104          4          0          0          0         84   feqf.o
        54          4          0          0          0         84   ffix.o
        62          4          0          0          0         84   ffixu.o
        86          0          0          0          0        136   fflt_clz.o
       104          4          0          0          0         84   fgeqf.o
       104          4          0          0          0         84   fleqf.o
       258          4          0          0          0         84   fmul.o
       140          4          0          0          0         84   fnaninf.o
        10          0          0          0          0         68   fretinf.o
       272        100          0          0          0         88   fsqrt.o
         4          0          0          0          0         68   printf1.o
       100          0          0          0          0         68   retnan.o
        92          0          0          0          0         68   scalbn.o
        76          0          0          0          0         68   scalbnf.o
        48          0          0          0          0         68   trapv.o
         0          0          0          0          0          0   usenofp.o
       624         52         80          0          0        168   asin.o
       292         38          0          0          0        120   asinf.o
       544         70        152          0          0        124   atan.o
       412         38          0          0          0        144   atan2.o
       652         76          0          0          0        116   atan2f.o
        38          6          0          0          0        272   dunder.o
        40          0          0          0          0         68   fpclassify.o
        38          0          0          0          0         68   fpclassifyf.o
        28          0          0          0          0        272   funder.o
       170          0          0          0          0         96   poly.o
         0          0          8          0          0          0   qnan.o
        76          0          0          0          0         84   sqrt.o
        44          0          0          0          0         80   sqrtf.o

    ----------------------------------------------------------------------
     13896        966        474          0         96       8480   Library Totals
        26          0          1          0          0          0   (incl. Padding)

    ----------------------------------------------------------------------

      Code (inc. data)   RO Data    RW Data    ZI Data      Debug   Library Name

      5568        226        233          0         96       3556   c_wu.l
      5344        460          0          0          0       3312   fz_ws.l
      2958        280        240          0          0       1612   m_ws.l

    ----------------------------------------------------------------------
     13896        966        474          0         96       8480   Library Totals

    ----------------------------------------------------------------------

==============================================================================


      Code (inc. data)   RO Data    RW Data    ZI Data      Debug   

     40550       1454      18090        136       2424     316304   Grand Totals
     40550       1454      18090        136       2424     316304   ELF Image Totals
     40550       1454      18090        136          0          0   ROM Totals

==============================================================================

    Total RO  Size (Code + RO Data)                58640 (  57.27kB)
    Total RW  Size (RW Data + ZI Data)              2560 (   2.50kB)
    Total ROM Size (Code + RO Data + RW Data)      58776 (  57.40kB)

==============================================================================

