Component: ARM Compiler 6.10.1 Tool: armlink [5d142800]

==============================================================================

Section Cross References

    main.o(.text._Z8LED_Initv) refers to stm32f10x_rcc.o(.text.RCC_APB2PeriphClockCmd) for RCC_APB2PeriphClockCmd
    main.o(.text._Z8LED_Initv) refers to stm32f10x_gpio.o(.text.GPIO_Init) for GPIO_Init
    main.o(.text._Z8LED_Initv) refers to stm32f10x_gpio.o(.text.GPIO_ResetBits) for GPIO_ResetBits
    main.o(.ARM.exidx.text._Z8LED_Initv) refers to Unwind-EHABI.cpp.o(.text.__aeabi_unwind_cpp_pr0) for __aeabi_unwind_cpp_pr0
    main.o(.ARM.exidx.text._Z8LED_Initv) refers to main.o(.text._Z8LED_Initv) for [Anonymous Symbol]
    main.o(.text.main) refers to system_stm32f10x.o(.text.SystemInit) for SystemInit
    main.o(.text.main) refers to delay.o(.text.delay_init) for delay_init
    main.o(.text.main) refers to main.o(.bss.RCC_CLK) for RCC_CLK
    main.o(.text.main) refers to stm32f10x_rcc.o(.text.RCC_GetClocksFreq) for RCC_GetClocksFreq
    main.o(.text.main) refers to drv_main.o(.text.init_drv_Main) for init_drv_Main
    main.o(.text.main) refers to stm32f10x_rcc.o(.text.RCC_APB2PeriphClockCmd) for RCC_APB2PeriphClockCmd
    main.o(.text.main) refers to stm32f10x_gpio.o(.text.GPIO_Init) for GPIO_Init
    main.o(.text.main) refers to stm32f10x_gpio.o(.text.GPIO_ResetBits) for GPIO_ResetBits
    main.o(.text.main) refers to drv_timer.o(.text._Z10Timer_initv) for Timer_init()
    main.o(.text.main) refers to gui.o(.text._Z8LCD_Fillttttt) for LCD_Fill(unsigned short, unsigned short, unsigned short, unsigned short, unsigned short)
    main.o(.text.main) refers to drv_beep.o(.text._Z9BEEP_Initv) for BEEP_Init()
    main.o(.text.main) refers to drv_key.o(.text._Z10EXTIX_Initv) for EXTIX_Init()
    main.o(.text.main) refers to main.o(.data.operation) for operation
    main.o(.text.main) refers to main.o(.bss.result) for result
    main.o(.text.main) refers to main.o(.bss.indication) for indication
    main.o(.text.main) refers to main.o(.bss.number2) for number2
    main.o(.text.main) refers to main.o(.bss.number1) for number1
    main.o(.text.main) refers to main.o(.bss.num) for num
    main.o(.text.main) refers to drv_key.o(.text._Z3Keyv) for Key()
    main.o(.text.main) refers to gui.o(.text._Z18LCD_ShowCalculatorttPicS_ii) for LCD_ShowCalculator(unsigned short, unsigned short, int*, char, int*, int, int)
    main.o(.text.main) refers to gui.o(.text._Z14LCD_ShowIntNumttthtth) for LCD_ShowIntNum(unsigned short, unsigned short, unsigned short, unsigned char, unsigned short, unsigned short, unsigned char)
    main.o(.ARM.exidx.text.main) refers to Unwind-EHABI.cpp.o(.text.__aeabi_unwind_cpp_pr0) for __aeabi_unwind_cpp_pr0
    main.o(.ARM.exidx.text.main) refers to main.o(.text.main) for [Anonymous Symbol]
    stm32f10x_it.o(.ARM.exidx.text.NMI_Handler) refers to stm32f10x_it.o(.text.NMI_Handler) for [Anonymous Symbol]
    stm32f10x_it.o(.ARM.exidx.text.HardFault_Handler) refers to stm32f10x_it.o(.text.HardFault_Handler) for [Anonymous Symbol]
    stm32f10x_it.o(.ARM.exidx.text.MemManage_Handler) refers to stm32f10x_it.o(.text.MemManage_Handler) for [Anonymous Symbol]
    stm32f10x_it.o(.ARM.exidx.text.BusFault_Handler) refers to stm32f10x_it.o(.text.BusFault_Handler) for [Anonymous Symbol]
    stm32f10x_it.o(.ARM.exidx.text.UsageFault_Handler) refers to stm32f10x_it.o(.text.UsageFault_Handler) for [Anonymous Symbol]
    stm32f10x_it.o(.ARM.exidx.text.DebugMon_Handler) refers to stm32f10x_it.o(.text.DebugMon_Handler) for [Anonymous Symbol]
    system_stm32f10x.o(.ARM.exidx.text.SystemInit) refers to system_stm32f10x.o(.text.SystemInit) for [Anonymous Symbol]
    system_stm32f10x.o(.text.SystemCoreClockUpdate) refers to system_stm32f10x.o(.data.SystemCoreClock) for SystemCoreClock
    system_stm32f10x.o(.text.SystemCoreClockUpdate) refers to system_stm32f10x.o(.rodata.AHBPrescTable) for AHBPrescTable
    system_stm32f10x.o(.ARM.exidx.text.SystemCoreClockUpdate) refers to system_stm32f10x.o(.text.SystemCoreClockUpdate) for [Anonymous Symbol]
    delay.o(.text.delay_init) refers to misc.o(.text.SysTick_CLKSourceConfig) for SysTick_CLKSourceConfig
    delay.o(.text.delay_init) refers to system_stm32f10x.o(.data.SystemCoreClock) for SystemCoreClock
    delay.o(.text.delay_init) refers to delay.o(.bss.fac_us) for fac_us
    delay.o(.text.delay_init) refers to delay.o(.bss.fac_ms) for fac_ms
    delay.o(.ARM.exidx.text.delay_init) refers to delay.o(.text.delay_init) for [Anonymous Symbol]
    delay.o(.text.delay_us) refers to delay.o(.bss.fac_us) for fac_us
    delay.o(.ARM.exidx.text.delay_us) refers to delay.o(.text.delay_us) for [Anonymous Symbol]
    delay.o(.text.delay_ms) refers to delay.o(.bss.fac_ms) for fac_ms
    delay.o(.ARM.exidx.text.delay_ms) refers to delay.o(.text.delay_ms) for [Anonymous Symbol]
    sys.o(.ARM.exidx.text.MY_NVIC_SetVectorTable) refers to sys.o(.text.MY_NVIC_SetVectorTable) for [Anonymous Symbol]
[...]
    Removing stm32f10x_wwdg.o(.ARM.exidx.text.WWDG_GetFlagStatus), (8 bytes).
    Removing stm32f10x_wwdg.o(.text.WWDG_ClearFlag), (14 bytes).
    Removing stm32f10x_wwdg.o(.ARM.exidx.text.WWDG_ClearFlag), (8 bytes).
    Removing drv_led.o(.text), (0 bytes).
    Removing drv_led.o(.text._Z17set_LedBrightnessfff), (342 bytes).
    Removing drv_led.o(.ARM.exidx.text._Z17set_LedBrightnessfff), (8 bytes).
    Removing drv_led.o(.text._Z14set_BuzzerFreqt), (212 bytes).
    Removing drv_led.o(.ARM.exidx.text._Z14set_BuzzerFreqt), (8 bytes).
    Removing drv_led.o(.text._Z15set_BuzzerOnOffb), (22 bytes).
    Removing drv_led.o(.ARM.exidx.text._Z15set_BuzzerOnOffb), (8 bytes).
    Removing drv_led.o(.text._Z12Set_LED_Mode8LED_Mode), (2 bytes).
    Removing drv_led.o(.ARM.exidx.text._Z12Set_LED_Mode8LED_Mode), (8 bytes).
    Removing drv_led.o(.text._Z9Led_Flashv), (46 bytes).
    Removing drv_led.o(.ARM.exidx.text._Z9Led_Flashv), (8 bytes).
    Removing drv_led.o(.ARM.exidx.text._Z12init_drv_LEDv), (8 bytes).
    Removing drv_led.o(.bss.ExtLedR), (4 bytes).
    Removing drv_led.o(.bss.ExtLedG), (4 bytes).
    Removing drv_led.o(.bss.ExtLedB), (4 bytes).
    Removing drv_main.o(.text), (0 bytes).
    Removing drv_main.o(.ARM.exidx.text.init_drv_Main), (8 bytes).
    Removing drv_lcd.o(.text), (0 bytes).
    Removing drv_lcd.o(.ARM.exidx.text._Z13LCD_GPIO_Initv), (8 bytes).
    Removing drv_lcd.o(.ARM.exidx.text._Z12LCD_Writ_Bush), (8 bytes).
    Removing drv_lcd.o(.text._Z12LCD_WR_DATA8h), (4 bytes).
    Removing drv_lcd.o(.ARM.exidx.text._Z12LCD_WR_DATA8h), (8 bytes).
    Removing drv_lcd.o(.ARM.exidx.text._Z11LCD_WR_DATAt), (8 bytes).
    Removing drv_lcd.o(.text._Z10LCD_WR_REGh), (38 bytes).
    Removing drv_lcd.o(.ARM.exidx.text._Z10LCD_WR_REGh), (8 bytes).
    Removing drv_lcd.o(.ARM.exidx.text._Z15LCD_Address_Settttt), (8 bytes).
    Removing drv_lcd.o(.ARM.exidx.text._Z12init_drv_LCDv), (8 bytes).
    Removing drv_timer.o(.text), (0 bytes).
    Removing drv_timer.o(.ARM.exidx.text._Z10Timer_initv), (8 bytes).
    Removing drv_timer.o(.ARM.exidx.text.TIM4_IRQHandler), (8 bytes).
    Removing drv_beep.o(.text), (0 bytes).
    Removing drv_beep.o(.ARM.exidx.text._Z9BEEP_Initv), (8 bytes).
    Removing drv_beep.o(.text._Z5Soundt), (60 bytes).
    Removing drv_beep.o(.ARM.exidx.text._Z5Soundt), (8 bytes).
    Removing drv_beep.o(.text._Z6Sound2t), (36 bytes).
    Removing drv_beep.o(.ARM.exidx.text._Z6Sound2t), (8 bytes).
    Removing drv_beep.o(.text._Z15play_successfulv), (268 bytes).
    Removing drv_beep.o(.ARM.exidx.text._Z15play_successfulv), (8 bytes).
    Removing drv_beep.o(.text._Z11play_failedv), (268 bytes).
    Removing drv_beep.o(.ARM.exidx.text._Z11play_failedv), (8 bytes).
    Removing drv_beep.o(.text._Z10play_musicPhS_t), (174 bytes).
    Removing drv_beep.o(.ARM.exidx.text._Z10play_musicPhS_t), (8 bytes).
    Removing drv_beep.o(.data.melody), (48 bytes).
    Removing drv_beep.o(.rodata._ZZ10play_musicPhS_tE4tone), (30 bytes).
    Removing drv_key.o(.text), (0 bytes).
    Removing drv_key.o(.ARM.exidx.text._Z3Keyv), (8 bytes).
    Removing drv_key.o(.ARM.exidx.text._Z14click_N_Doublet), (8 bytes).
    Removing drv_key.o(.text._Z10Long_Pressv), (122 bytes).
    Removing drv_key.o(.ARM.exidx.text._Z10Long_Pressv), (8 bytes).
    Removing drv_key.o(.text._Z5clickv), (60 bytes).
    Removing drv_key.o(.ARM.exidx.text._Z5clickv), (8 bytes).
    Removing drv_key.o(.text._Z12init_drv_Keyv), (66 bytes).
    Removing drv_key.o(.ARM.exidx.text._Z12init_drv_Keyv), (8 bytes).
    Removing drv_key.o(.ARM.exidx.text._Z10EXTIX_Initv), (8 bytes).
    Removing drv_key.o(.ARM.exidx.text.EXTI0_IRQHandler), (8 bytes).
    Removing drv_key.o(.bss.tran), (4 bytes).
    Removing drv_key.o(.bss._ZZ5clickvE8flag_key), (1 bytes).
    Removing basic.o(.text), (0 bytes).
    Removing basic.o(.text._Z10init_Basicv), (2 bytes).
    Removing basic.o(.ARM.exidx.text._Z10init_Basicv), (8 bytes).
    Removing font.o(.text), (0 bytes).
    Removing gui.o(.text), (0 bytes).
    Removing gui.o(.ARM.exidx.text._Z8LCD_Fillttttt), (8 bytes).
    Removing gui.o(.text._Z13LCD_DrawPointttt), (22 bytes).
    Removing gui.o(.ARM.exidx.text._Z13LCD_DrawPointttt), (8 bytes).
    Removing gui.o(.text._Z12LCD_DrawLinettttt), (176 bytes).
    Removing gui.o(.ARM.exidx.text._Z12LCD_DrawLinettttt), (8 bytes).
    Removing gui.o(.text._Z17LCD_DrawRectanglettttt), (82 bytes).
    Removing gui.o(.ARM.exidx.text._Z17LCD_DrawRectanglettttt), (8 bytes).
    Removing gui.o(.text._Z11Draw_Circlettht), (264 bytes).
    Removing gui.o(.ARM.exidx.text._Z11Draw_Circlettht), (8 bytes).
    Removing gui.o(.ARM.exidx.text._Z12LCD_ShowChartthtthh), (8 bytes).
    Removing gui.o(.text._Z14LCD_ShowStringttPKhtthh), (68 bytes).
    Removing gui.o(.ARM.exidx.text._Z14LCD_ShowStringttPKhtthh), (8 bytes).
    Removing gui.o(.text._Z5mypowhh), (76 bytes).
    Removing gui.o(.ARM.exidx.text._Z5mypowhh), (8 bytes).
    Removing gui.o(.ARM.exidx.text._Z14LCD_ShowIntNumttthtth), (8 bytes).
    Removing gui.o(.text._Z17LCD_ShowFloatNum1ttfhtth), (344 bytes).
    Removing gui.o(.ARM.exidx.text._Z17LCD_ShowFloatNum1ttfhtth), (8 bytes).
    Removing gui.o(.text._Z15LCD_ShowPicturettttPKh), (100 bytes).
    Removing gui.o(.ARM.exidx.text._Z15LCD_ShowPicturettttPKh), (8 bytes).
    Removing gui.o(.ARM.exidx.text._Z18LCD_ShowCalculatorttPicS_ii), (8 bytes).
    Removing gui.o(.text._Z8init_GUIv), (2944 bytes).
    Removing gui.o(.ARM.exidx.text._Z8init_GUIv), (8 bytes).
    Removing gui.o(.rodata.str1.4), (12 bytes).
    Removing gui.o(.rodata..L_ZZ18LCD_ShowCalculatorttPicS_iiE4NUM1), (12 bytes).
    Removing gui.o(.rodata..L_ZZ18LCD_ShowCalculatorttPicS_iiE4NUM2), (12 bytes).
    Removing gui.o(.rodata..L_ZZL10GUI_ServervE6Auther), (12 bytes).
    Removing gui.o(.rodata..L_ZZL10GUI_ServervE4HthA), (12 bytes).
    Removing gui.o(.rodata..L_ZZL10GUI_ServervE3Rol), (12 bytes).
    Removing gui.o(.rodata..L_ZZL10GUI_ServervE3Pit), (12 bytes).
    Removing gui.o(.rodata..L_ZZL10GUI_ServervE3Yaw), (12 bytes).
    Removing gui.o(.rodata..L_ZZL10GUI_ServervE2Vz), (12 bytes).
    Removing gui.o(.rodata..L_ZZL10GUI_ServervE4HthP), (12 bytes).
    Removing gui.o(.rodata..L_ZZL10GUI_ServervE2Vx), (12 bytes).
    Removing gui.o(.rodata..L_ZZL10GUI_ServervE2Vy), (12 bytes).
    Removing gui.o(.rodata..L_ZZL10GUI_ServervE3Mag), (12 bytes).
    Removing gui.o(.rodata..L_ZZL10GUI_ServervE3Pos), (12 bytes).
    Removing gui.o(.rodata..L_ZZL10GUI_ServervE6Sensor), (12 bytes).
    Removing gui_images.o(.text), (0 bytes).
    Removing gui_images.o(.rodata.gImage_ex1), (12808 bytes).
    Removing gui_images.o(.rodata.gImage_ex2), (12808 bytes).
    Removing gui_images.o(.rodata.gImage_ex3), (3208 bytes).
    Removing gui_images.o(.rodata.gImage_ex4), (12808 bytes).
    Removing gui_images.o(.rodata.gImage_ex5), (115208 bytes).
    Removing gui_images.o(.RES_IROM), (180200 bytes).
    Removing gui_images.o(.rodata.gImage_1), (3200 bytes).
    Removing gui_images.o(.rodata.gImage_Competition), (10374 bytes).
    Removing commulink.o(.text), (0 bytes).
    Removing commulink.o(.text._Z13sendLedSignal9LEDSignal), (24 bytes).
    Removing commulink.o(.ARM.exidx.text._Z13sendLedSignal9LEDSignal), (8 bytes).
    Removing commulink.o(.text._Z10setLedMode7LEDMode), (12 bytes).
    Removing commulink.o(.ARM.exidx.text._Z10setLedMode7LEDMode), (8 bytes).
    Removing commulink.o(.text._Z16setLedManualCtrlfffbt), (68 bytes).
    Removing commulink.o(.ARM.exidx.text._Z16setLedManualCtrlfffbt), (8 bytes).
    Removing commulink.o(.text._Z16Commulink_Serverv), (1632 bytes).
    Removing commulink.o(.ARM.exidx.text._Z16Commulink_Serverv), (8 bytes).
    Removing commulink.o(.data._ZL16ledSignalCounter), (4 bytes).
    Removing commulink.o(.bss._ZL9ledSignal), (4 bytes).
    Removing commulink.o(.data._ZL7ledmode), (4 bytes).
    Removing commulink.o(.bss._ZL4ledR), (4 bytes).
    Removing commulink.o(.bss._ZL4ledG), (4 bytes).
    Removing commulink.o(.bss._ZL4ledB), (4 bytes).
    Removing commulink.o(.bss._ZL8buzzerOn), (1 bytes).
    Removing commulink.o(.bss._ZL10buzzerFreq), (2 bytes).
    Removing commulink.o(.bss._ZZL10LEDRefreshfE7counter), (4 bytes).
    Removing led.o(.text), (0 bytes).
    Removing led.o(.text.LED_Init), (54 bytes).
    Removing led.o(.ARM.exidx.text.LED_Init), (8 bytes).
    Removing Unwind-EHABI.cpp.o(.text), (0 bytes).
    Removing Unwind-EHABI.cpp.o(.text.decode_eht_entry), (82 bytes).
    Removing Unwind-EHABI.cpp.o(.ARM.exidx.text.decode_eht_entry), (8 bytes).
    Removing Unwind-EHABI.cpp.o(.text._Unwind_VRS_Interpret), (554 bytes).
    Removing Unwind-EHABI.cpp.o(.ARM.exidx.text._Unwind_VRS_Interpret), (8 bytes).
    Removing Unwind-EHABI.cpp.o(.text._Unwind_VRS_Get), (90 bytes).
    Removing Unwind-EHABI.cpp.o(.ARM.exidx.text._Unwind_VRS_Get), (8 bytes).
    Removing Unwind-EHABI.cpp.o(.text._Unwind_VRS_Set), (92 bytes).
    Removing Unwind-EHABI.cpp.o(.ARM.exidx.text._Unwind_VRS_Set), (8 bytes).
    Removing Unwind-EHABI.cpp.o(.text._Unwind_VRS_Pop), (228 bytes).
    Removing Unwind-EHABI.cpp.o(.ARM.exidx.text._Unwind_VRS_Pop), (8 bytes).
    Removing Unwind-EHABI.cpp.o(.text.__aeabi_unwind_cpp_pr0), (8 bytes).
    Removing Unwind-EHABI.cpp.o(.ARM.exidx.text.__aeabi_unwind_cpp_pr0), (8 bytes).
    Removing Unwind-EHABI.cpp.o(.text._ZN12_GLOBAL__N_114unwindOneFrameEjP21_Unwind_Control_BlockP15_Unwind_Context), (56 bytes).
    Removing Unwind-EHABI.cpp.o(.ARM.exidx.text._ZN12_GLOBAL__N_114unwindOneFrameEjP21_Unwind_Control_BlockP15_Unwind_Context), (8 bytes).
    Removing Unwind-EHABI.cpp.o(.text.__aeabi_unwind_cpp_pr1), (8 bytes).
    Removing Unwind-EHABI.cpp.o(.ARM.exidx.text.__aeabi_unwind_cpp_pr1), (8 bytes).
    Removing Unwind-EHABI.cpp.o(.text.__aeabi_unwind_cpp_pr2), (8 bytes).
    Removing Unwind-EHABI.cpp.o(.ARM.exidx.text.__aeabi_unwind_cpp_pr2), (8 bytes).
    Removing Unwind-EHABI.cpp.o(.text._Unwind_RaiseException), (122 bytes).
    Removing Unwind-EHABI.cpp.o(.ARM.exidx.text._Unwind_RaiseException), (8 bytes).
    Removing Unwind-EHABI.cpp.o(.text._ZL13unwind_phase2P13unw_context_tP12unw_cursor_tP21_Unwind_Control_Blockb), (168 bytes).
    Removing Unwind-EHABI.cpp.o(.ARM.exidx.text._ZL13unwind_phase2P13unw_context_tP12unw_cursor_tP21_Unwind_Control_Blockb), (8 bytes).
    Removing Unwind-EHABI.cpp.o(.text._Unwind_Complete), (2 bytes).
    Removing Unwind-EHABI.cpp.o(.ARM.exidx.text._Unwind_Complete), (8 bytes).
    Removing Unwind-EHABI.cpp.o(.text._Unwind_Resume), (32 bytes).
    Removing Unwind-EHABI.cpp.o(.ARM.extab.text._Unwind_Resume), (12 bytes).
    Removing Unwind-EHABI.cpp.o(.ARM.exidx.text._Unwind_Resume), (8 bytes).
    Removing Unwind-EHABI.cpp.o(.text._Unwind_GetLanguageSpecificData), (24 bytes).
    Removing Unwind-EHABI.cpp.o(.ARM.exidx.text._Unwind_GetLanguageSpecificData), (8 bytes).
    Removing Unwind-EHABI.cpp.o(.text._Unwind_GetRegionStart), (24 bytes).
    Removing Unwind-EHABI.cpp.o(.ARM.exidx.text._Unwind_GetRegionStart), (8 bytes).
    Removing Unwind-EHABI.cpp.o(.text._Unwind_DeleteException), (12 bytes).
    Removing Unwind-EHABI.cpp.o(.ARM.exidx.text._Unwind_DeleteException), (8 bytes).
    Removing Unwind-EHABI.cpp.o(.text.__gnu_unwind_frame), (20 bytes).
    Removing Unwind-EHABI.cpp.o(.ARM.exidx.text.__gnu_unwind_frame), (8 bytes).
    Removing libunwind.cpp.o(.text), (0 bytes).
    Removing libunwind.cpp.o(.text.unw_init_local), (70 bytes).
    Removing libunwind.cpp.o(.ARM.exidx.text.unw_init_local), (8 bytes).
    Removing libunwind.cpp.o(.text.unw_get_reg), (44 bytes).
    Removing libunwind.cpp.o(.ARM.exidx.text.unw_get_reg), (8 bytes).
    Removing libunwind.cpp.o(.text.unw_set_reg), (64 bytes).
    Removing libunwind.cpp.o(.ARM.exidx.text.unw_set_reg), (8 bytes).
    Removing libunwind.cpp.o(.text.unw_get_fpreg), (46 bytes).
    Removing libunwind.cpp.o(.ARM.exidx.text.unw_get_fpreg), (8 bytes).
    Removing libunwind.cpp.o(.text.unw_set_fpreg), (54 bytes).
    Removing libunwind.cpp.o(.ARM.exidx.text.unw_set_fpreg), (8 bytes).
    Removing libunwind.cpp.o(.text.unw_step), (6 bytes).
    Removing libunwind.cpp.o(.ARM.exidx.text.unw_step), (8 bytes).
    Removing libunwind.cpp.o(.text.unw_get_proc_info), (30 bytes).
    Removing libunwind.cpp.o(.ARM.exidx.text.unw_get_proc_info), (8 bytes).
    Removing libunwind.cpp.o(.text.unw_resume), (18 bytes).
    Removing libunwind.cpp.o(.ARM.exidx.text.unw_resume), (8 bytes).
    Removing libunwind.cpp.o(.text.unw_get_proc_name), (30 bytes).
    Removing libunwind.cpp.o(.ARM.exidx.text.unw_get_proc_name), (8 bytes).
    Removing libunwind.cpp.o(.text.unw_is_fpreg), (10 bytes).
    Removing libunwind.cpp.o(.ARM.exidx.text.unw_is_fpreg), (8 bytes).
    Removing libunwind.cpp.o(.text.unw_regname), (6 bytes).
    Removing libunwind.cpp.o(.ARM.exidx.text.unw_regname), (8 bytes).
    Removing libunwind.cpp.o(.text.unw_is_signal_frame), (10 bytes).
    Removing libunwind.cpp.o(.ARM.exidx.text.unw_is_signal_frame), (8 bytes).
    Removing libunwind.cpp.o(.text.unw_save_vfp_as_X), (6 bytes).
    Removing libunwind.cpp.o(.ARM.exidx.text.unw_save_vfp_as_X), (8 bytes).
    Removing libunwind.cpp.o(.bss._ZN9libunwind17LocalAddressSpace17sThisAddressSpaceE), (1 bytes).
    Removing libunwind.cpp.o(.data.unw_local_addr_space), (4 bytes).
    Removing libunwind.cpp.o(.rodata.str1.1), (3 bytes).
    Removing UnwindRegistersSave.S.o(.text), (46 bytes).
    Removing UnwindRegistersRestore.S.o(.text), (38 bytes).
    Removing libunwind.cpp.o(.text._ZN9libunwind20AbstractUnwindCursorD2Ev), (2 bytes).
    Removing libunwind.cpp.o(.ARM.exidx.text._ZN9libunwind20AbstractUnwindCursorD2Ev), (8 bytes).
    Removing libunwind.cpp.o(.text._ZN9libunwind12UnwindCursorINS_17LocalAddressSpaceENS_13Registers_armEED0Ev), (2 bytes).
    Removing libunwind.cpp.o(.ARM.exidx.text._ZN9libunwind12UnwindCursorINS_17LocalAddressSpaceENS_13Registers_armEED0Ev), (8 bytes).
    Removing libunwind.cpp.o(.text._ZN9libunwind12UnwindCursorINS_17LocalAddressSpaceENS_13Registers_armEE8validRegEi), (14 bytes).
    Removing libunwind.cpp.o(.ARM.exidx.text._ZN9libunwind12UnwindCursorINS_17LocalAddressSpaceENS_13Registers_armEE8validRegEi), (8 bytes).
    Removing libunwind.cpp.o(.text._ZN9libunwind12UnwindCursorINS_17LocalAddressSpaceENS_13Registers_armEE6getRegEi), (58 bytes).
    Removing libunwind.cpp.o(.ARM.exidx.text._ZN9libunwind12UnwindCursorINS_17LocalAddressSpaceENS_13Registers_armEE6getRegEi), (8 bytes).
    Removing libunwind.cpp.o(.text._ZN9libunwind12UnwindCursorINS_17LocalAddressSpaceENS_13Registers_armEE6setRegEij), (56 bytes).
    Removing libunwind.cpp.o(.ARM.exidx.text._ZN9libunwind12UnwindCursorINS_17LocalAddressSpaceENS_13Registers_armEE6setRegEij), (8 bytes).
    Removing libunwind.cpp.o(.text._ZN9libunwind12UnwindCursorINS_17LocalAddressSpaceENS_13Registers_armEE13validFloatRegEi), (16 bytes).
    Removing libunwind.cpp.o(.ARM.exidx.text._ZN9libunwind12UnwindCursorINS_17LocalAddressSpaceENS_13Registers_armEE13validFloatRegEi), (8 bytes).
    Removing libunwind.cpp.o(.text._ZN9libunwind12UnwindCursorINS_17LocalAddressSpaceENS_13Registers_armEE11getFloatRegEi), (100 bytes).
    Removing libunwind.cpp.o(.ARM.exidx.text._ZN9libunwind12UnwindCursorINS_17LocalAddressSpaceENS_13Registers_armEE11getFloatRegEi), (8 bytes).
    Removing libunwind.cpp.o(.text._ZN9libunwind12UnwindCursorINS_17LocalAddressSpaceENS_13Registers_armEE11setFloatRegEiy), (110 bytes).
    Removing libunwind.cpp.o(.ARM.exidx.text._ZN9libunwind12UnwindCursorINS_17LocalAddressSpaceENS_13Registers_armEE11setFloatRegEiy), (8 bytes).
    Removing libunwind.cpp.o(.text._ZN9libunwind12UnwindCursorINS_17LocalAddressSpaceENS_13Registers_armEE4stepEv), (82 bytes).
    Removing libunwind.cpp.o(.ARM.exidx.text._ZN9libunwind12UnwindCursorINS_17LocalAddressSpaceENS_13Registers_armEE4stepEv), (8 bytes).
    Removing libunwind.cpp.o(.text._ZN9libunwind12UnwindCursorINS_17LocalAddressSpaceENS_13Registers_armEE7getInfoEP15unw_proc_info_t), (42 bytes).
    Removing libunwind.cpp.o(.ARM.exidx.text._ZN9libunwind12UnwindCursorINS_17LocalAddressSpaceENS_13Registers_armEE7getInfoEP15unw_proc_info_t), (8 bytes).
    Removing libunwind.cpp.o(.text._ZN9libunwind12UnwindCursorINS_17LocalAddressSpaceENS_13Registers_armEE6jumptoEv), (22 bytes).
    Removing libunwind.cpp.o(.ARM.exidx.text._ZN9libunwind12UnwindCursorINS_17LocalAddressSpaceENS_13Registers_armEE6jumptoEv), (8 bytes).
    Removing libunwind.cpp.o(.text._ZN9libunwind12UnwindCursorINS_17LocalAddressSpaceENS_13Registers_armEE13isSignalFrameEv), (6 bytes).
    Removing libunwind.cpp.o(.ARM.exidx.text._ZN9libunwind12UnwindCursorINS_17LocalAddressSpaceENS_13Registers_armEE13isSignalFrameEv), (8 bytes).
    Removing libunwind.cpp.o(.text._ZN9libunwind12UnwindCursorINS_17LocalAddressSpaceENS_13Registers_armEE15getFunctionNameEPcjPj), (16 bytes).
    Removing libunwind.cpp.o(.ARM.exidx.text._ZN9libunwind12UnwindCursorINS_17LocalAddressSpaceENS_13Registers_armEE15getFunctionNameEPcjPj), (8 bytes).
    Removing libunwind.cpp.o(.text._ZN9libunwind12UnwindCursorINS_17LocalAddressSpaceENS_13Registers_armEE24setInfoBasedOnIPRegisterEb), (70 bytes).
    Removing libunwind.cpp.o(.ARM.exidx.text._ZN9libunwind12UnwindCursorINS_17LocalAddressSpaceENS_13Registers_armEE24setInfoBasedOnIPRegisterEb), (8 bytes).
    Removing libunwind.cpp.o(.text._ZN9libunwind12UnwindCursorINS_17LocalAddressSpaceENS_13Registers_armEE15getRegisterNameEi), (6 bytes).
    Removing libunwind.cpp.o(.ARM.exidx.text._ZN9libunwind12UnwindCursorINS_17LocalAddressSpaceENS_13Registers_armEE15getRegisterNameEi), (8 bytes).
    Removing libunwind.cpp.o(.text._ZN9libunwind12UnwindCursorINS_17LocalAddressSpaceENS_13Registers_armEE10saveVFPAsXEv), (8 bytes).
    Removing libunwind.cpp.o(.ARM.exidx.text._ZN9libunwind12UnwindCursorINS_17LocalAddressSpaceENS_13Registers_armEE10saveVFPAsXEv), (8 bytes).
    Removing libunwind.cpp.o(.text._ZN9libunwind12UnwindCursorINS_17LocalAddressSpaceENS_13Registers_armEE13stepWithEHABIEv), (48 bytes).
    Removing libunwind.cpp.o(.ARM.exidx.text._ZN9libunwind12UnwindCursorINS_17LocalAddressSpaceENS_13Registers_armEE13stepWithEHABIEv), (8 bytes).
    Removing libunwind.cpp.o(.text._ZN9libunwind13Registers_arm26restoreSavedFloatRegistersEv), (50 bytes).
    Removing libunwind.cpp.o(.ARM.exidx.text._ZN9libunwind13Registers_arm26restoreSavedFloatRegistersEv), (8 bytes).
    Removing libunwind.cpp.o(.text._ZN9libunwind12UnwindCursorINS_17LocalAddressSpaceENS_13Registers_armEE23getInfoFromEHABISectionEjRKNS_18UnwindInfoSectionsE), (400 bytes).
    Removing libunwind.cpp.o(.ARM.exidx.text._ZN9libunwind12UnwindCursorINS_17LocalAddressSpaceENS_13Registers_armEE23getInfoFromEHABISectionEjRKNS_18UnwindInfoSectionsE), (8 bytes).
    Removing libunwind.cpp.o(.text._ZNSt3__113__upper_boundIRNS_6__lessIjjEEN9libunwind20EHABISectionIteratorINS4_17LocalAddressSpaceEEEjEET0_S8_S8_RKT1_T_), (90 bytes).
    Removing libunwind.cpp.o(.ARM.exidx.text._ZNSt3__113__upper_boundIRNS_6__lessIjjEEN9libunwind20EHABISectionIteratorINS4_17LocalAddressSpaceEEEjEET0_S8_S8_RKT1_T_), (8 bytes).
    Removing libunwind.cpp.o(.text._ZN9libunwind13Registers_arm15getRegisterNameEi), (916 bytes).
    Removing libunwind.cpp.o(.ARM.exidx.text._ZN9libunwind13Registers_arm15getRegisterNameEi), (8 bytes).
    Removing libunwind.cpp.o(.rodata._ZTVN9libunwind12UnwindCursorINS_17LocalAddressSpaceENS_13Registers_armEEE), (72 bytes).

1244 unused section(s) (total 387647 bytes) removed from the image.

==============================================================================

Image Symbol Table

    Local Symbols

    Symbol Name                              Value     Ov Type        Size  Object(Section)

    ../clib/angel/boardlib.s                 0x00000000   Number         0  boardinit2.o ABSOLUTE
    ../clib/angel/boardlib.s                 0x00000000   Number         0  boardinit3.o ABSOLUTE
    ../clib/angel/boardlib.s                 0x00000000   Number         0  boardshut.o ABSOLUTE
    ../clib/angel/boardlib.s                 0x00000000   Number         0  boardinit1.o ABSOLUTE
    ../clib/angel/handlers.s                 0x00000000   Number         0  __scatter_zi.o ABSOLUTE
    ../clib/angel/handlers.s                 0x00000000   Number         0  __scatter_copy.o ABSOLUTE
    ../clib/angel/kernel.s                   0x00000000   Number         0  rtexit.o ABSOLUTE
    ../clib/angel/kernel.s                   0x00000000   Number         0  rtexit2.o ABSOLUTE
    ../clib/angel/kernel.s                   0x00000000   Number         0  __rtentry4.o ABSOLUTE
    ../clib/angel/kernel.s                   0x00000000   Number         0  __rtentry.o ABSOLUTE
    ../clib/angel/kernel.s                   0x00000000   Number         0  __rtentry2.o ABSOLUTE
    ../clib/angel/rt.s                       0x00000000   Number         0  rt_raise.o ABSOLUTE
    ../clib/angel/scatter.s                  0x00000000   Number         0  __scatter.o ABSOLUTE
    ../clib/angel/startup.s                  0x00000000   Number         0  __main.o ABSOLUTE
    ../clib/angel/sys.s                      0x00000000   Number         0  use_no_semi_2.o ABSOLUTE
    ../clib/angel/sys.s                      0x00000000   Number         0  libspace.o ABSOLUTE
    ../clib/angel/sys.s                      0x00000000   Number         0  indicate_semi.o ABSOLUTE
    ../clib/angel/sys.s                      0x00000000   Number         0  use_no_semi.o ABSOLUTE
    ../clib/angel/sys.s                      0x00000000   Number         0  sys_stackheap_outer.o ABSOLUTE
    ../clib/angel/sysapp.c                   0x00000000   Number         0  sys_wrch_hlt.o ABSOLUTE
    ../clib/angel/sysapp.c                   0x00000000   Number         0  sys_wrch.o ABSOLUTE
    ../clib/angel/sysapp.c                   0x00000000   Number         0  sys_command_hlt.o ABSOLUTE
    ../clib/angel/sysapp.c                   0x00000000   Number         0  sys_command.o ABSOLUTE
    ../clib/armsys.c                         0x00000000   Number         0  no_argv.o ABSOLUTE
    ../clib/armsys.c                         0x00000000   Number         0  _get_argv_nomalloc.o ABSOLUTE
    ../clib/armsys.c                         0x00000000   Number         0  argv_veneer.o ABSOLUTE
    ../clib/armsys.c                         0x00000000   Number         0  argv_veneer.o ABSOLUTE
    ../clib/heapalloc.c                      0x00000000   Number         0  hrguard.o ABSOLUTE
    ../clib/heapaux.c                        0x00000000   Number         0  heapauxi.o ABSOLUTE
    ../clib/libinit.s                        0x00000000   Number         0  libshutdown2.o ABSOLUTE
    ../clib/libinit.s                        0x00000000   Number         0  libshutdown.o ABSOLUTE
    ../clib/libinit.s                        0x00000000   Number         0  libinit.o ABSOLUTE
    ../clib/libinit.s                        0x00000000   Number         0  libinit2.o ABSOLUTE
    ../clib/memcpset.s                       0x00000000   Number         0  rt_memclr_w.o ABSOLUTE
    ../clib/memcpset.s                       0x00000000   Number         0  rt_memcpy_v6.o ABSOLUTE
    ../clib/memcpset.s                       0x00000000   Number         0  rt_memcpy_w.o ABSOLUTE
    ../clib/signal.c                         0x00000000   Number         0  defsig_fpe_inner.o ABSOLUTE
    ../clib/signal.c                         0x00000000   Number         0  defsig_rtred_inner.o ABSOLUTE
    ../clib/signal.c                         0x00000000   Number         0  defsig_abrt_outer.o ABSOLUTE
    ../clib/signal.c                         0x00000000   Number         0  defsig_rtmem_inner.o ABSOLUTE
    ../clib/signal.c                         0x00000000   Number         0  defsig_stak_inner.o ABSOLUTE
    ../clib/signal.c                         0x00000000   Number         0  defsig_pvfn_inner.o ABSOLUTE
    ../clib/signal.c                         0x00000000   Number         0  defsig_cppl_inner.o ABSOLUTE
    ../clib/signal.c                         0x00000000   Number         0  defsig_segv_inner.o ABSOLUTE
    ../clib/signal.c                         0x00000000   Number         0  defsig_other.o ABSOLUTE
    ../clib/signal.c                         0x00000000   Number         0  defsig_general.o ABSOLUTE
    ../clib/signal.c                         0x00000000   Number         0  defsig_exit.o ABSOLUTE
    ../clib/signal.c                         0x00000000   Number         0  defsig_abrt_inner.o ABSOLUTE
    ../clib/signal.c                         0x00000000   Number         0  defsig_abrt_formal.o ABSOLUTE
    ../clib/signal.c                         0x00000000   Number         0  defsig_rtmem_formal.o ABSOLUTE
    ../clib/signal.c                         0x00000000   Number         0  defsig_rtmem_outer.o ABSOLUTE
    ../clib/signal.c                         0x00000000   Number         0  __raise.o ABSOLUTE
    ../clib/signal.s                         0x00000000   Number         0  defsig.o ABSOLUTE
    ../clib/stdlib.c                         0x00000000   Number         0  abort.o ABSOLUTE
    ../clib/stdlib.c                         0x00000000   Number         0  exit.o ABSOLUTE
    ../fplib/d2f.s                           0x00000000   Number         0  d2f.o ABSOLUTE
    ../fplib/daddsub.s                       0x00000000   Number         0  daddsub_clz.o ABSOLUTE
    ../fplib/dcmp.s                          0x00000000   Number         0  dcmp.o ABSOLUTE
    ../fplib/dcmpi.s                         0x00000000   Number         0  dcmpi.o ABSOLUTE
    ../fplib/ddiv.s                          0x00000000   Number         0  ddiv.o ABSOLUTE
    ../fplib/deqf.s                          0x00000000   Number         0  deqf.o ABSOLUTE
    ../fplib/dfixu.s                         0x00000000   Number         0  dfixu.o ABSOLUTE
    ../fplib/dflt.s                          0x00000000   Number         0  dflt_clz.o ABSOLUTE
    ../fplib/dgeqf.s                         0x00000000   Number         0  dgeqf.o ABSOLUTE
    ../fplib/dleqf.s                         0x00000000   Number         0  dleqf.o ABSOLUTE
    ../fplib/dmul.s                          0x00000000   Number         0  dmul.o ABSOLUTE
    ../fplib/dnaninf.s                       0x00000000   Number         0  dnaninf.o ABSOLUTE
    ../fplib/dretinf.s                       0x00000000   Number         0  dretinf.o ABSOLUTE
    ../fplib/f2d.s                           0x00000000   Number         0  f2d.o ABSOLUTE
    ../fplib/faddsub.s                       0x00000000   Number         0  faddsub_clz.o ABSOLUTE
    ../fplib/fcmp.s                          0x00000000   Number         0  fcmp.o ABSOLUTE
    ../fplib/fcmpi.s                         0x00000000   Number         0  fcmpi.o ABSOLUTE
    ../fplib/fdiv.s                          0x00000000   Number         0  fdiv.o ABSOLUTE
    ../fplib/feqf.s                          0x00000000   Number         0  feqf.o ABSOLUTE
    ../fplib/ffixu.s                         0x00000000   Number         0  ffixu.o ABSOLUTE
    ../fplib/fflt.s                          0x00000000   Number         0  fflt_clz.o ABSOLUTE
    ../fplib/fgeqf.s                         0x00000000   Number         0  fgeqf.o ABSOLUTE
    ../fplib/fleqf.s                         0x00000000   Number         0  fleqf.o ABSOLUTE
    ../fplib/fmul.s                          0x00000000   Number         0  fmul.o ABSOLUTE
    ../fplib/fnaninf.s                       0x00000000   Number         0  fnaninf.o ABSOLUTE
    ../fplib/fpinit.s                        0x00000000   Number         0  fpinit.o ABSOLUTE
    ../fplib/fretinf.s                       0x00000000   Number         0  fretinf.o ABSOLUTE
    ../fplib/usenofp.s                       0x00000000   Number         0  usenofp.o ABSOLUTE
    ..\CORE\startup_stm32f10x_hd.s           0x00000000   Number         0  startup_stm32f10x_hd.o ABSOLUTE
    Basic.cpp                                0x00000000   Number         0  basic.o ABSOLUTE
    Commulink.cpp                            0x00000000   Number         0  commulink.o ABSOLUTE
    Font.cpp                                 0x00000000   Number         0  font.o ABSOLUTE
    GUI.cpp                                  0x00000000   Number         0  gui.o ABSOLUTE
    GUI_Images.cpp                           0x00000000   Number         0  gui_images.o ABSOLUTE
    Unwind-EHABI.cpp                         0x00000000   Number         0  Unwind-EHABI.cpp.o ABSOLUTE
    dc.s                                     0x00000000   Number         0  dc.o ABSOLUTE
    delay.c                                  0x00000000   Number         0  delay.o ABSOLUTE
    drv_Beep.cpp                             0x00000000   Number         0  drv_beep.o ABSOLUTE
    drv_Key.cpp                              0x00000000   Number         0  drv_key.o ABSOLUTE
    drv_LCD.cpp                              0x00000000   Number         0  drv_lcd.o ABSOLUTE
    drv_LED.cpp                              0x00000000   Number         0  drv_led.o ABSOLUTE
    drv_Main.cpp                             0x00000000   Number         0  drv_main.o ABSOLUTE
    drv_Timer.cpp                            0x00000000   Number         0  drv_timer.o ABSOLUTE
    led.c                                    0x00000000   Number         0  led.o ABSOLUTE
    libunwind.cpp                            0x00000000   Number         0  libunwind.cpp.o ABSOLUTE
    main.cpp                                 0x00000000   Number         0  main.o ABSOLUTE
    misc.c                                   0x00000000   Number         0  misc.o ABSOLUTE
    stm32f10x_adc.c                          0x00000000   Number         0  stm32f10x_adc.o ABSOLUTE
    stm32f10x_bkp.c                          0x00000000   Number         0  stm32f10x_bkp.o ABSOLUTE
    stm32f10x_can.c                          0x00000000   Number         0  stm32f10x_can.o ABSOLUTE
    stm32f10x_cec.c                          0x00000000   Number         0  stm32f10x_cec.o ABSOLUTE
    stm32f10x_crc.c                          0x00000000   Number         0  stm32f10x_crc.o ABSOLUTE
    stm32f10x_dac.c                          0x00000000   Number         0  stm32f10x_dac.o ABSOLUTE
    stm32f10x_dbgmcu.c                       0x00000000   Number         0  stm32f10x_dbgmcu.o ABSOLUTE
    stm32f10x_dma.c                          0x00000000   Number         0  stm32f10x_dma.o ABSOLUTE
    stm32f10x_exti.c                         0x00000000   Number         0  stm32f10x_exti.o ABSOLUTE
    stm32f10x_flash.c                        0x00000000   Number         0  stm32f10x_flash.o ABSOLUTE
    stm32f10x_fsmc.c                         0x00000000   Number         0  stm32f10x_fsmc.o ABSOLUTE
    stm32f10x_gpio.c                         0x00000000   Number         0  stm32f10x_gpio.o ABSOLUTE
    stm32f10x_i2c.c                          0x00000000   Number         0  stm32f10x_i2c.o ABSOLUTE
    stm32f10x_it.c                           0x00000000   Number         0  stm32f10x_it.o ABSOLUTE
    stm32f10x_iwdg.c                         0x00000000   Number         0  stm32f10x_iwdg.o ABSOLUTE
    stm32f10x_pwr.c                          0x00000000   Number         0  stm32f10x_pwr.o ABSOLUTE
    stm32f10x_rcc.c                          0x00000000   Number         0  stm32f10x_rcc.o ABSOLUTE
    stm32f10x_rtc.c                          0x00000000   Number         0  stm32f10x_rtc.o ABSOLUTE
    stm32f10x_sdio.c                         0x00000000   Number         0  stm32f10x_sdio.o ABSOLUTE
    stm32f10x_spi.c                          0x00000000   Number         0  stm32f10x_spi.o ABSOLUTE
    stm32f10x_tim.c                          0x00000000   Number         0  stm32f10x_tim.o ABSOLUTE
    stm32f10x_usart.c                        0x00000000   Number         0  stm32f10x_usart.o ABSOLUTE
    stm32f10x_wwdg.c                         0x00000000   Number         0  stm32f10x_wwdg.o ABSOLUTE
    sys.c                                    0x00000000   Number         0  sys.o ABSOLUTE
    system_stm32f10x.c                       0x00000000   Number         0  system_stm32f10x.o ABSOLUTE
    usart.c                                  0x00000000   Number         0  usart.o ABSOLUTE
    RESET                                    0x08000000   Section      304  startup_stm32f10x_hd.o(RESET)
    !!!main                                  0x08000130   Section        8  __main.o(!!!main)
    !!!scatter                               0x08000138   Section       52  __scatter.o(!!!scatter)
    !!handler_copy                           0x0800016c   Section       26  __scatter_copy.o(!!handler_copy)
    !!handler_zi                             0x08000188   Section       28  __scatter_zi.o(!!handler_zi)
    .ARM.Collect$$libinit$$00000000          0x080001a4   Section        2  libinit.o(.ARM.Collect$$libinit$$00000000)
    .ARM.Collect$$libinit$$00000002          0x080001a6   Section        0  libinit2.o(.ARM.Collect$$libinit$$00000002)
    .ARM.Collect$$libinit$$00000004          0x080001a6   Section        0  libinit2.o(.ARM.Collect$$libinit$$00000004)
    .ARM.Collect$$libinit$$0000000A          0x080001a6   Section        0  libinit2.o(.ARM.Collect$$libinit$$0000000A)
    .ARM.Collect$$libinit$$0000000C          0x080001a6   Section        0  libinit2.o(.ARM.Collect$$libinit$$0000000C)
    .ARM.Collect$$libinit$$0000000E          0x080001a6   Section        0  libinit2.o(.ARM.Collect$$libinit$$0000000E)
    .ARM.Collect$$libinit$$00000011          0x080001a6   Section        0  libinit2.o(.ARM.Collect$$libinit$$00000011)
    .ARM.Collect$$libinit$$00000013          0x080001a6   Section        0  libinit2.o(.ARM.Collect$$libinit$$00000013)
    .ARM.Collect$$libinit$$00000015          0x080001a6   Section        0  libinit2.o(.ARM.Collect$$libinit$$00000015)
    .ARM.Collect$$libinit$$00000017          0x080001a6   Section        0  libinit2.o(.ARM.Collect$$libinit$$00000017)
    .ARM.Collect$$libinit$$00000019          0x080001a6   Section        0  libinit2.o(.ARM.Collect$$libinit$$00000019)
    .ARM.Collect$$libinit$$0000001B          0x080001a6   Section        0  libinit2.o(.ARM.Collect$$libinit$$0000001B)
    .ARM.Collect$$libinit$$0000001D          0x080001a6   Section        0  libinit2.o(.ARM.Collect$$libinit$$0000001D)
    .ARM.Collect$$libinit$$0000001F          0x080001a6   Section        0  libinit2.o(.ARM.Collect$$libinit$$0000001F)
    .ARM.Collect$$libinit$$00000021          0x080001a6   Section        0  libinit2.o(.ARM.Collect$$libinit$$00000021)
    .ARM.Collect$$libinit$$00000023          0x080001a6   Section        0  libinit2.o(.ARM.Collect$$libinit$$00000023)
    .ARM.Collect$$libinit$$00000025          0x080001a6   Section        0  libinit2.o(.ARM.Collect$$libinit$$00000025)
    .ARM.Collect$$libinit$$0000002C          0x080001a6   Section        0  libinit2.o(.ARM.Collect$$libinit$$0000002C)
    .ARM.Collect$$libinit$$0000002E          0x080001a6   Section        0  libinit2.o(.ARM.Collect$$libinit$$0000002E)
    .ARM.Collect$$libinit$$00000030          0x080001a6   Section        0  libinit2.o(.ARM.Collect$$libinit$$00000030)
    .ARM.Collect$$libinit$$00000032          0x080001a6   Section        0  libinit2.o(.ARM.Collect$$libinit$$00000032)
    .ARM.Collect$$libinit$$00000033          0x080001a6   Section        2  libinit2.o(.ARM.Collect$$libinit$$00000033)
    .ARM.Collect$$libshutdown$$00000000      0x080001a8   Section        2  libshutdown.o(.ARM.Collect$$libshutdown$$00000000)
    .ARM.Collect$$libshutdown$$00000002      0x080001aa   Section        0  libshutdown2.o(.ARM.Collect$$libshutdown$$00000002)
    .ARM.Collect$$libshutdown$$00000004      0x080001aa   Section        0  libshutdown2.o(.ARM.Collect$$libshutdown$$00000004)
    .ARM.Collect$$libshutdown$$00000007      0x080001aa   Section        0  libshutdown2.o(.ARM.Collect$$libshutdown$$00000007)
    .ARM.Collect$$libshutdown$$0000000A      0x080001aa   Section        0  libshutdown2.o(.ARM.Collect$$libshutdown$$0000000A)
    .ARM.Collect$$libshutdown$$0000000C      0x080001aa   Section        0  libshutdown2.o(.ARM.Collect$$libshutdown$$0000000C)
    .ARM.Collect$$libshutdown$$0000000F      0x080001aa   Section        0  libshutdown2.o(.ARM.Collect$$libshutdown$$0000000F)
    .ARM.Collect$$libshutdown$$00000010      0x080001aa   Section        2  libshutdown2.o(.ARM.Collect$$libshutdown$$00000010)
    .ARM.Collect$$rtentry$$00000000          0x080001ac   Section        0  __rtentry.o(.ARM.Collect$$rtentry$$00000000)
    .ARM.Collect$$rtentry$$00000002          0x080001ac   Section        0  __rtentry2.o(.ARM.Collect$$rtentry$$00000002)
    .ARM.Collect$$rtentry$$00000004          0x080001ac   Section        6  __rtentry4.o(.ARM.Collect$$rtentry$$00000004)
    .ARM.Collect$$rtentry$$00000009          0x080001b2   Section        0  __rtentry2.o(.ARM.Collect$$rtentry$$00000009)
    .ARM.Collect$$rtentry$$0000000A          0x080001b2   Section        4  __rtentry2.o(.ARM.Collect$$rtentry$$0000000A)
    .ARM.Collect$$rtentry$$0000000C          0x080001b6   Section        0  __rtentry2.o(.ARM.Collect$$rtentry$$0000000C)
    .ARM.Collect$$rtentry$$0000000D          0x080001b6   Section        8  __rtentry2.o(.ARM.Collect$$rtentry$$0000000D)
    .ARM.Collect$$rtexit$$00000000           0x080001be   Section        2  rtexit.o(.ARM.Collect$$rtexit$$00000000)
    .ARM.Collect$$rtexit$$00000002           0x080001c0   Section        0  rtexit2.o(.ARM.Collect$$rtexit$$00000002)
    .ARM.Collect$$rtexit$$00000003           0x080001c0   Section        4  rtexit2.o(.ARM.Collect$$rtexit$$00000003)
    .ARM.Collect$$rtexit$$00000004           0x080001c4   Section        6  rtexit2.o(.ARM.Collect$$rtexit$$00000004)
    .text                                    0x080001cc   Section       64  startup_stm32f10x_hd.o(.text)
    .text                                    0x0800020c   Section        2  use_no_semi_2.o(.text)
    .text                                    0x0800020e   Section        0  heapauxi.o(.text)
    .text                                    0x08000214   Section        2  use_no_semi.o(.text)
    .text                                    0x08000216   Section       74  sys_stackheap_outer.o(.text)
    .text                                    0x08000260   Section        0  exit.o(.text)
    .text                                    0x08000274   Section        8  libspace.o(.text)
    [Anonymous Symbol]                       0x0800027c   Section        0  stm32f10x_it.o(.text.BusFault_Handler)
    [Anonymous Symbol]                       0x08000280   Section        0  stm32f10x_it.o(.text.DebugMon_Handler)
    [Anonymous Symbol]                       0x08000284   Section        0  drv_key.o(.text.EXTI0_IRQHandler)
    [Anonymous Symbol]                       0x080002cc   Section        0  stm32f10x_exti.o(.text.EXTI_ClearITPendingBit)
    [Anonymous Symbol]                       0x080002d8   Section        0  stm32f10x_exti.o(.text.EXTI_Init)
    [Anonymous Symbol]                       0x08000338   Section        0  stm32f10x_gpio.o(.text.GPIO_EXTILineConfig)
    [Anonymous Symbol]                       0x0800036c   Section        0  stm32f10x_gpio.o(.text.GPIO_Init)
    [Anonymous Symbol]                       0x0800064c   Section        0  stm32f10x_gpio.o(.text.GPIO_ReadInputDataBit)
    [Anonymous Symbol]                       0x08000658   Section        0  stm32f10x_gpio.o(.text.GPIO_ResetBits)
    [Anonymous Symbol]                       0x0800065c   Section        0  stm32f10x_gpio.o(.text.GPIO_SetBits)
    [Anonymous Symbol]                       0x08000660   Section        0  stm32f10x_it.o(.text.HardFault_Handler)
    [Anonymous Symbol]                       0x08000664   Section        0  stm32f10x_it.o(.text.MemManage_Handler)
    [Anonymous Symbol]                       0x08000668   Section        0  stm32f10x_it.o(.text.NMI_Handler)
    [Anonymous Symbol]                       0x0800066c   Section        0  misc.o(.text.NVIC_Init)
    [Anonymous Symbol]                       0x080006cc   Section        0  misc.o(.text.NVIC_PriorityGroupConfig)
    [Anonymous Symbol]                       0x080006e0   Section        0  stm32f10x_rcc.o(.text.RCC_APB1PeriphClockCmd)
    [Anonymous Symbol]                       0x080006f8   Section        0  stm32f10x_rcc.o(.text.RCC_APB2PeriphClockCmd)
    [Anonymous Symbol]                       0x08000710   Section        0  stm32f10x_rcc.o(.text.RCC_GetClocksFreq)
    [Anonymous Symbol]                       0x080007c0   Section        0  misc.o(.text.SysTick_CLKSourceConfig)
    [Anonymous Symbol]                       0x080007dc   Section        0  system_stm32f10x.o(.text.SystemInit)
    [Anonymous Symbol]                       0x08000934   Section        0  drv_timer.o(.text.TIM4_IRQHandler)
    [Anonymous Symbol]                       0x08000958   Section        0  stm32f10x_tim.o(.text.TIM_ClearITPendingBit)
    [Anonymous Symbol]                       0x08000960   Section        0  stm32f10x_tim.o(.text.TIM_Cmd)
    [Anonymous Symbol]                       0x08000974   Section        0  stm32f10x_tim.o(.text.TIM_GetITStatus)
    [Anonymous Symbol]                       0x08000988   Section        0  stm32f10x_tim.o(.text.TIM_ITConfig)
    [Anonymous Symbol]                       0x08000998   Section        0  stm32f10x_tim.o(.text.TIM_TimeBaseInit)
    [Anonymous Symbol]                       0x08000a44   Section        0  usart.o(.text.USART1_IRQHandler)
    [Anonymous Symbol]                       0x08000ab0   Section        0  stm32f10x_usart.o(.text.USART_GetITStatus)
    [Anonymous Symbol]                       0x08000af4   Section        0  stm32f10x_usart.o(.text.USART_ReceiveData)
    [Anonymous Symbol]                       0x08000afc   Section        0  stm32f10x_it.o(.text.UsageFault_Handler)
    [Anonymous Symbol]                       0x08000b00   Section        0  drv_key.o(.text._Z10EXTIX_Initv)
    [Anonymous Symbol]                       0x08000b78   Section        0  drv_timer.o(.text._Z10Timer_initv)
    [Anonymous Symbol]                       0x08000bd8   Section        0  drv_lcd.o(.text._Z11LCD_WR_DATAt)
    [Anonymous Symbol]                       0x08000bec   Section        0  gui.o(.text._Z12LCD_ShowChartthtthh)
    [Anonymous Symbol]                       0x08000d3c   Section        0  drv_lcd.o(.text._Z12LCD_Writ_Bush)
    [Anonymous Symbol]                       0x08000e90   Section        0  drv_lcd.o(.text._Z12init_drv_LCDv)
    [Anonymous Symbol]                       0x08001120   Section        0  drv_led.o(.text._Z12init_drv_LEDv)
    [Anonymous Symbol]                       0x080012c0   Section        0  drv_lcd.o(.text._Z13LCD_GPIO_Initv)
    [Anonymous Symbol]                       0x0800133c   Section        0  gui.o(.text._Z14LCD_ShowIntNumttthtth)
    [Anonymous Symbol]                       0x08001434   Section        0  drv_key.o(.text._Z14click_N_Doublet)
    [Anonymous Symbol]                       0x08001520   Section        0  drv_lcd.o(.text._Z15LCD_Address_Settttt)
    [Anonymous Symbol]                       0x080015b0   Section        0  gui.o(.text._Z18LCD_ShowCalculatorttPicS_ii)
    [Anonymous Symbol]                       0x0800288c   Section        0  drv_key.o(.text._Z3Keyv)
    [Anonymous Symbol]                       0x08002abc   Section        0  gui.o(.text._Z8LCD_Fillttttt)
    [Anonymous Symbol]                       0x08002b04   Section        0  drv_beep.o(.text._Z9BEEP_Initv)
    [Anonymous Symbol]                       0x08002b3c   Section        0  usart.o(.text._sys_exit)
    [Anonymous Symbol]                       0x08002b40   Section        0  delay.o(.text.delay_init)
    [Anonymous Symbol]                       0x08002b84   Section        0  delay.o(.text.delay_ms)
    [Anonymous Symbol]                       0x08002be0   Section        0  delay.o(.text.delay_us)
    [Anonymous Symbol]                       0x08002c3c   Section        0  drv_main.o(.text.init_drv_Main)
    [Anonymous Symbol]                       0x08002c4c   Section        0  main.o(.text.main)
    [Anonymous Symbol]                       0x08002d20   Section        0  stm32f10x_rcc.o(.rodata.ADCPrescTable)
    ADCPrescTable                            0x08002d20   Data           4  stm32f10x_rcc.o(.rodata.ADCPrescTable)
    [Anonymous Symbol]                       0x08002d24   Section        0  stm32f10x_rcc.o(.rodata.APBAHBPrescTable)
    APBAHBPrescTable                         0x08002d24   Data          16  stm32f10x_rcc.o(.rodata.APBAHBPrescTable)
    .bss                                     0x20000010   Section       96  libspace.o(.bss)
    [Anonymous Symbol]                       0x2000014e   Section        0  drv_key.o(.bss._ZL11Press_count)
    _ZL11Press_count                         0x2000014e   Data           2  drv_key.o(.bss._ZL11Press_count)
    [Anonymous Symbol]                       0x20000150   Section        0  drv_key.o(.bss._ZZ10Long_PressvE10Long_Press)
    Long_Press()::Long_Press                 0x20000150   Data           1  drv_key.o(.bss._ZZ10Long_PressvE10Long_Press)
    [Anonymous Symbol]                       0x20000152   Section        0  drv_key.o(.bss._ZZ10Long_PressvE16Long_Press_count)
    Long_Press()::Long_Press_count           0x20000152   Data           2  drv_key.o(.bss._ZZ10Long_PressvE16Long_Press_count)
    [Anonymous Symbol]                       0x20000154   Section        0  drv_key.o(.bss._ZZ14click_N_DoubletE10double_key)
    click_N_Double(unsigned short)::double_key 0x20000154   Data           2  drv_key.o(.bss._ZZ14click_N_DoubletE10double_key)
    [Anonymous Symbol]                       0x20000156   Section        0  drv_key.o(.bss._ZZ14click_N_DoubletE12count_single)
    click_N_Double(unsigned short)::count_single 0x20000156   Data           2  drv_key.o(.bss._ZZ14click_N_DoubletE12count_single)
    [Anonymous Symbol]                       0x20000158   Section        0  drv_key.o(.bss._ZZ14click_N_DoubletE13Forever_count)
    click_N_Double(unsigned short)::Forever_count 0x20000158   Data           2  drv_key.o(.bss._ZZ14click_N_DoubletE13Forever_count)
    [Anonymous Symbol]                       0x2000015a   Section        0  drv_key.o(.bss._ZZ14click_N_DoubletE8flag_key)
    click_N_Double(unsigned short)::flag_key 0x2000015a   Data           1  drv_key.o(.bss._ZZ14click_N_DoubletE8flag_key)
    [Anonymous Symbol]                       0x2000015c   Section        0  drv_key.o(.bss._ZZ14click_N_DoubletE9count_key)
    click_N_Double(unsigned short)::count_key 0x2000015c   Data           1  drv_key.o(.bss._ZZ14click_N_DoubletE9count_key)
    [Anonymous Symbol]                       0x2000015e   Section        0  delay.o(.bss.fac_ms)
    fac_ms                                   0x2000015e   Data           2  delay.o(.bss.fac_ms)
    [Anonymous Symbol]                       0x20000160   Section        0  delay.o(.bss.fac_us)
    fac_us                                   0x20000160   Data           1  delay.o(.bss.fac_us)
    HEAP                                     0x20000190   Section      512  startup_stm32f10x_hd.o(HEAP)
    Heap_Mem                                 0x20000190   Data         512  startup_stm32f10x_hd.o(HEAP)
    STACK                                    0x20000390   Section     1024  startup_stm32f10x_hd.o(STACK)
    Stack_Mem                                0x20000390   Data        1024  startup_stm32f10x_hd.o(STACK)
    __initial_sp                             0x20000790   Data           0  startup_stm32f10x_hd.o(STACK)

    Global Symbols

    Symbol Name                              Value     Ov Type        Size  Object(Section)

    BuildAttributes$$THM_ISAv4$P$D$K$B$S$PE$A:L22UL41UL21$X:L11$S22US41US21$IEEE1$IW$~IW$USESV6$~STKCKD$USESV7$WCHAR32$ENUMINT$~SHL$OTIME$ROPI$EBA8$UX$STANDARDLIB$REQ8$EABIv2 0x00000000   Number         0  anon$$obj.o ABSOLUTE
    SHT$$ARM_EXIDX$$Base                      - Undefined Reference
    SHT$$ARM_EXIDX$$Limit                     - Undefined Reference
    __ARM_exceptions_init                     - Undefined Weak Reference
    __alloca_initialize                       - Undefined Weak Reference
    __arm_preinit_                            - Undefined Weak Reference
    __cpp_initialize__aeabi_                  - Undefined Weak Reference
    __cxa_finalize                            - Undefined Weak Reference
    __rt_locale                               - Undefined Weak Reference
    __sigvec_lookup                           - Undefined Weak Reference
    _atexit_init                              - Undefined Weak Reference
    _call_atexit_fns                          - Undefined Weak Reference
    _clock_init                               - Undefined Weak Reference
    _fp_trap_init                             - Undefined Weak Reference
    _fp_trap_shutdown                         - Undefined Weak Reference
    _get_lc_collate                           - Undefined Weak Reference
    _get_lc_ctype                             - Undefined Weak Reference
    _get_lc_monetary                          - Undefined Weak Reference
    _get_lc_numeric                           - Undefined Weak Reference
    _get_lc_time                              - Undefined Weak Reference
    _getenv_init                              - Undefined Weak Reference
    _handle_redirection                       - Undefined Weak Reference
    _init_alloc                               - Undefined Weak Reference
    _init_user_alloc                          - Undefined Weak Reference
    _initio                                   - Undefined Weak Reference
    _rand_init                                - Undefined Weak Reference
    _signal_finish                            - Undefined Weak Reference
    _signal_init                              - Undefined Weak Reference
    _terminate_alloc                          - Undefined Weak Reference
    _terminate_user_alloc                     - Undefined Weak Reference
    _terminateio                              - Undefined Weak Reference
    __Vectors_Size                           0x00000130   Number         0  startup_stm32f10x_hd.o ABSOLUTE
    __Vectors                                0x08000000   Data           4  startup_stm32f10x_hd.o(RESET)
    __Vectors_End                            0x08000130   Data           0  startup_stm32f10x_hd.o(RESET)
    __main                                   0x08000131   Thumb Code     8  __main.o(!!!main)
    __scatterload                            0x08000139   Thumb Code     0  __scatter.o(!!!scatter)
    __scatterload_rt2                        0x08000139   Thumb Code    44  __scatter.o(!!!scatter)
    __scatterload_rt2_thumb_only             0x08000139   Thumb Code     0  __scatter.o(!!!scatter)
    __scatterload_null                       0x08000147   Thumb Code     0  __scatter.o(!!!scatter)
    __scatterload_copy                       0x0800016d   Thumb Code    26  __scatter_copy.o(!!handler_copy)
    __scatterload_zeroinit                   0x08000189   Thumb Code    28  __scatter_zi.o(!!handler_zi)
    __rt_lib_init                            0x080001a5   Thumb Code     0  libinit.o(.ARM.Collect$$libinit$$00000000)
    __rt_lib_init_alloca_1                   0x080001a7   Thumb Code     0  libinit2.o(.ARM.Collect$$libinit$$0000002E)
    __rt_lib_init_argv_1                     0x080001a7   Thumb Code     0  libinit2.o(.ARM.Collect$$libinit$$0000002C)
    __rt_lib_init_atexit_1                   0x080001a7   Thumb Code     0  libinit2.o(.ARM.Collect$$libinit$$0000001B)
    __rt_lib_init_clock_1                    0x080001a7   Thumb Code     0  libinit2.o(.ARM.Collect$$libinit$$00000021)
    __rt_lib_init_cpp_1                      0x080001a7   Thumb Code     0  libinit2.o(.ARM.Collect$$libinit$$00000032)
    __rt_lib_init_exceptions_1               0x080001a7   Thumb Code     0  libinit2.o(.ARM.Collect$$libinit$$00000030)
    __rt_lib_init_fp_1                       0x080001a7   Thumb Code     0  libinit2.o(.ARM.Collect$$libinit$$00000002)
    __rt_lib_init_fp_trap_1                  0x080001a7   Thumb Code     0  libinit2.o(.ARM.Collect$$libinit$$0000001F)
    __rt_lib_init_getenv_1                   0x080001a7   Thumb Code     0  libinit2.o(.ARM.Collect$$libinit$$00000023)
    __rt_lib_init_heap_1                     0x080001a7   Thumb Code     0  libinit2.o(.ARM.Collect$$libinit$$0000000A)
    __rt_lib_init_lc_collate_1               0x080001a7   Thumb Code     0  libinit2.o(.ARM.Collect$$libinit$$00000011)
    __rt_lib_init_lc_ctype_1                 0x080001a7   Thumb Code     0  libinit2.o(.ARM.Collect$$libinit$$00000013)
    __rt_lib_init_lc_monetary_1              0x080001a7   Thumb Code     0  libinit2.o(.ARM.Collect$$libinit$$00000015)
    __rt_lib_init_lc_numeric_1               0x080001a7   Thumb Code     0  libinit2.o(.ARM.Collect$$libinit$$00000017)
    __rt_lib_init_lc_time_1                  0x080001a7   Thumb Code     0  libinit2.o(.ARM.Collect$$libinit$$00000019)
    __rt_lib_init_preinit_1                  0x080001a7   Thumb Code     0  libinit2.o(.ARM.Collect$$libinit$$00000004)
    __rt_lib_init_rand_1                     0x080001a7   Thumb Code     0  libinit2.o(.ARM.Collect$$libinit$$0000000E)
    __rt_lib_init_return                     0x080001a7   Thumb Code     0  libinit2.o(.ARM.Collect$$libinit$$00000033)
    __rt_lib_init_signal_1                   0x080001a7   Thumb Code     0  libinit2.o(.ARM.Collect$$libinit$$0000001D)
    __rt_lib_init_stdio_1                    0x080001a7   Thumb Code     0  libinit2.o(.ARM.Collect$$libinit$$00000025)
    __rt_lib_init_user_alloc_1               0x080001a7   Thumb Code     0  libinit2.o(.ARM.Collect$$libinit$$0000000C)
    __rt_lib_shutdown                        0x080001a9   Thumb Code     0  libshutdown.o(.ARM.Collect$$libshutdown$$00000000)
    __rt_lib_shutdown_cpp_1                  0x080001ab   Thumb Code     0  libshutdown2.o(.ARM.Collect$$libshutdown$$00000002)
    __rt_lib_shutdown_fp_trap_1              0x080001ab   Thumb Code     0  libshutdown2.o(.ARM.Collect$$libshutdown$$00000007)
    __rt_lib_shutdown_heap_1                 0x080001ab   Thumb Code     0  libshutdown2.o(.ARM.Collect$$libshutdown$$0000000F)
    __rt_lib_shutdown_return                 0x080001ab   Thumb Code     0  libshutdown2.o(.ARM.Collect$$libshutdown$$00000010)
    __rt_lib_shutdown_signal_1               0x080001ab   Thumb Code     0  libshutdown2.o(.ARM.Collect$$libshutdown$$0000000A)
    __rt_lib_shutdown_stdio_1                0x080001ab   Thumb Code     0  libshutdown2.o(.ARM.Collect$$libshutdown$$00000004)
    __rt_lib_shutdown_user_alloc_1           0x080001ab   Thumb Code     0  libshutdown2.o(.ARM.Collect$$libshutdown$$0000000C)
    __rt_entry                               0x080001ad   Thumb Code     0  __rtentry.o(.ARM.Collect$$rtentry$$00000000)
    __rt_entry_presh_1                       0x080001ad   Thumb Code     0  __rtentry2.o(.ARM.Collect$$rtentry$$00000002)
    __rt_entry_sh                            0x080001ad   Thumb Code     0  __rtentry4.o(.ARM.Collect$$rtentry$$00000004)
    __rt_entry_li                            0x080001b3   Thumb Code     0  __rtentry2.o(.ARM.Collect$$rtentry$$0000000A)
    __rt_entry_postsh_1                      0x080001b3   Thumb Code     0  __rtentry2.o(.ARM.Collect$$rtentry$$00000009)
    __rt_entry_main                          0x080001b7   Thumb Code     0  __rtentry2.o(.ARM.Collect$$rtentry$$0000000D)
    __rt_entry_postli_1                      0x080001b7   Thumb Code     0  __rtentry2.o(.ARM.Collect$$rtentry$$0000000C)
    __rt_exit                                0x080001bf   Thumb Code     0  rtexit.o(.ARM.Collect$$rtexit$$00000000)
    __rt_exit_ls                             0x080001c1   Thumb Code     0  rtexit2.o(.ARM.Collect$$rtexit$$00000003)
    __rt_exit_prels_1                        0x080001c1   Thumb Code     0  rtexit2.o(.ARM.Collect$$rtexit$$00000002)
    __rt_exit_exit                           0x080001c5   Thumb Code     0  rtexit2.o(.ARM.Collect$$rtexit$$00000004)
    Reset_Handler                            0x080001cd   Thumb Code     8  startup_stm32f10x_hd.o(.text)
    SVC_Handler                              0x080001df   Thumb Code     2  startup_stm32f10x_hd.o(.text)
    PendSV_Handler                           0x080001e3   Thumb Code     2  startup_stm32f10x_hd.o(.text)
    SysTick_Handler                          0x080001e5   Thumb Code     2  startup_stm32f10x_hd.o(.text)
    ADC1_2_IRQHandler                        0x080001e7   Thumb Code     0  startup_stm32f10x_hd.o(.text)
    ADC3_IRQHandler                          0x080001e7   Thumb Code     0  startup_stm32f10x_hd.o(.text)
    CAN1_RX1_IRQHandler                      0x080001e7   Thumb Code     0  startup_stm32f10x_hd.o(.text)
    CAN1_SCE_IRQHandler                      0x080001e7   Thumb Code     0  startup_stm32f10x_hd.o(.text)
    DMA1_Channel1_IRQHandler                 0x080001e7   Thumb Code     0  startup_stm32f10x_hd.o(.text)
    DMA1_Channel2_IRQHandler                 0x080001e7   Thumb Code     0  startup_stm32f10x_hd.o(.text)
    DMA1_Channel3_IRQHandler                 0x080001e7   Thumb Code     0  startup_stm32f10x_hd.o(.text)
    DMA1_Channel4_IRQHandler                 0x080001e7   Thumb Code     0  startup_stm32f10x_hd.o(.text)
    DMA1_Channel5_IRQHandler                 0x080001e7   Thumb Code     0  startup_stm32f10x_hd.o(.text)
    DMA1_Channel6_IRQHandler                 0x080001e7   Thumb Code     0  startup_stm32f10x_hd.o(.text)
    DMA1_Channel7_IRQHandler                 0x080001e7   Thumb Code     0  startup_stm32f10x_hd.o(.text)
    DMA2_Channel1_IRQHandler                 0x080001e7   Thumb Code     0  startup_stm32f10x_hd.o(.text)
    DMA2_Channel2_IRQHandler                 0x080001e7   Thumb Code     0  startup_stm32f10x_hd.o(.text)
    DMA2_Channel3_IRQHandler                 0x080001e7   Thumb Code     0  startup_stm32f10x_hd.o(.text)
    DMA2_Channel4_5_IRQHandler               0x080001e7   Thumb Code     0  startup_stm32f10x_hd.o(.text)
    EXTI15_10_IRQHandler                     0x080001e7   Thumb Code     0  startup_stm32f10x_hd.o(.text)
    EXTI1_IRQHandler                         0x080001e7   Thumb Code     0  startup_stm32f10x_hd.o(.text)
    EXTI2_IRQHandler                         0x080001e7   Thumb Code     0  startup_stm32f10x_hd.o(.text)
    EXTI3_IRQHandler                         0x080001e7   Thumb Code     0  startup_stm32f10x_hd.o(.text)
    EXTI4_IRQHandler                         0x080001e7   Thumb Code     0  startup_stm32f10x_hd.o(.text)
    EXTI9_5_IRQHandler                       0x080001e7   Thumb Code     0  startup_stm32f10x_hd.o(.text)
    FLASH_IRQHandler                         0x080001e7   Thumb Code     0  startup_stm32f10x_hd.o(.text)
    FSMC_IRQHandler                          0x080001e7   Thumb Code     0  startup_stm32f10x_hd.o(.text)
    I2C1_ER_IRQHandler                       0x080001e7   Thumb Code     0  startup_stm32f10x_hd.o(.text)
    I2C1_EV_IRQHandler                       0x080001e7   Thumb Code     0  startup_stm32f10x_hd.o(.text)
    I2C2_ER_IRQHandler                       0x080001e7   Thumb Code     0  startup_stm32f10x_hd.o(.text)
    I2C2_EV_IRQHandler                       0x080001e7   Thumb Code     0  startup_stm32f10x_hd.o(.text)
    PVD_IRQHandler                           0x080001e7   Thumb Code     0  startup_stm32f10x_hd.o(.text)
    RCC_IRQHandler                           0x080001e7   Thumb Code     0  startup_stm32f10x_hd.o(.text)
    RTCAlarm_IRQHandler                      0x080001e7   Thumb Code     0  startup_stm32f10x_hd.o(.text)
    RTC_IRQHandler                           0x080001e7   Thumb Code     0  startup_stm32f10x_hd.o(.text)
    SDIO_IRQHandler                          0x080001e7   Thumb Code     0  startup_stm32f10x_hd.o(.text)
    SPI1_IRQHandler                          0x080001e7   Thumb Code     0  startup_stm32f10x_hd.o(.text)
    SPI2_IRQHandler                          0x080001e7   Thumb Code     0  startup_stm32f10x_hd.o(.text)
    SPI3_IRQHandler                          0x080001e7   Thumb Code     0  startup_stm32f10x_hd.o(.text)
    TAMPER_IRQHandler                        0x080001e7   Thumb Code     0  startup_stm32f10x_hd.o(.text)
    TIM1_BRK_IRQHandler                      0x080001e7   Thumb Code     0  startup_stm32f10x_hd.o(.text)
    TIM1_CC_IRQHandler                       0x080001e7   Thumb Code     0  startup_stm32f10x_hd.o(.text)
    TIM1_TRG_COM_IRQHandler                  0x080001e7   Thumb Code     0  startup_stm32f10x_hd.o(.text)
    TIM1_UP_IRQHandler                       0x080001e7   Thumb Code     0  startup_stm32f10x_hd.o(.text)
    TIM2_IRQHandler                          0x080001e7   Thumb Code     0  startup_stm32f10x_hd.o(.text)
    TIM3_IRQHandler                          0x080001e7   Thumb Code     0  startup_stm32f10x_hd.o(.text)
    TIM5_IRQHandler                          0x080001e7   Thumb Code     0  startup_stm32f10x_hd.o(.text)
    TIM6_IRQHandler                          0x080001e7   Thumb Code     0  startup_stm32f10x_hd.o(.text)
    TIM7_IRQHandler                          0x080001e7   Thumb Code     0  startup_stm32f10x_hd.o(.text)
    TIM8_BRK_IRQHandler                      0x080001e7   Thumb Code     0  startup_stm32f10x_hd.o(.text)
    TIM8_CC_IRQHandler                       0x080001e7   Thumb Code     0  startup_stm32f10x_hd.o(.text)
    TIM8_TRG_COM_IRQHandler                  0x080001e7   Thumb Code     0  startup_stm32f10x_hd.o(.text)
    TIM8_UP_IRQHandler                       0x080001e7   Thumb Code     0  startup_stm32f10x_hd.o(.text)
    UART4_IRQHandler                         0x080001e7   Thumb Code     0  startup_stm32f10x_hd.o(.text)
    UART5_IRQHandler                         0x080001e7   Thumb Code     0  startup_stm32f10x_hd.o(.text)
    USART2_IRQHandler                        0x080001e7   Thumb Code     0  startup_stm32f10x_hd.o(.text)
    USART3_IRQHandler                        0x080001e7   Thumb Code     0  startup_stm32f10x_hd.o(.text)
    USBWakeUp_IRQHandler                     0x080001e7   Thumb Code     0  startup_stm32f10x_hd.o(.text)
    USB_HP_CAN1_TX_IRQHandler                0x080001e7   Thumb Code     0  startup_stm32f10x_hd.o(.text)
    USB_LP_CAN1_RX0_IRQHandler               0x080001e7   Thumb Code     0  startup_stm32f10x_hd.o(.text)
    WWDG_IRQHandler                          0x080001e7   Thumb Code     0  startup_stm32f10x_hd.o(.text)
    __user_initial_stackheap                 0x080001e9   Thumb Code     0  startup_stm32f10x_hd.o(.text)
    __use_no_semihosting                     0x0800020d   Thumb Code     2  use_no_semi_2.o(.text)
    __use_two_region_memory                  0x0800020f   Thumb Code     2  heapauxi.o(.text)
    __rt_heap_escrow$2region                 0x08000211   Thumb Code     2  heapauxi.o(.text)
    __rt_heap_expand$2region                 0x08000213   Thumb Code     2  heapauxi.o(.text)
    __I$use$semihosting                      0x08000215   Thumb Code     0  use_no_semi.o(.text)
    __use_no_semihosting_swi                 0x08000215   Thumb Code     2  use_no_semi.o(.text)
    __user_setup_stackheap                   0x08000217   Thumb Code    74  sys_stackheap_outer.o(.text)
    exit                                     0x08000261   Thumb Code    18  exit.o(.text)
    __user_libspace                          0x08000275   Thumb Code     8  libspace.o(.text)
    __user_perproc_libspace                  0x08000275   Thumb Code     0  libspace.o(.text)
    __user_perthread_libspace                0x08000275   Thumb Code     0  libspace.o(.text)
    BusFault_Handler                         0x0800027d   Thumb Code     2  stm32f10x_it.o(.text.BusFault_Handler)
    DebugMon_Handler                         0x08000281   Thumb Code     2  stm32f10x_it.o(.text.DebugMon_Handler)
    EXTI0_IRQHandler                         0x08000285   Thumb Code    70  drv_key.o(.text.EXTI0_IRQHandler)
    EXTI_ClearITPendingBit                   0x080002cd   Thumb Code    12  stm32f10x_exti.o(.text.EXTI_ClearITPendingBit)
    EXTI_Init                                0x080002d9   Thumb Code    96  stm32f10x_exti.o(.text.EXTI_Init)
    GPIO_EXTILineConfig                      0x08000339   Thumb Code    52  stm32f10x_gpio.o(.text.GPIO_EXTILineConfig)
    GPIO_Init                                0x0800036d   Thumb Code   734  stm32f10x_gpio.o(.text.GPIO_Init)
    GPIO_ReadInputDataBit                    0x0800064d   Thumb Code    10  stm32f10x_gpio.o(.text.GPIO_ReadInputDataBit)
    GPIO_ResetBits                           0x08000659   Thumb Code     4  stm32f10x_gpio.o(.text.GPIO_ResetBits)
    GPIO_SetBits                             0x0800065d   Thumb Code     4  stm32f10x_gpio.o(.text.GPIO_SetBits)
    HardFault_Handler                        0x08000661   Thumb Code     2  stm32f10x_it.o(.text.HardFault_Handler)
    MemManage_Handler                        0x08000665   Thumb Code     2  stm32f10x_it.o(.text.MemManage_Handler)
    NMI_Handler                              0x08000669   Thumb Code     2  stm32f10x_it.o(.text.NMI_Handler)
    NVIC_Init                                0x0800066d   Thumb Code    96  misc.o(.text.NVIC_Init)
    NVIC_PriorityGroupConfig                 0x080006cd   Thumb Code    20  misc.o(.text.NVIC_PriorityGroupConfig)
    RCC_APB1PeriphClockCmd                   0x080006e1   Thumb Code    24  stm32f10x_rcc.o(.text.RCC_APB1PeriphClockCmd)
    RCC_APB2PeriphClockCmd                   0x080006f9   Thumb Code    24  stm32f10x_rcc.o(.text.RCC_APB2PeriphClockCmd)
    RCC_GetClocksFreq                        0x08000711   Thumb Code   176  stm32f10x_rcc.o(.text.RCC_GetClocksFreq)
    SysTick_CLKSourceConfig                  0x080007c1   Thumb Code    26  misc.o(.text.SysTick_CLKSourceConfig)
    SystemInit                               0x080007dd   Thumb Code   342  system_stm32f10x.o(.text.SystemInit)
    TIM4_IRQHandler                          0x08000935   Thumb Code    36  drv_timer.o(.text.TIM4_IRQHandler)
    TIM_ClearITPendingBit                    0x08000959   Thumb Code     6  stm32f10x_tim.o(.text.TIM_ClearITPendingBit)
    TIM_Cmd                                  0x08000961   Thumb Code    18  stm32f10x_tim.o(.text.TIM_Cmd)
    TIM_GetITStatus                          0x08000975   Thumb Code    20  stm32f10x_tim.o(.text.TIM_GetITStatus)
    TIM_ITConfig                             0x08000989   Thumb Code    16  stm32f10x_tim.o(.text.TIM_ITConfig)
    TIM_TimeBaseInit                         0x08000999   Thumb Code   170  stm32f10x_tim.o(.text.TIM_TimeBaseInit)
    USART1_IRQHandler                        0x08000a45   Thumb Code   106  usart.o(.text.USART1_IRQHandler)
    USART_GetITStatus                        0x08000ab1   Thumb Code    66  stm32f10x_usart.o(.text.USART_GetITStatus)
    USART_ReceiveData                        0x08000af5   Thumb Code     8  stm32f10x_usart.o(.text.USART_ReceiveData)
    UsageFault_Handler                       0x08000afd   Thumb Code     2  stm32f10x_it.o(.text.UsageFault_Handler)
    EXTIX_Init()                             0x08000b01   Thumb Code   120  drv_key.o(.text._Z10EXTIX_Initv)
    Timer_init()                             0x08000b79   Thumb Code    94  drv_timer.o(.text._Z10Timer_initv)
    LCD_WR_DATA(unsigned short)              0x08000bd9   Thumb Code    20  drv_lcd.o(.text._Z11LCD_WR_DATAt)
    LCD_ShowChar(unsigned short, unsigned short, unsigned char, unsigned short, unsigned short, unsigned char, unsigned char) 0x08000bed   Thumb Code   334  gui.o(.text._Z12LCD_ShowChartthtthh)
    LCD_Writ_Bus(unsigned char)              0x08000d3d   Thumb Code   340  drv_lcd.o(.text._Z12LCD_Writ_Bush)
    init_drv_LCD()                           0x08000e91   Thumb Code   654  drv_lcd.o(.text._Z12init_drv_LCDv)
    init_drv_LED()                           0x08001121   Thumb Code   414  drv_led.o(.text._Z12init_drv_LEDv)
    LCD_GPIO_Init()                          0x080012c1   Thumb Code   122  drv_lcd.o(.text._Z13LCD_GPIO_Initv)
    LCD_ShowIntNum(unsigned short, unsigned short, unsigned short, unsigned char, unsigned short, unsigned short, unsigned char) 0x0800133d   Thumb Code   248  gui.o(.text._Z14LCD_ShowIntNumttthtth)
    click_N_Double(unsigned short)           0x08001435   Thumb Code   236  drv_key.o(.text._Z14click_N_Doublet)
    LCD_Address_Set(unsigned short, unsigned short, unsigned short, unsigned short) 0x08001521   Thumb Code   142  drv_lcd.o(.text._Z15LCD_Address_Settttt)
    LCD_ShowCalculator(unsigned short, unsigned short, int*, char, int*, int, int) 0x080015b1   Thumb Code  4826  gui.o(.text._Z18LCD_ShowCalculatorttPicS_ii)
    Key()                                    0x0800288d   Thumb Code   558  drv_key.o(.text._Z3Keyv)
    LCD_Fill(unsigned short, unsigned short, unsigned short, unsigned short, unsigned short) 0x08002abd   Thumb Code    72  gui.o(.text._Z8LCD_Fillttttt)
    BEEP_Init()                              0x08002b05   Thumb Code    54  drv_beep.o(.text._Z9BEEP_Initv)
    _sys_exit                                0x08002b3d   Thumb Code     2  usart.o(.text._sys_exit)
    delay_init                               0x08002b41   Thumb Code    66  delay.o(.text.delay_init)
    delay_ms                                 0x08002b85   Thumb Code    90  delay.o(.text.delay_ms)
    delay_us                                 0x08002be1   Thumb Code    90  delay.o(.text.delay_us)
    init_drv_Main                            0x08002c3d   Thumb Code    14  drv_main.o(.text.init_drv_Main)
    main                                     0x08002c4d   Thumb Code   212  main.o(.text.main)
    ascii_1206                               0x08002d34   Data        1140  font.o(.rodata.ascii_1206)
    ascii_1608                               0x080031a8   Data        1536  font.o(.rodata.ascii_1608)
    ascii_2412                               0x080037a8   Data        4560  font.o(.rodata.ascii_2412)
    ascii_3216                               0x08004978   Data        6080  font.o(.rodata.ascii_3216)
    Region$$Table$$Base                      0x08006138   Number         0  anon$$obj.o(Region$$Table)
    Region$$Table$$Limit                     0x08006158   Number         0  anon$$obj.o(Region$$Table)
    SystemCoreClock                          0x20000000   Data           4  system_stm32f10x.o(.data.SystemCoreClock)
    operation                                0x20000004   Data           1  main.o(.data.operation)
    operative_index                          0x20000008   Data           4  main.o(.data.operative_index)
    __libspace_start                         0x20000010   Data          96  libspace.o(.bss)
    RCC_CLK                                  0x20000070   Data          20  main.o(.bss.RCC_CLK)
    __temporary_stack_top$libspace           0x20000070   Data           0  libspace.o(.bss)
    USART_RX_BUF                             0x20000084   Data         200  usart.o(.bss.USART_RX_BUF)
    USART_RX_STA                             0x2000014c   Data           2  usart.o(.bss.USART_RX_STA)
    indication                               0x20000164   Data           4  main.o(.bss.indication)
    n                                        0x20000168   Data           2  main.o(.bss.n)
    num                                      0x2000016c   Data           4  main.o(.bss.num)
    number1                                  0x20000170   Data          12  main.o(.bss.number1)
    number2                                  0x2000017c   Data          12  main.o(.bss.number2)
    result                                   0x20000188   Data           2  main.o(.bss.result)



==============================================================================

Memory Map of the image

  Image Entry point : 0x080001cd

  Load Region LR_1 (Base: 0x08000000, Size: 0x00006164, Max: 0xffffffff, ABSOLUTE)

    Execution Region ER_RO (Exec base: 0x08000000, Load base: 0x08000000, Size: 0x00006158, Max: 0xffffffff, ABSOLUTE)

    Exec Addr    Load Addr    Size         Type   Attr      Idx    E Section Name        Object

    0x08000000   0x08000000   0x00000130   Data   RO          156    RESET               startup_stm32f10x_hd.o
    0x08000130   0x08000130   0x00000008   Code   RO         1633  * !!!main             c_wu.l(__main.o)
    0x08000138   0x08000138   0x00000034   Code   RO         1990    !!!scatter          c_wu.l(__scatter.o)
    0x0800016c   0x0800016c   0x0000001a   Code   RO         1992    !!handler_copy      c_wu.l(__scatter_copy.o)
    0x08000186   0x08000186   0x00000002   PAD
    0x08000188   0x08000188   0x0000001c   Code   RO         1994    !!handler_zi        c_wu.l(__scatter_zi.o)
    0x080001a4   0x080001a4   0x00000002   Code   RO         1866    .ARM.Collect$$libinit$$00000000  c_wu.l(libinit.o)
    0x080001a6   0x080001a6   0x00000000   Code   RO         1877    .ARM.Collect$$libinit$$00000002  c_wu.l(libinit2.o)
    0x080001a6   0x080001a6   0x00000000   Code   RO         1879    .ARM.Collect$$libinit$$00000004  c_wu.l(libinit2.o)
    0x080001a6   0x080001a6   0x00000000   Code   RO         1882    .ARM.Collect$$libinit$$0000000A  c_wu.l(libinit2.o)
    0x080001a6   0x080001a6   0x00000000   Code   RO         1884    .ARM.Collect$$libinit$$0000000C  c_wu.l(libinit2.o)
    0x080001a6   0x080001a6   0x00000000   Code   RO         1886    .ARM.Collect$$libinit$$0000000E  c_wu.l(libinit2.o)
    0x080001a6   0x080001a6   0x00000000   Code   RO         1889    .ARM.Collect$$libinit$$00000011  c_wu.l(libinit2.o)
    0x080001a6   0x080001a6   0x00000000   Code   RO         1891    .ARM.Collect$$libinit$$00000013  c_wu.l(libinit2.o)
    0x080001a6   0x080001a6   0x00000000   Code   RO         1893    .ARM.Collect$$libinit$$00000015  c_wu.l(libinit2.o)
    0x080001a6   0x080001a6   0x00000000   Code   RO         1895    .ARM.Collect$$libinit$$00000017  c_wu.l(libinit2.o)
    0x080001a6   0x080001a6   0x00000000   Code   RO         1897    .ARM.Collect$$libinit$$00000019  c_wu.l(libinit2.o)
    0x080001a6   0x080001a6   0x00000000   Code   RO         1899    .ARM.Collect$$libinit$$0000001B  c_wu.l(libinit2.o)
    0x080001a6   0x080001a6   0x00000000   Code   RO         1901    .ARM.Collect$$libinit$$0000001D  c_wu.l(libinit2.o)
    0x080001a6   0x080001a6   0x00000000   Code   RO         1903    .ARM.Collect$$libinit$$0000001F  c_wu.l(libinit2.o)
    0x080001a6   0x080001a6   0x00000000   Code   RO         1905    .ARM.Collect$$libinit$$00000021  c_wu.l(libinit2.o)
    0x080001a6   0x080001a6   0x00000000   Code   RO         1907    .ARM.Collect$$libinit$$00000023  c_wu.l(libinit2.o)
    0x080001a6   0x080001a6   0x00000000   Code   RO         1909    .ARM.Collect$$libinit$$00000025  c_wu.l(libinit2.o)
    0x080001a6   0x080001a6   0x00000000   Code   RO         1913    .ARM.Collect$$libinit$$0000002C  c_wu.l(libinit2.o)
    0x080001a6   0x080001a6   0x00000000   Code   RO         1915    .ARM.Collect$$libinit$$0000002E  c_wu.l(libinit2.o)
    0x080001a6   0x080001a6   0x00000000   Code   RO         1917    .ARM.Collect$$libinit$$00000030  c_wu.l(libinit2.o)
    0x080001a6   0x080001a6   0x00000000   Code   RO         1919    .ARM.Collect$$libinit$$00000032  c_wu.l(libinit2.o)
    0x080001a6   0x080001a6   0x00000002   Code   RO         1920    .ARM.Collect$$libinit$$00000033  c_wu.l(libinit2.o)
    0x080001a8   0x080001a8   0x00000002   Code   RO         1961    .ARM.Collect$$libshutdown$$00000000  c_wu.l(libshutdown.o)
    0x080001aa   0x080001aa   0x00000000   Code   RO         1973    .ARM.Collect$$libshutdown$$00000002  c_wu.l(libshutdown2.o)
    0x080001aa   0x080001aa   0x00000000   Code   RO         1975    .ARM.Collect$$libshutdown$$00000004  c_wu.l(libshutdown2.o)
    0x080001aa   0x080001aa   0x00000000   Code   RO         1978    .ARM.Collect$$libshutdown$$00000007  c_wu.l(libshutdown2.o)
    0x080001aa   0x080001aa   0x00000000   Code   RO         1981    .ARM.Collect$$libshutdown$$0000000A  c_wu.l(libshutdown2.o)
    0x080001aa   0x080001aa   0x00000000   Code   RO         1983    .ARM.Collect$$libshutdown$$0000000C  c_wu.l(libshutdown2.o)
    0x080001aa   0x080001aa   0x00000000   Code   RO         1986    .ARM.Collect$$libshutdown$$0000000F  c_wu.l(libshutdown2.o)
    0x080001aa   0x080001aa   0x00000002   Code   RO         1987    .ARM.Collect$$libshutdown$$00000010  c_wu.l(libshutdown2.o)
    0x080001ac   0x080001ac   0x00000000   Code   RO         1725    .ARM.Collect$$rtentry$$00000000  c_wu.l(__rtentry.o)
    0x080001ac   0x080001ac   0x00000000   Code   RO         1824    .ARM.Collect$$rtentry$$00000002  c_wu.l(__rtentry2.o)
    0x080001ac   0x080001ac   0x00000006   Code   RO         1836    .ARM.Collect$$rtentry$$00000004  c_wu.l(__rtentry4.o)
    0x080001b2   0x080001b2   0x00000000   Code   RO         1826    .ARM.Collect$$rtentry$$00000009  c_wu.l(__rtentry2.o)
    0x080001b2   0x080001b2   0x00000004   Code   RO         1827    .ARM.Collect$$rtentry$$0000000A  c_wu.l(__rtentry2.o)
    0x080001b6   0x080001b6   0x00000000   Code   RO         1829    .ARM.Collect$$rtentry$$0000000C  c_wu.l(__rtentry2.o)
    0x080001b6   0x080001b6   0x00000008   Code   RO         1830    .ARM.Collect$$rtentry$$0000000D  c_wu.l(__rtentry2.o)
    0x080001be   0x080001be   0x00000002   Code   RO         1870    .ARM.Collect$$rtexit$$00000000  c_wu.l(rtexit.o)
    0x080001c0   0x080001c0   0x00000000   Code   RO         1926    .ARM.Collect$$rtexit$$00000002  c_wu.l(rtexit2.o)
    0x080001c0   0x080001c0   0x00000004   Code   RO         1927    .ARM.Collect$$rtexit$$00000003  c_wu.l(rtexit2.o)
    0x080001c4   0x080001c4   0x00000006   Code   RO         1928    .ARM.Collect$$rtexit$$00000004  c_wu.l(rtexit2.o)
    0x080001ca   0x080001ca   0x00000002   PAD
    0x080001cc   0x080001cc   0x00000040   Code   RO          157  * .text               startup_stm32f10x_hd.o
    0x0800020c   0x0800020c   0x00000002   Code   RO         1627    .text               c_wu.l(use_no_semi_2.o)
    0x0800020e   0x0800020e   0x00000006   Code   RO         1631    .text               c_wu.l(heapauxi.o)
    0x08000214   0x08000214   0x00000002   Code   RO         1723    .text               c_wu.l(use_no_semi.o)
    0x08000216   0x08000216   0x0000004a   Code   RO         1849    .text               c_wu.l(sys_stackheap_outer.o)
    0x08000260   0x08000260   0x00000012   Code   RO         1853    .text               c_wu.l(exit.o)
    0x08000272   0x08000272   0x00000002   PAD
    0x08000274   0x08000274   0x00000008   Code   RO         1867    .text               c_wu.l(libspace.o)
    0x0800027c   0x0800027c   0x00000002   Code   RO           44    .text.BusFault_Handler  stm32f10x_it.o
    0x0800027e   0x0800027e   0x00000002   PAD
    0x08000280   0x08000280   0x00000002   Code   RO           48    .text.DebugMon_Handler  stm32f10x_it.o
    0x08000282   0x08000282   0x00000002   PAD
    0x08000284   0x08000284   0x00000046   Code   RO         1468    .text.EXTI0_IRQHandler  drv_key.o
    0x080002ca   0x080002ca   0x00000002   PAD
    0x080002cc   0x080002cc   0x0000000c   Code   RO          523    .text.EXTI_ClearITPendingBit  stm32f10x_exti.o
    0x080002d8   0x080002d8   0x00000060   Code   RO          511    .text.EXTI_Init     stm32f10x_exti.o
    0x08000338   0x08000338   0x00000034   Code   RO          684    .text.GPIO_EXTILineConfig  stm32f10x_gpio.o
    0x0800036c   0x0800036c   0x000002de   Code   RO          656    .text.GPIO_Init     stm32f10x_gpio.o
    0x0800064a   0x0800064a   0x00000002   PAD
    0x0800064c   0x0800064c   0x0000000a   Code   RO          660    .text.GPIO_ReadInputDataBit  stm32f10x_gpio.o
    0x08000656   0x08000656   0x00000002   PAD
    0x08000658   0x08000658   0x00000004   Code   RO          670    .text.GPIO_ResetBits  stm32f10x_gpio.o
    0x0800065c   0x0800065c   0x00000004   Code   RO          668    .text.GPIO_SetBits  stm32f10x_gpio.o
    0x08000660   0x08000660   0x00000002   Code   RO           40    .text.HardFault_Handler  stm32f10x_it.o
    0x08000662   0x08000662   0x00000002   PAD
    0x08000664   0x08000664   0x00000002   Code   RO           42    .text.MemManage_Handler  stm32f10x_it.o
    0x08000666   0x08000666   0x00000002   PAD
    0x08000668   0x08000668   0x00000002   Code   RO           38    .text.NMI_Handler   stm32f10x_it.o
    0x0800066a   0x0800066a   0x00000002   PAD
    0x0800066c   0x0800066c   0x00000060   Code   RO          166    .text.NVIC_Init     misc.o
    0x080006cc   0x080006cc   0x00000014   Code   RO          164    .text.NVIC_PriorityGroupConfig  misc.o
    0x080006e0   0x080006e0   0x00000018   Code   RO          874    .text.RCC_APB1PeriphClockCmd  stm32f10x_rcc.o
    0x080006f8   0x080006f8   0x00000018   Code   RO          872    .text.RCC_APB2PeriphClockCmd  stm32f10x_rcc.o
    0x08000710   0x08000710   0x000000b0   Code   RO          868    .text.RCC_GetClocksFreq  stm32f10x_rcc.o
    0x080007c0   0x080007c0   0x0000001a   Code   RO          172    .text.SysTick_CLKSourceConfig  misc.o
    0x080007da   0x080007da   0x00000002   PAD
    0x080007dc   0x080007dc   0x00000156   Code   RO           60    .text.SystemInit    system_stm32f10x.o
    0x08000932   0x08000932   0x00000002   PAD
    0x08000934   0x08000934   0x00000024   Code   RO         1418    .text.TIM4_IRQHandler  drv_timer.o
    0x08000958   0x08000958   0x00000006   Code   RO         1244    .text.TIM_ClearITPendingBit  stm32f10x_tim.o
    0x0800095e   0x0800095e   0x00000002   PAD
    0x08000960   0x08000960   0x00000012   Code   RO         1106    .text.TIM_Cmd       stm32f10x_tim.o
    0x08000972   0x08000972   0x00000002   PAD
    0x08000974   0x08000974   0x00000014   Code   RO         1242    .text.TIM_GetITStatus  stm32f10x_tim.o
    0x08000988   0x08000988   0x00000010   Code   RO         1110    .text.TIM_ITConfig  stm32f10x_tim.o
    0x08000998   0x08000998   0x000000aa   Code   RO         1074    .text.TIM_TimeBaseInit  stm32f10x_tim.o
    0x08000a42   0x08000a42   0x00000002   PAD
    0x08000a44   0x08000a44   0x0000006a   Code   RO          139    .text.USART1_IRQHandler  usart.o
    0x08000aae   0x08000aae   0x00000002   PAD
    0x08000ab0   0x08000ab0   0x00000042   Code   RO         1311    .text.USART_GetITStatus  stm32f10x_usart.o
    0x08000af2   0x08000af2   0x00000002   PAD
    0x08000af4   0x08000af4   0x00000008   Code   RO         1285    .text.USART_ReceiveData  stm32f10x_usart.o
    0x08000afc   0x08000afc   0x00000002   Code   RO           46    .text.UsageFault_Handler  stm32f10x_it.o
    0x08000afe   0x08000afe   0x00000002   PAD
    0x08000b00   0x08000b00   0x00000078   Code   RO         1466    .text._Z10EXTIX_Initv  drv_key.o
    0x08000b78   0x08000b78   0x0000005e   Code   RO         1416    .text._Z10Timer_initv  drv_timer.o
    0x08000bd6   0x08000bd6   0x00000002   PAD
    0x08000bd8   0x08000bd8   0x00000014   Code   RO         1397    .text._Z11LCD_WR_DATAt  drv_lcd.o
    0x08000bec   0x08000bec   0x0000014e   Code   RO         1526    .text._Z12LCD_ShowChartthtthh  gui.o
    0x08000d3a   0x08000d3a   0x00000002   PAD
    0x08000d3c   0x08000d3c   0x00000154   Code   RO         1393    .text._Z12LCD_Writ_Bush  drv_lcd.o
    0x08000e90   0x08000e90   0x0000028e   Code   RO         1403    .text._Z12init_drv_LCDv  drv_lcd.o
    0x0800111e   0x0800111e   0x00000002   PAD
    0x08001120   0x08001120   0x0000019e   Code   RO         1363    .text._Z12init_drv_LEDv  drv_led.o
    0x080012be   0x080012be   0x00000002   PAD
    0x080012c0   0x080012c0   0x0000007a   Code   RO         1391    .text._Z13LCD_GPIO_Initv  drv_lcd.o
    0x0800133a   0x0800133a   0x00000002   PAD
    0x0800133c   0x0800133c   0x000000f8   Code   RO         1532    .text._Z14LCD_ShowIntNumttthtth  gui.o
    0x08001434   0x08001434   0x000000ec   Code   RO         1458    .text._Z14click_N_Doublet  drv_key.o
    0x08001520   0x08001520   0x0000008e   Code   RO         1401    .text._Z15LCD_Address_Settttt  drv_lcd.o
    0x080015ae   0x080015ae   0x00000002   PAD
    0x080015b0   0x080015b0   0x000012da   Code   RO         1538    .text._Z18LCD_ShowCalculatorttPicS_ii  gui.o
    0x0800288a   0x0800288a   0x00000002   PAD
    0x0800288c   0x0800288c   0x0000022e   Code   RO         1456    .text._Z3Keyv       drv_key.o
    0x08002aba   0x08002aba   0x00000002   PAD
    0x08002abc   0x08002abc   0x00000048   Code   RO         1516    .text._Z8LCD_Fillttttt  gui.o
    0x08002b04   0x08002b04   0x00000036   Code   RO         1431    .text._Z9BEEP_Initv  drv_beep.o
    0x08002b3a   0x08002b3a   0x00000002   PAD
    0x08002b3c   0x08002b3c   0x00000002   Code   RO          133    .text._sys_exit     usart.o
    0x08002b3e   0x08002b3e   0x00000002   PAD
    0x08002b40   0x08002b40   0x00000042   Code   RO           77    .text.delay_init    delay.o
    0x08002b82   0x08002b82   0x00000002   PAD
    0x08002b84   0x08002b84   0x0000005a   Code   RO           81    .text.delay_ms      delay.o
    0x08002bde   0x08002bde   0x00000002   PAD
    0x08002be0   0x08002be0   0x0000005a   Code   RO           79    .text.delay_us      delay.o
    0x08002c3a   0x08002c3a   0x00000002   PAD
    0x08002c3c   0x08002c3c   0x0000000e   Code   RO         1379    .text.init_drv_Main  drv_main.o
    0x08002c4a   0x08002c4a   0x00000002   PAD
    0x08002c4c   0x08002c4c   0x000000d4   Code   RO            4    .text.main          main.o
    0x08002d20   0x08002d20   0x00000004   Data   RO          893    .rodata.ADCPrescTable  stm32f10x_rcc.o
    0x08002d24   0x08002d24   0x00000010   Data   RO          892    .rodata.APBAHBPrescTable  stm32f10x_rcc.o
    0x08002d34   0x08002d34   0x00000474   Data   RO         1503    .rodata.ascii_1206  font.o
    0x080031a8   0x080031a8   0x00000600   Data   RO         1504    .rodata.ascii_1608  font.o
    0x080037a8   0x080037a8   0x000011d0   Data   RO         1505    .rodata.ascii_2412  font.o
    0x08004978   0x08004978   0x000017c0   Data   RO         1506    .rodata.ascii_3216  font.o
    0x08006138   0x08006138   0x00000020   Data   RO         1988    Region$$Table       anon$$obj.o


    Execution Region ER_RW (Exec base: 0x20000000, Load base: 0x08006158, Size: 0x0000000c, Max: 0xffffffff, ABSOLUTE)

    Exec Addr    Load Addr    Size         Type   Attr      Idx    E Section Name        Object

    0x20000000   0x08006158   0x00000004   Data   RW           64    .data.SystemCoreClock  system_stm32f10x.o
    0x20000004   0x0800615c   0x00000001   Data   RW            6    .data.operation     main.o
    0x20000005   0x0800615d   0x00000003   PAD
    0x20000008   0x08006160   0x00000004   Data   RW            7    .data.operative_index  main.o


    Execution Region ER_ZI (Exec base: 0x20000010, Load base: 0x08006164, Size: 0x00000780, Max: 0xffffffff, ABSOLUTE)

    Exec Addr    Load Addr    Size         Type   Attr      Idx    E Section Name        Object

    0x20000010        -       0x00000060   Zero   RW         1868    .bss                c_wu.l(libspace.o)
    0x20000070        -       0x00000014   Zero   RW           25    .bss.RCC_CLK        main.o
    0x20000084        -       0x000000c8   Zero   RW          142    .bss.USART_RX_BUF   usart.o
    0x2000014c        -       0x00000002   Zero   RW          141    .bss.USART_RX_STA   usart.o
    0x2000014e        -       0x00000002   Zero   RW         1479    .bss._ZL11Press_count  drv_key.o
    0x20000150        -       0x00000001   Zero   RW         1478    .bss._ZZ10Long_PressvE10Long_Press  drv_key.o
    0x20000151   0x08006164   0x00000001   PAD
    0x20000152        -       0x00000002   Zero   RW         1477    .bss._ZZ10Long_PressvE16Long_Press_count  drv_key.o
    0x20000154        -       0x00000002   Zero   RW         1473    .bss._ZZ14click_N_DoubletE10double_key  drv_key.o
    0x20000156        -       0x00000002   Zero   RW         1474    .bss._ZZ14click_N_DoubletE12count_single  drv_key.o
    0x20000158        -       0x00000002   Zero   RW         1475    .bss._ZZ14click_N_DoubletE13Forever_count  drv_key.o
    0x2000015a        -       0x00000001   Zero   RW         1471    .bss._ZZ14click_N_DoubletE8flag_key  drv_key.o
    0x2000015b   0x08006164   0x00000001   PAD
    0x2000015c        -       0x00000001   Zero   RW         1472    .bss._ZZ14click_N_DoubletE9count_key  drv_key.o
    0x2000015d   0x08006164   0x00000001   PAD
    0x2000015e        -       0x00000002   Zero   RW           84    .bss.fac_ms         delay.o
    0x20000160        -       0x00000001   Zero   RW           83    .bss.fac_us         delay.o
    0x20000161   0x08006164   0x00000003   PAD
    0x20000164        -       0x00000004   Zero   RW           10    .bss.indication     main.o
    0x20000168        -       0x00000002   Zero   RW           18    .bss.n              main.o
    0x2000016a   0x08006164   0x00000002   PAD
    0x2000016c        -       0x00000004   Zero   RW           15    .bss.num            main.o
    0x20000170        -       0x0000000c   Zero   RW            8    .bss.number1        main.o
    0x2000017c        -       0x0000000c   Zero   RW            9    .bss.number2        main.o
    0x20000188        -       0x00000002   Zero   RW           11    .bss.result         main.o
    0x2000018a   0x08006164   0x00000006   PAD
    0x20000190        -       0x00000200   Zero   RW          155    HEAP                startup_stm32f10x_hd.o
    0x20000390        -       0x00000400   Zero   RW          154    STACK               startup_stm32f10x_hd.o


==============================================================================

Image component sizes


      Code (inc. data)   RO Data    RW Data    ZI Data      Debug   Object Name

       246          0          0          0          3       1603   delay.o
        54          0          0          0          0       5437   drv_beep.o
       984         18          0          0         13      13515   drv_key.o
      1278          0          0          0          0      13181   drv_lcd.o
       414          0          0          0          0      13628   drv_led.o
        14          0          0          0          0       7487   drv_main.o
       130          0          0          0          0       9936   drv_timer.o
         0          0      13316          0          0       7665   font.o
      5480        112          0          0          0      45678   gui.o
       212          0          0          5         56       9728   main.o
       142          0          0          0          0       3208   misc.o
        64         26        304          0       1536        780   startup_stm32f10x_hd.o
       108          0          0          0          0       2886   stm32f10x_exti.o
       804          0          0          0          0       8449   stm32f10x_gpio.o
        12          0          0          0          0        895   stm32f10x_it.o
       224          0         20          0          0       8129   stm32f10x_rcc.o
       230          0          0          0          0      23524   stm32f10x_tim.o
        74          0          0          0          0       8018   stm32f10x_usart.o
       342          0          0          4          0       2884   system_stm32f10x.o
       108          0          0          0        202       5280   usart.o

    ----------------------------------------------------------------------
     10980        156      13672         12       1824     191911   Object Totals
         0          0         32          0          0          0   (incl. Generated)
        60          0          0          3         14          0   (incl. Padding)

    ----------------------------------------------------------------------

      Code (inc. data)   RO Data    RW Data    ZI Data      Debug   Library Member Name

         8          0          0          0          0         68   __main.o
         0          0          0          0          0          0   __rtentry.o
        12          0          0          0          0          0   __rtentry2.o
         6          0          0          0          0          0   __rtentry4.o
        52          8          0          0          0          0   __scatter.o
        26          0          0          0          0          0   __scatter_copy.o
        28          0          0          0          0          0   __scatter_zi.o
        18          0          0          0          0         80   exit.o
         6          0          0          0          0        152   heapauxi.o
         2          0          0          0          0          0   libinit.o
         2          0          0          0          0          0   libinit2.o
         2          0          0          0          0          0   libshutdown.o
         2          0          0          0          0          0   libshutdown2.o
         8          4          0          0         96         68   libspace.o
         2          0          0          0          0          0   rtexit.o
        10          0          0          0          0          0   rtexit2.o
        74          0          0          0          0         80   sys_stackheap_outer.o
         2          0          0          0          0         68   use_no_semi.o
         2          0          0          0          0         68   use_no_semi_2.o

    ----------------------------------------------------------------------
       268         12          0          0         96        584   Library Totals
         6          0          0          0          0          0   (incl. Padding)

    ----------------------------------------------------------------------

      Code (inc. data)   RO Data    RW Data    ZI Data      Debug   Library Name

       262         12          0          0         96        584   c_wu.l

    ----------------------------------------------------------------------
       268         12          0          0         96        584   Library Totals

    ----------------------------------------------------------------------

==============================================================================


      Code (inc. data)   RO Data    RW Data    ZI Data      Debug   

     11248        168      13672         12       1920     192115   Grand Totals
     11248        168      13672         12       1920     192115   ELF Image Totals
     11248        168      13672         12          0          0   ROM Totals

==============================================================================

    Total RO  Size (Code + RO Data)                24920 (  24.34kB)
    Total RW  Size (RW Data + ZI Data)              1932 (   1.89kB)
    Total ROM Size (Code + RO Data + RW Data)      24932 (  24.35kB)

==============================================================================

