<html>
<body>
<pre>
<h1>µVision Build Log</h1>
<h2>Tool Versions:</h2>
IDE-Version: ¦ÌVision V5.26.2.0
Copyright (C) 2018 ARM Ltd and ARM Germany GmbH. All rights reserved.
License Information: 123 8615053757121, 1, LIC=KRMW3-A12AG-FWG2N-Y2P6C-YPS1Q-FHZ02
 
Tool Versions:
Toolchain:       MDK-ARM Plus  Version: 5.26.2.0
Toolchain Path:  D:\Keil\ARM\ARMCLANG\Bin
C Compiler:      ArmClang.exe V6.10.1
Assembler:       Armasm.exe V6.10.1
Linker/Locator:  ArmLink.exe V6.10.1
Library Manager: ArmAr.exe V6.10.1
Hex Converter:   FromElf.exe V6.10.1
CPU DLL:         SARMCM3.DLL V5.26.2.0
Dialog DLL:      DCM.DLL V1.17.2.0
Target DLL:      STLink\ST-LINKIII-KEIL_SWO.dll V3.0.5.0
Dialog DLL:      TCM.DLL V1.36.1.0
 
<h2>Project:</h2>
D:\STM32 lib\Project_Car_Vel\USER\WhuFlyCar.uvprojx
Project File Date:  04/15/2023

<h2>Output:</h2>
*** Using Compiler 'V6.10.1', folder: 'D:\Keil\ARM\ARMCLANG\Bin'
Rebuild target 'WhuFlyCar'
compiling stm32f10x_it.c...
compiling sys.c...
compiling delay.c...
compiling Basic.cpp...
compiling system_stm32f10x.c...
compiling main.cpp...
compiling Font.cpp...
compiling TimeBase.cpp...
assembling startup_stm32f10x_hd.s...
compiling Commulink.cpp...
compiling GUI_Images.cpp...
compiling usart.c...
compiling misc.c...
compiling stm32f10x_adc.c...
compiling stm32f10x_bkp.c...
compiling GUI.cpp...
compiling stm32f10x_cec.c...
compiling stm32f10x_can.c...
compiling stm32f10x_crc.c...
compiling stm32f10x_dac.c...
compiling stm32f10x_dbgmcu.c...
compiling stm32f10x_dma.c...
compiling stm32f10x_exti.c...
compiling stm32f10x_fsmc.c...
compiling stm32f10x_flash.c...
compiling stm32f10x_gpio.c...
compiling stm32f10x_i2c.c...
compiling stm32f10x_iwdg.c...
compiling stm32f10x_pwr.c...
compiling stm32f10x_rtc.c...
compiling stm32f10x_rcc.c...
compiling stm32f10x_sdio.c...
compiling stm32f10x_spi.c...
compiling stm32f10x_usart.c...
compiling stm32f10x_tim.c...
compiling stm32f10x_wwdg.c...
compiling drv_LED.cpp...
compiling drv_Main.cpp...
compiling inv_mpu_dmp_motion_driver.c...
compiling drv_Key.cpp...
compiling drv_LCD.cpp...
compiling drv_Sensors.cpp...
compiling drv_PWMOut.cpp...
compiling inv_mpu.c...
compiling drv_ExtIIC.cpp...
compiling drv_Trumpet.cpp...
compiling drv_MPU6050.cpp...
compiling drv_Encoder.cpp...
compiling drv_Uart1.cpp...
compiling drv_Uart2.cpp...
compiling DataScop_DP.cpp...
compiling drv_Uart3.cpp...
compiling drv_Uart4.cpp...
compiling drv_ADC.cpp...
compiling Filter.hpp...
compiling Control.hpp...
compiling Show.cpp...
linking...
Program Size: Code=30922 RO-data=20310 RW-data=68 ZI-data=1856  
FromELF: creating hex file...
"..\OBJ\WhuFlyCar.axf" - 0 Error(s), 0 Warning(s).

<h2>Software Packages used:</h2>

Package Vendor: Keil
                http://www.keil.com/pack/Keil.STM32F1xx_DFP.2.4.0.pack
                Keil.STM32F1xx_DFP.2.4.0
                STMicroelectronics STM32F1 Series Device Support, Drivers and Examples

<h2>Collection of Component include folders:</h2>
  .\RTE\_WhuFlyCar
  D:\Keil\ARM\PACK\Keil\STM32F1xx_DFP\2.4.0\Device\Include

<h2>Collection of Component Files used:</h2>
Build Time Elapsed:  00:00:06
</pre>
</body>
</html>
