<html>
<body>
<pre>
<h1>µVision Build Log</h1>
<h2>Tool Versions:</h2>
IDE-Version: ¦ÌVision V5.26.2.0
Copyright (C) 2018 ARM Ltd and ARM Germany GmbH. All rights reserved.
License Information: 1 2995250328@qq.com, 1, LIC=9WSKC-79AI7-TGB7T-RCHQF-39TM0-KAGNI
 
Tool Versions:
Toolchain:       MDK-ARM Plus  Version: 5.26.2.0
Toolchain Path:  D:\Keil\ARM\ARMCLANG\Bin
C Compiler:      ArmClang.exe V6.10.1
Assembler:       Armasm.exe V6.10.1
Linker/Locator:  ArmLink.exe V6.10.1
Library Manager: ArmAr.exe V6.10.1
Hex Converter:   FromElf.exe V6.10.1
CPU DLL:         SARMCM3.DLL V5.26.2.0
Dialog DLL:      DCM.DLL V1.17.2.0
Target DLL:      UL2CM3.DLL V1.161.6.0
Dialog DLL:      TCM.DLL V1.36.1.0
 
<h2>Project:</h2>
D:\Keil\project\STM32 lib\Drug\USER\WhuFlyCar.uvprojx
Project File Date:  08/18/2023

<h2>Output:</h2>
*** Using Compiler 'V6.10.1', folder: 'D:\Keil\ARM\ARMCLANG\Bin'
Build target 'WhuFlyCar'
../SYSTEM/delay/delay.c(1): warning: In file included from...
../SYSTEM/delay/delay.h(3): warning: In file included from...
../SYSTEM/sys\sys.h(67): warning: redefinition of typedef 'u8' is a C11 feature [-Wtypedef-redefinition]
typedef unsigned          char u8;
                               ^
../USER\stm32f10x.h(505): note: previous definition is here
typedef uint8_t  u8;
                 ^
../SYSTEM/delay/delay.c(1): warning: In file included from...
../SYSTEM/delay/delay.h(3): warning: In file included from...
../SYSTEM/sys\sys.h(68): warning: redefinition of typedef 'u16' is a C11 feature [-Wtypedef-redefinition]
typedef unsigned short     int u16;
                               ^
../USER\stm32f10x.h(504): note: previous definition is here
typedef uint16_t u16;
                 ^
../SYSTEM/delay/delay.c(1): warning: In file included from...
../SYSTEM/delay/delay.h(3): warning: In file included from...
../SYSTEM/sys\sys.h(69): warning: redefinition of typedef 'u32' is a C11 feature [-Wtypedef-redefinition]
typedef unsigned           int u32;
                               ^
../USER\stm32f10x.h(503): note: previous definition is here
typedef uint32_t  u32;
                  ^
3 warnings generated.
compiling delay.c...
compiling stm32f10x_crc.c...
compiling drv_LED.cpp...
compiling stm32f10x_can.c...
assembling startup_stm32f10x_hd.s...
compiling stm32f10x_dac.c...
../SYSTEM/usart/usart.c(1): warning: In file included from...
../SYSTEM/sys\sys.h(67): warning: redefinition of typedef 'u8' is a C11 feature [-Wtypedef-redefinition]
typedef unsigned          char u8;
                               ^
../USER\stm32f10x.h(505): note: previous definition is here
typedef uint8_t  u8;
                 ^
../SYSTEM/usart/usart.c(1): warning: In file included from...
../SYSTEM/sys\sys.h(68): warning: redefinition of typedef 'u16' is a C11 feature [-Wtypedef-redefinition]
typedef unsigned short     int u16;
                               ^
../USER\stm32f10x.h(504): note: previous definition is here
typedef uint16_t u16;
                 ^
../SYSTEM/usart/usart.c(1): warning: In file included from...
../SYSTEM/sys\sys.h(69): warning: redefinition of typedef 'u32' is a C11 feature [-Wtypedef-redefinition]
typedef unsigned           int u32;
                               ^
../USER\stm32f10x.h(503): note: previous definition is here
typedef uint32_t  u32;
                  ^
3 warnings generated.
compiling usart.c...
compiling stm32f10x_gpio.c...
compiling main.cpp...
../SYSTEM/sys/sys.c(1): warning: In file included from...
../SYSTEM/sys/sys.h(67): warning: redefinition of typedef 'u8' is a C11 feature [-Wtypedef-redefinition]
typedef unsigned          char u8;
                               ^
../USER\stm32f10x.h(505): note: previous definition is here
typedef uint8_t  u8;
                 ^
../SYSTEM/sys/sys.c(1): warning: In file included from...
../SYSTEM/sys/sys.h(68): warning: redefinition of typedef 'u16' is a C11 feature [-Wtypedef-redefinition]
typedef unsigned short     int u16;
                               ^
../USER\stm32f10x.h(504): note: previous definition is here
typedef uint16_t u16;
                 ^
../SYSTEM/sys/sys.c(1): warning: In file included from...
../SYSTEM/sys/sys.h(69): warning: redefinition of typedef 'u32' is a C11 feature [-Wtypedef-redefinition]
typedef unsigned           int u32;
                               ^
../USER\stm32f10x.h(503): note: previous definition is here
typedef uint32_t  u32;
                  ^
3 warnings generated.
compiling sys.c...
compiling stm32f10x_bkp.c...
compiling stm32f10x_dbgmcu.c...
compiling stm32f10x_rtc.c...
compiling stm32f10x_exti.c...
compiling stm32f10x_fsmc.c...
compiling stm32f10x_it.c...
compiling system_stm32f10x.c...
compiling misc.c...
compiling stm32f10x_sdio.c...
compiling stm32f10x_usart.c...
compiling stm32f10x_pwr.c...
compiling stm32f10x_wwdg.c...
compiling stm32f10x_iwdg.c...
compiling stm32f10x_dma.c...
compiling stm32f10x_cec.c...
compiling stm32f10x_adc.c...
compiling stm32f10x_i2c.c...
compiling stm32f10x_spi.c...
compiling stm32f10x_flash.c...
compiling stm32f10x_rcc.c...
compiling stm32f10x_tim.c...
compiling drv_Main.cpp...
compiling drv_LCD.cpp...
compiling drv_Beep.cpp...
compiling drv_ADC.cpp...
compiling drv_Key.cpp...
compiling drv_ExtIIC.cpp...
compiling drv_Encoder.cpp...
compiling drv_PWMOut.cpp...
compiling drv_MPU6050.cpp...
compiling drv_Sensors.cpp...
compiling drv_Encoder_exti.cpp...
compiling drv_OpenMV.cpp...
compiling drv_Timer2.cpp...
compiling matrix.c...
compiling drv_K210.cpp...
compiling drv_Check.cpp...
compiling Basic.cpp...
compiling drv_Trumpet.cpp...
compiling drv_Blooth.cpp...
compiling Font.cpp...
../HARDWARE/led.c(1): warning: In file included from...
../HARDWARE/led.h(3): warning: In file included from...
../SYSTEM/sys\sys.h(67): warning: redefinition of typedef 'u8' is a C11 feature [-Wtypedef-redefinition]
typedef unsigned          char u8;
                               ^
../USER\stm32f10x.h(505): note: previous definition is here
typedef uint8_t  u8;
                 ^
../HARDWARE/led.c(1): warning: In file included from...
../HARDWARE/led.h(3): warning: In file included from...
../SYSTEM/sys\sys.h(68): warning: redefinition of typedef 'u16' is a C11 feature [-Wtypedef-redefinition]
typedef unsigned short     int u16;
                               ^
../USER\stm32f10x.h(504): note: previous definition is here
typedef uint16_t u16;
                 ^
../HARDWARE/led.c(1): warning: In file included from...
../HARDWARE/led.h(3): warning: In file included from...
../SYSTEM/sys\sys.h(69): warning: redefinition of typedef 'u32' is a C11 feature [-Wtypedef-redefinition]
typedef unsigned           int u32;
                               ^
../USER\stm32f10x.h(503): note: previous definition is here
typedef uint32_t  u32;
                  ^
3 warnings generated.
compiling led.c...
compiling GUI.cpp...
compiling Datascop_DP.cpp...
../Filter/Filter.c(3): warning: In file included from...
../Drivers\drv_MPU6050.hpp(7): warning: In file included from...
../SYSTEM/sys\sys.h(67): warning: redefinition of typedef 'u8' is a C11 feature [-Wtypedef-redefinition]
typedef unsigned          char u8;
                               ^
../USER\stm32f10x.h(505): note: previous definition is here
typedef uint8_t  u8;
                 ^
../Filter/Filter.c(3): warning: In file included from...
../Drivers\drv_MPU6050.hpp(7): warning: In file included from...
../SYSTEM/sys\sys.h(68): warning: redefinition of typedef 'u16' is a C11 feature [-Wtypedef-redefinition]
typedef unsigned short     int u16;
                               ^
../USER\stm32f10x.h(504): note: previous definition is here
typedef uint16_t u16;
                 ^
../Filter/Filter.c(3): warning: In file included from...
../Drivers\drv_MPU6050.hpp(7): warning: In file included from...
../SYSTEM/sys\sys.h(69): warning: redefinition of typedef 'u32' is a C11 feature [-Wtypedef-redefinition]
typedef unsigned           int u32;
                               ^
../USER\stm32f10x.h(503): note: previous definition is here
typedef uint32_t  u32;
                  ^
3 warnings generated.
compiling Filter.c...
compiling Show.cpp...
compiling Commulink.cpp...
compiling Control.cpp...
../DMP/inv_mpu_dmp_motion_driver.c(26): warning: In file included from...
../SYSTEM/delay\delay.h(3): warning: In file included from...
../SYSTEM/sys\sys.h(67): warning: redefinition of typedef 'u8' is a C11 feature [-Wtypedef-redefinition]
typedef unsigned          char u8;
                               ^
../USER\stm32f10x.h(505): note: previous definition is here
typedef uint8_t  u8;
                 ^
../DMP/inv_mpu_dmp_motion_driver.c(26): warning: In file included from...
../SYSTEM/delay\delay.h(3): warning: In file included from...
../SYSTEM/sys\sys.h(68): warning: redefinition of typedef 'u16' is a C11 feature [-Wtypedef-redefinition]
typedef unsigned short     int u16;
                               ^
../USER\stm32f10x.h(504): note: previous definition is here
typedef uint16_t u16;
                 ^
../DMP/inv_mpu_dmp_motion_driver.c(26): warning: In file included from...
../SYSTEM/delay\delay.h(3): warning: In file included from...
../SYSTEM/sys\sys.h(69): warning: redefinition of typedef 'u32' is a C11 feature [-Wtypedef-redefinition]
typedef unsigned           int u32;
                               ^
../USER\stm32f10x.h(503): note: previous definition is here
typedef uint32_t  u32;
                  ^
3 warnings generated.
compiling inv_mpu_dmp_motion_driver.c...
../DMP/inv_mpu.c(27): warning: In file included from...
../Drivers\drv_MPU6050.hpp(7): warning: In file included from...
../SYSTEM/sys\sys.h(67): warning: redefinition of typedef 'u8' is a C11 feature [-Wtypedef-redefinition]
typedef unsigned          char u8;
                               ^
../USER\stm32f10x.h(505): note: previous definition is here
typedef uint8_t  u8;
                 ^
../DMP/inv_mpu.c(27): warning: In file included from...
../Drivers\drv_MPU6050.hpp(7): warning: In file included from...
../SYSTEM/sys\sys.h(68): warning: redefinition of typedef 'u16' is a C11 feature [-Wtypedef-redefinition]
typedef unsigned short     int u16;
                               ^
../USER\stm32f10x.h(504): note: previous definition is here
typedef uint16_t u16;
                 ^
../DMP/inv_mpu.c(27): warning: In file included from...
../Drivers\drv_MPU6050.hpp(7): warning: In file included from...
../SYSTEM/sys\sys.h(69): warning: redefinition of typedef 'u32' is a C11 feature [-Wtypedef-redefinition]
typedef unsigned           int u32;
                               ^
../USER\stm32f10x.h(503): note: previous definition is here
typedef uint32_t  u32;
                  ^
3 warnings generated.
compiling inv_mpu.c...
compiling GUI_Images.cpp...
linking...
Program Size: Code=15222 RO-data=13674 RW-data=88 ZI-data=1984  
FromELF: creating hex file...
"..\OBJ\WhuFlyCar.axf" - 0 Error(s), 21 Warning(s).

<h2>Software Packages used:</h2>

Package Vendor: Keil
                http://www.keil.com/pack/Keil.STM32F1xx_DFP.2.4.0.pack
                Keil.STM32F1xx_DFP.2.4.0
                STMicroelectronics STM32F1 Series Device Support, Drivers and Examples

<h2>Collection of Component include folders:</h2>
  .\RTE\_WhuFlyCar
  D:\Keil\Keil\STM32F1xx_DFP\2.4.0\Device\Include

<h2>Collection of Component Files used:</h2>
Build Time Elapsed:  00:00:03
</pre>
</body>
</html>
